Component: ARM Compiler 5.06 update 5 (build 528) Tool: armlink [4d35e2]

==============================================================================

Section Cross References

    main.o(i.main) refers to sys.o(i.Cache_Enable) for Cache_Enable
    main.o(i.main) refers to mpu.o(i.MPU_Memory_Protection) for MPU_Memory_Protection
    main.o(i.main) refers to stm32f7xx_hal.o(i.HAL_Init) for HAL_Init
    main.o(i.main) refers to sys.o(i.Stm32_Clock_Init) for Stm32_Clock_Init
    main.o(i.main) refers to delay.o(i.delay_init) for delay_init
    main.o(i.main) refers to usart.o(i.uart_init) for uart_init
    main.o(i.main) refers to led.o(i.LED_Init) for LED_Init
    main.o(i.main) refers to key.o(i.KEY_Init) for KEY_Init
    main.o(i.main) refers to sdram.o(i.SDRAM_Init) for SDRAM_Init
    main.o(i.main) refers to lcd.o(i.LCD_Init) for LCD_Init
    main.o(i.main) refers to pcf8574.o(i.PCF8574_Init) for PCF8574_Init
    main.o(i.main) refers to w25qxx.o(i.W25QXX_Init) for W25QXX_Init
    main.o(i.main) refers to malloc.o(i.my_mem_init) for my_mem_init
    main.o(i.main) refers to exfuns.o(i.exfuns_init) for exfuns_init
    main.o(i.main) refers to ff.o(i.f_mount) for f_mount
    main.o(i.main) refers to fontupd.o(i.font_init) for font_init
    main.o(i.main) refers to lcd.o(i.LCD_ShowString) for LCD_ShowString
    main.o(i.main) refers to delay.o(i.delay_ms) for delay_ms
    main.o(i.main) refers to lcd.o(i.LCD_Fill) for LCD_Fill
    main.o(i.main) refers to text.o(i.Show_Str) for Show_Str
    main.o(i.main) refers to ff.o(i.f_mkdir) for f_mkdir
    main.o(i.main) refers to malloc.o(i.mymalloc) for mymalloc
    main.o(i.main) refers to mt9v034.o(i.mt9v034_context_configuration) for mt9v034_context_configuration
    main.o(i.main) refers to lcd.o(i.LCD_ShowxNum) for LCD_ShowxNum
    main.o(i.main) refers to lcd.o(i.LCD_Set_Window) for LCD_Set_Window
    main.o(i.main) refers to dcmi.o(i.DCMI_Init) for DCMI_Init
    main.o(i.main) refers to dcmi.o(i.DCMI_DMA_Init) for DCMI_DMA_Init
    main.o(i.main) refers to dcmi.o(i.DCMI_Start) for DCMI_Start
    main.o(i.main) refers to stm32f7xx_hal_gpio.o(i.HAL_GPIO_TogglePin) for HAL_GPIO_TogglePin
    main.o(i.main) refers to usmart_config.o(.data) for usmart_dev
    main.o(i.main) refers to exfuns.o(.bss) for fs
    main.o(i.main) refers to lcd.o(.data) for POINT_COLOR
    main.o(i.main) refers to main.o(.data) for .data
    main.o(i.main) refers to mt9v034.o(.data) for version
    main.o(i.raw_data_process) refers to dcmi.o(i.DCMI_Stop) for DCMI_Stop
    main.o(i.raw_data_process) refers to lcd.o(i.LCD_SetCursor) for LCD_SetCursor
    main.o(i.raw_data_process) refers to lcd.o(i.LCD_WriteRAM_Prepare) for LCD_WriteRAM_Prepare
    main.o(i.raw_data_process) refers to dcmi.o(i.DCMI_Start) for DCMI_Start
    main.o(i.raw_data_process) refers to main.o(.data) for .data
    main.o(i.raw_data_process) refers to mt9v034.o(.data) for MT9V034_Width
    main.o(i.raw_data_process) refers to dcmi.o(.data) for Frame_Flag
    main.o(i.sw_ov5640_mode) refers to ov5640.o(i.OV5640_WR_Reg) for OV5640_WR_Reg
    main.o(i.sw_ov5640_mode) refers to stm32f7xx_hal_gpio.o(i.HAL_GPIO_Init) for HAL_GPIO_Init
    stm32f7xx_it.o(i.SysTick_Handler) refers to stm32f7xx_hal.o(i.HAL_IncTick) for HAL_IncTick
    system_stm32f7xx.o(i.SystemCoreClockUpdate) refers to system_stm32f7xx.o(.data) for .data
    system_stm32f7xx.o(i.SystemCoreClockUpdate) refers to system_stm32f7xx.o(.constdata) for .constdata
    startup_stm32f767xx.o(STACK) refers (Special) to heapauxi.o(.text) for __use_two_region_memory
    startup_stm32f767xx.o(HEAP) refers (Special) to heapauxi.o(.text) for __use_two_region_memory
    startup_stm32f767xx.o(RESET) refers (Special) to heapauxi.o(.text) for __use_two_region_memory
    startup_stm32f767xx.o(RESET) refers to startup_stm32f767xx.o(STACK) for __initial_sp
    startup_stm32f767xx.o(RESET) refers to startup_stm32f767xx.o(.text) for Reset_Handler
    startup_stm32f767xx.o(RESET) refers to stm32f7xx_it.o(i.NMI_Handler) for NMI_Handler
    startup_stm32f767xx.o(RESET) refers to stm32f7xx_it.o(i.HardFault_Handler) for HardFault_Handler
    startup_stm32f767xx.o(RESET) refers to mpu.o(i.MemManage_Handler) for MemManage_Handler
    startup_stm32f767xx.o(RESET) refers to stm32f7xx_it.o(i.BusFault_Handler) for BusFault_Handler
    startup_stm32f767xx.o(RESET) refers to stm32f7xx_it.o(i.UsageFault_Handler) for UsageFault_Handler
    startup_stm32f767xx.o(RESET) refers to stm32f7xx_it.o(i.SVC_Handler) for SVC_Handler
    startup_stm32f767xx.o(RESET) refers to stm32f7xx_it.o(i.DebugMon_Handler) for DebugMon_Handler
    startup_stm32f767xx.o(RESET) refers to stm32f7xx_it.o(i.PendSV_Handler) for PendSV_Handler
    startup_stm32f767xx.o(RESET) refers to stm32f7xx_it.o(i.SysTick_Handler) for SysTick_Handler
    startup_stm32f767xx.o(RESET) refers to timer.o(i.TIM3_IRQHandler) for TIM3_IRQHandler
    startup_stm32f767xx.o(RESET) refers to usmart.o(i.TIM4_IRQHandler) for TIM4_IRQHandler
[...]
    HAL_DMA_Abort_IT                         0x0800261d   Thumb Code    36  stm32f7xx_hal_dma.o(i.HAL_DMA_Abort_IT)
    HAL_DMA_DeInit                           0x08002641   Thumb Code   126  stm32f7xx_hal_dma.o(i.HAL_DMA_DeInit)
    HAL_DMA_Init                             0x080026c9   Thumb Code   376  stm32f7xx_hal_dma.o(i.HAL_DMA_Init)
    HAL_DMA_Start_IT                         0x0800284d   Thumb Code   156  stm32f7xx_hal_dma.o(i.HAL_DMA_Start_IT)
    HAL_Delay                                0x080028e9   Thumb Code    22  stm32f7xx_hal.o(i.HAL_Delay)
    HAL_GPIO_Init                            0x08002901   Thumb Code   580  stm32f7xx_hal_gpio.o(i.HAL_GPIO_Init)
    HAL_GPIO_ReadPin                         0x08002b59   Thumb Code    10  stm32f7xx_hal_gpio.o(i.HAL_GPIO_ReadPin)
    HAL_GPIO_TogglePin                       0x08002b63   Thumb Code     8  stm32f7xx_hal_gpio.o(i.HAL_GPIO_TogglePin)
    HAL_GPIO_WritePin                        0x08002b6b   Thumb Code    10  stm32f7xx_hal_gpio.o(i.HAL_GPIO_WritePin)
    HAL_GetTick                              0x08002b75   Thumb Code     6  stm32f7xx_hal.o(i.HAL_GetTick)
    HAL_IncTick                              0x08002b81   Thumb Code    10  stm32f7xx_hal.o(i.HAL_IncTick)
    HAL_Init                                 0x08002b91   Thumb Code    32  stm32f7xx_hal.o(i.HAL_Init)
    HAL_InitTick                             0x08002bb5   Thumb Code    34  stm32f7xx_hal.o(i.HAL_InitTick)
    HAL_LTDC_ConfigLayer                     0x08002bdd   Thumb Code    88  stm32f7xx_hal_ltdc.o(i.HAL_LTDC_ConfigLayer)
    HAL_LTDC_Init                            0x08002c35   Thumb Code   282  stm32f7xx_hal_ltdc.o(i.HAL_LTDC_Init)
    HAL_LTDC_MspInit                         0x08002d55   Thumb Code   212  ltdc.o(i.HAL_LTDC_MspInit)
    HAL_LTDC_SetWindowPosition               0x08002e45   Thumb Code    86  stm32f7xx_hal_ltdc.o(i.HAL_LTDC_SetWindowPosition)
    HAL_LTDC_SetWindowSize                   0x08002e9b   Thumb Code    84  stm32f7xx_hal_ltdc.o(i.HAL_LTDC_SetWindowSize)
    HAL_MPU_ConfigRegion                     0x08002ef1   Thumb Code    92  stm32f7xx_hal_cortex.o(i.HAL_MPU_ConfigRegion)
    HAL_MspInit                              0x08002f51   Thumb Code     2  stm32f7xx_hal.o(i.HAL_MspInit)
    HAL_NAND_Init                            0x08002f53   Thumb Code    82  stm32f7xx_hal_nand.o(i.HAL_NAND_Init)
    HAL_NAND_MspInit                         0x08002fa5   Thumb Code   152  nand.o(i.HAL_NAND_MspInit)
    HAL_NVIC_EnableIRQ                       0x08003051   Thumb Code    24  stm32f7xx_hal_cortex.o(i.HAL_NVIC_EnableIRQ)
    HAL_NVIC_SetPriority                     0x08003069   Thumb Code    92  stm32f7xx_hal_cortex.o(i.HAL_NVIC_SetPriority)
    HAL_NVIC_SetPriorityGrouping             0x080030c9   Thumb Code    30  stm32f7xx_hal_cortex.o(i.HAL_NVIC_SetPriorityGrouping)
    HAL_PWREx_EnableOverDrive                0x080030ed   Thumb Code   116  stm32f7xx_hal_pwr_ex.o(i.HAL_PWREx_EnableOverDrive)
    HAL_QSPI_Command                         0x08003169   Thumb Code   146  stm32f7xx_hal_qspi.o(i.HAL_QSPI_Command)
    HAL_QSPI_Init                            0x080031fd   Thumb Code   200  stm32f7xx_hal_qspi.o(i.HAL_QSPI_Init)
    HAL_QSPI_MspInit                         0x080032c9   Thumb Code   134  qspi.o(i.HAL_QSPI_MspInit)
    HAL_QSPI_Receive                         0x08003361   Thumb Code   198  stm32f7xx_hal_qspi.o(i.HAL_QSPI_Receive)
    HAL_QSPI_Transmit                        0x08003429   Thumb Code   190  stm32f7xx_hal_qspi.o(i.HAL_QSPI_Transmit)
    HAL_RCCEx_PeriphCLKConfig                0x080034e9   Thumb Code  1928  stm32f7xx_hal_rcc_ex.o(i.HAL_RCCEx_PeriphCLKConfig)
    HAL_RCC_ClockConfig                      0x08003c7d   Thumb Code   492  stm32f7xx_hal_rcc.o(i.HAL_RCC_ClockConfig)
    HAL_RCC_GetPCLK1Freq                     0x08003e89   Thumb Code    34  stm32f7xx_hal_rcc.o(i.HAL_RCC_GetPCLK1Freq)
    HAL_RCC_GetPCLK2Freq                     0x08003eb9   Thumb Code    34  stm32f7xx_hal_rcc.o(i.HAL_RCC_GetPCLK2Freq)
    HAL_RCC_GetSysClockFreq                  0x08003ee9   Thumb Code   136  stm32f7xx_hal_rcc.o(i.HAL_RCC_GetSysClockFreq)
    HAL_RCC_OscConfig                        0x08003f81   Thumb Code   994  stm32f7xx_hal_rcc_ex.o(i.HAL_RCC_OscConfig)
    HAL_SDRAM_Init                           0x08004379   Thumb Code    66  stm32f7xx_hal_sdram.o(i.HAL_SDRAM_Init)
    HAL_SDRAM_MspInit                        0x080043bd   Thumb Code   192  sdram.o(i.HAL_SDRAM_MspInit)
    HAL_SDRAM_ProgramRefreshRate             0x08004499   Thumb Code    36  stm32f7xx_hal_sdram.o(i.HAL_SDRAM_ProgramRefreshRate)
    HAL_SDRAM_SendCommand                    0x080044bd   Thumb Code    46  stm32f7xx_hal_sdram.o(i.HAL_SDRAM_SendCommand)
    HAL_SD_Get_CardInfo                      0x080044ed   Thumb Code   724  stm32f7xx_hal_sd.o(i.HAL_SD_Get_CardInfo)
    HAL_SD_Init                              0x080047c1   Thumb Code  1016  stm32f7xx_hal_sd.o(i.HAL_SD_Init)
    HAL_SD_MspInit                           0x08004bb9   Thumb Code   118  sdmmc_sdcard.o(i.HAL_SD_MspInit)
    HAL_SD_ReadBlocks                        0x08004c41   Thumb Code   464  stm32f7xx_hal_sd.o(i.HAL_SD_ReadBlocks)
    HAL_SD_WideBusOperation_Config           0x08004e11   Thumb Code   316  stm32f7xx_hal_sd.o(i.HAL_SD_WideBusOperation_Config)
    HAL_SD_WriteBlocks                       0x08004f4d   Thumb Code   576  stm32f7xx_hal_sd.o(i.HAL_SD_WriteBlocks)
    HAL_SRAM_Init                            0x0800518d   Thumb Code    86  stm32f7xx_hal_sram.o(i.HAL_SRAM_Init)
    HAL_SRAM_MspInit                         0x080051e5   Thumb Code   104  lcd.o(i.HAL_SRAM_MspInit)
    HAL_SYSTICK_CLKSourceConfig              0x0800525d   Thumb Code    22  stm32f7xx_hal_cortex.o(i.HAL_SYSTICK_CLKSourceConfig)
    HAL_SYSTICK_Config                       0x08005275   Thumb Code    36  stm32f7xx_hal_cortex.o(i.HAL_SYSTICK_Config)
    HAL_TIMEx_BreakCallback                  0x0800529d   Thumb Code     2  stm32f7xx_hal_tim_ex.o(i.HAL_TIMEx_BreakCallback)
    HAL_TIMEx_CommutationCallback            0x0800529f   Thumb Code     2  stm32f7xx_hal_tim_ex.o(i.HAL_TIMEx_CommutationCallback)
    HAL_TIM_Base_Init                        0x080052a1   Thumb Code    50  stm32f7xx_hal_tim.o(i.HAL_TIM_Base_Init)
    HAL_TIM_Base_MspInit                     0x080052d5   Thumb Code    40  timer.o(i.HAL_TIM_Base_MspInit)
    HAL_TIM_Base_Start_IT                    0x08005301   Thumb Code    24  stm32f7xx_hal_tim.o(i.HAL_TIM_Base_Start_IT)
    HAL_TIM_IC_CaptureCallback               0x08005319   Thumb Code     2  stm32f7xx_hal_tim.o(i.HAL_TIM_IC_CaptureCallback)
    HAL_TIM_IRQHandler                       0x0800531b   Thumb Code   388  stm32f7xx_hal_tim.o(i.HAL_TIM_IRQHandler)
    HAL_TIM_OC_DelayElapsedCallback          0x0800549f   Thumb Code     2  stm32f7xx_hal_tim.o(i.HAL_TIM_OC_DelayElapsedCallback)
    HAL_TIM_PWM_ConfigChannel                0x080054a1   Thumb Code   454  stm32f7xx_hal_tim_ex.o(i.HAL_TIM_PWM_ConfigChannel)
    HAL_TIM_PWM_Init                         0x08005671   Thumb Code    54  stm32f7xx_hal_tim.o(i.HAL_TIM_PWM_Init)
    HAL_TIM_PWM_MspInit                      0x080056a7   Thumb Code     2  mt9v034.o(i.HAL_TIM_PWM_MspInit)
    HAL_TIM_PWM_PulseFinishedCallback        0x080056a9   Thumb Code     2  stm32f7xx_hal_tim.o(i.HAL_TIM_PWM_PulseFinishedCallback)
    HAL_TIM_PWM_Start                        0x080056ab   Thumb Code    64  stm32f7xx_hal_tim.o(i.HAL_TIM_PWM_Start)
    HAL_TIM_PeriodElapsedCallback            0x080056ed   Thumb Code    26  timer.o(i.HAL_TIM_PeriodElapsedCallback)
    HAL_TIM_TriggerCallback                  0x0800571d   Thumb Code     2  stm32f7xx_hal_tim.o(i.HAL_TIM_TriggerCallback)
    HAL_UART_ErrorCallback                   0x0800571f   Thumb Code     2  stm32f7xx_hal_uart.o(i.HAL_UART_ErrorCallback)
    HAL_UART_IRQHandler                      0x08005721   Thumb Code   676  stm32f7xx_hal_uart.o(i.HAL_UART_IRQHandler)
    HAL_UART_Init                            0x080059c9   Thumb Code   110  stm32f7xx_hal_uart.o(i.HAL_UART_Init)
    HAL_UART_MspInit                         0x08005a39   Thumb Code   128  usart.o(i.HAL_UART_MspInit)
    HAL_UART_Receive                         0x08005ac5   Thumb Code   330  stm32f7xx_hal_uart.o(i.HAL_UART_Receive)
    HAL_UART_RxCpltCallback                  0x08005c0f   Thumb Code     2  stm32f7xx_hal_uart.o(i.HAL_UART_RxCpltCallback)
    HAL_UART_TxCpltCallback                  0x08005c11   Thumb Code     2  stm32f7xx_hal_uart.o(i.HAL_UART_TxCpltCallback)
    HardFault_Handler                        0x08005c13   Thumb Code     2  stm32f7xx_it.o(i.HardFault_Handler)
    IIC_Init                                 0x08005c15   Thumb Code    70  myiic.o(i.IIC_Init)
    IIC_Read_Byte                            0x08005c65   Thumb Code   228  myiic.o(i.IIC_Read_Byte)
    IIC_Send_Byte                            0x08005d4d   Thumb Code   116  myiic.o(i.IIC_Send_Byte)
    IIC_Start                                0x08005dc5   Thumb Code    76  myiic.o(i.IIC_Start)
    IIC_Stop                                 0x08005e15   Thumb Code    76  myiic.o(i.IIC_Stop)
    IIC_Wait_Ack                             0x08005e65   Thumb Code   168  myiic.o(i.IIC_Wait_Ack)
    KEY_Init                                 0x08005f11   Thumb Code   112  key.o(i.KEY_Init)
    LCD_Clear                                0x08005f91   Thumb Code    82  lcd.o(i.LCD_Clear)
    LCD_Display_Dir                          0x08005ff5   Thumb Code   252  lcd.o(i.LCD_Display_Dir)
    LCD_Fast_DrawPoint                       0x080060f9   Thumb Code   594  lcd.o(i.LCD_Fast_DrawPoint)
    LCD_Fill                                 0x08006359   Thumb Code   124  lcd.o(i.LCD_Fill)
    LCD_Init                                 0x080063e1   Thumb Code 19412  lcd.o(i.LCD_Init)
    LCD_Scan_Dir                             0x0800afd1   Thumb Code   790  lcd.o(i.LCD_Scan_Dir)
    LCD_SetCursor                            0x0800b2f1   Thumb Code   692  lcd.o(i.LCD_SetCursor)
    LCD_Set_Window                           0x0800b5ad   Thumb Code   894  lcd.o(i.LCD_Set_Window)
    LCD_ShowChar                             0x0800b935   Thumb Code   292  lcd.o(i.LCD_ShowChar)
    LCD_ShowString                           0x0800ba65   Thumb Code    98  lcd.o(i.LCD_ShowString)
    LCD_ShowxNum                             0x0800bac9   Thumb Code   198  lcd.o(i.LCD_ShowxNum)
    LCD_WriteRAM_Prepare                     0x0800bb95   Thumb Code    10  lcd.o(i.LCD_WriteRAM_Prepare)
    LED_Init                                 0x0800bba9   Thumb Code    68  led.o(i.LED_Init)
    LTDC_Clear                               0x0800bbf5   Thumb Code    28  ltdc.o(i.LTDC_Clear)
    LTDC_Display_Dir                         0x0800bc15   Thumb Code    34  ltdc.o(i.LTDC_Display_Dir)
    LTDC_Draw_Point                          0x0800bc3d   Thumb Code    60  ltdc.o(i.LTDC_Draw_Point)
    LTDC_Fill                                0x0800bc81   Thumb Code   180  ltdc.o(i.LTDC_Fill)
    LTDC_Init                                0x0800bd45   Thumb Code   620  ltdc.o(i.LTDC_Init)
    LTDC_PanelID_Read                        0x0800bfd9   Thumb Code   172  ltdc.o(i.LTDC_PanelID_Read)
    MPU_Memory_Protection                    0x0800c26f   Thumb Code    54  mpu.o(i.MPU_Memory_Protection)
    MPU_Set_Protection                       0x0800c2a5   Thumb Code   100  mpu.o(i.MPU_Set_Protection)
    MemManage_Handler                        0x0800c311   Thumb Code    64  mpu.o(i.MemManage_Handler)
    NAND_CopyPageWithWrite                   0x0800c389   Thumb Code   462  nand.o(i.NAND_CopyPageWithWrite)
    NAND_CopyPageWithoutWrite                0x0800c565   Thumb Code   116  nand.o(i.NAND_CopyPageWithoutWrite)
    NAND_Delay                               0x0800c5e5   Thumb Code    90  nand.o(i.NAND_Delay)
    NAND_ECC_Correction                      0x0800c641   Thumb Code   298  nand.o(i.NAND_ECC_Correction)
    NAND_EraseBlock                          0x0800c799   Thumb Code    64  nand.o(i.NAND_EraseBlock)
    NAND_Init                                0x0800c7ed   Thumb Code   344  nand.o(i.NAND_Init)
    NAND_ReadPage                            0x0800c979   Thumb Code   868  nand.o(i.NAND_ReadPage)
    NAND_ReadPageComp                        0x0800cd39   Thumb Code   120  nand.o(i.NAND_ReadPageComp)
    NAND_ReadSpare                           0x0800cdb9   Thumb Code    36  nand.o(i.NAND_ReadSpare)
    NAND_WaitForReady                        0x0800cde1   Thumb Code   126  nand.o(i.NAND_WaitForReady)
    NAND_WaitRB                              0x0800ce69   Thumb Code    74  nand.o(i.NAND_WaitRB)
    NAND_WritePage                           0x0800ceb9   Thumb Code   360  nand.o(i.NAND_WritePage)
    NAND_WritePageConst                      0x0800d02d   Thumb Code    86  nand.o(i.NAND_WritePageConst)
    NAND_WriteSpare                          0x0800d08d   Thumb Code    40  nand.o(i.NAND_WriteSpare)
    NMI_Handler                              0x0800d0b9   Thumb Code     2  stm32f7xx_it.o(i.NMI_Handler)
    OV5640_Brightness                        0x0800d0bb   Thumb Code    88  ov5640.o(i.OV5640_Brightness)
    OV5640_Color_Saturation                  0x0800d115   Thumb Code   120  ov5640.o(i.OV5640_Color_Saturation)
    OV5640_Contrast                          0x0800d191   Thumb Code   108  ov5640.o(i.OV5640_Contrast)
    OV5640_Flash_Ctrl                        0x0800d1fd   Thumb Code    54  ov5640.o(i.OV5640_Flash_Ctrl)
    OV5640_Focus_Constant                    0x0800d235   Thumb Code   194  ov5640.o(i.OV5640_Focus_Constant)
    OV5640_Focus_Init                        0x0800d2f9   Thumb Code   222  ov5640.o(i.OV5640_Focus_Init)
    OV5640_Focus_Single                      0x0800d3dd   Thumb Code    92  ov5640.o(i.OV5640_Focus_Single)
    OV5640_ImageWin_Set                      0x0800d439   Thumb Code   140  ov5640.o(i.OV5640_ImageWin_Set)
    OV5640_Light_Mode                        0x0800d4c5   Thumb Code    66  ov5640.o(i.OV5640_Light_Mode)
    OV5640_OutSize_Set                       0x0800d50d   Thumb Code   128  ov5640.o(i.OV5640_OutSize_Set)
    OV5640_PWDN_Set                          0x0800d58d   Thumb Code     8  ov5640.o(i.OV5640_PWDN_Set)
    OV5640_RD_Reg                            0x0800d595   Thumb Code    58  ov5640.o(i.OV5640_RD_Reg)
    OV5640_Sharpness                         0x0800d5cf   Thumb Code   126  ov5640.o(i.OV5640_Sharpness)
    OV5640_Special_Effects                   0x0800d64d   Thumb Code    86  ov5640.o(i.OV5640_Special_Effects)
    OV5640_Test_Pattern                      0x0800d6a9   Thumb Code    42  ov5640.o(i.OV5640_Test_Pattern)
    OV5640_WR_Reg                            0x0800d6d3   Thumb Code    68  ov5640.o(i.OV5640_WR_Reg)
    PCF8574_Init                             0x0800d719   Thumb Code   110  pcf8574.o(i.PCF8574_Init)
    PCF8574_WriteBit                         0x0800d791   Thumb Code    86  pcf8574.o(i.PCF8574_WriteBit)
    PendSV_Handler                           0x0800d7e7   Thumb Code     2  stm32f7xx_it.o(i.PendSV_Handler)
    QSPI_Init                                0x0800da39   Thumb Code    58  qspi.o(i.QSPI_Init)
    QSPI_Receive                             0x0800da7d   Thumb Code    30  qspi.o(i.QSPI_Receive)
    QSPI_Send_CMD                            0x0800daa1   Thumb Code    58  qspi.o(i.QSPI_Send_CMD)
    QSPI_Transmit                            0x0800dae1   Thumb Code    30  qspi.o(i.QSPI_Transmit)
    SCCB_Init                                0x0800db5d   Thumb Code    52  sccb.o(i.SCCB_Init)
    SCCB_No_Ack                              0x0800db99   Thumb Code    72  sccb.o(i.SCCB_No_Ack)
    SCCB_RD_Byte                             0x0800dbe5   Thumb Code   100  sccb.o(i.SCCB_RD_Byte)
    SCCB_Start                               0x0800dc4d   Thumb Code    60  sccb.o(i.SCCB_Start)
    SCCB_Stop                                0x0800dc8d   Thumb Code    56  sccb.o(i.SCCB_Stop)
    SCCB_WR_Byte                             0x0800dcc9   Thumb Code   160  sccb.o(i.SCCB_WR_Byte)
    SDMMC_DataConfig                         0x0800dd6d   Thumb Code    46  stm32f7xx_ll_sdmmc.o(i.SDMMC_DataConfig)
    SDMMC_GetCommandResponse                 0x0800dd9b   Thumb Code     6  stm32f7xx_ll_sdmmc.o(i.SDMMC_GetCommandResponse)
    SDMMC_GetPowerState                      0x0800dda1   Thumb Code     8  stm32f7xx_ll_sdmmc.o(i.SDMMC_GetPowerState)
    SDMMC_GetResponse                        0x0800dda9   Thumb Code    14  stm32f7xx_ll_sdmmc.o(i.SDMMC_GetResponse)
    SDMMC_Init                               0x0800ddb7   Thumb Code    42  stm32f7xx_ll_sdmmc.o(i.SDMMC_Init)
    SDMMC_PowerState_ON                      0x0800dde1   Thumb Code     8  stm32f7xx_ll_sdmmc.o(i.SDMMC_PowerState_ON)
    SDMMC_ReadFIFO                           0x0800dde9   Thumb Code     6  stm32f7xx_ll_sdmmc.o(i.SDMMC_ReadFIFO)
    SDMMC_SendCommand                        0x0800ddef   Thumb Code    42  stm32f7xx_ll_sdmmc.o(i.SDMMC_SendCommand)
    SDMMC_WriteFIFO                          0x0800de19   Thumb Code    10  stm32f7xx_ll_sdmmc.o(i.SDMMC_WriteFIFO)
    SDRAM_Init                               0x0800de25   Thumb Code    92  sdram.o(i.SDRAM_Init)
    SDRAM_Initialization_Sequence            0x0800de89   Thumb Code   136  sdram.o(i.SDRAM_Initialization_Sequence)
    SD_Init                                  0x0800e159   Thumb Code    56  sdmmc_sdcard.o(i.SD_Init)
    SD_ReadDisk                              0x0800e309   Thumb Code   126  sdmmc_sdcard.o(i.SD_ReadDisk)
    SD_WriteDisk                             0x0800e391   Thumb Code   128  sdmmc_sdcard.o(i.SD_WriteDisk)
    SVC_Handler                              0x0800e419   Thumb Code     2  stm32f7xx_it.o(i.SVC_Handler)
    Show_Str                                 0x0800e41d   Thumb Code   408  text.o(i.Show_Str)
    Stm32_Clock_Init                         0x0800e5bd   Thumb Code   144  sys.o(i.Stm32_Clock_Init)
    SysTick_Handler                          0x0800e655   Thumb Code     4  stm32f7xx_it.o(i.SysTick_Handler)
    SystemInit                               0x0800e659   Thumb Code    76  system_stm32f7xx.o(i.SystemInit)
    TIM3_IRQHandler                          0x0800e6b9   Thumb Code     6  timer.o(i.TIM3_IRQHandler)
    TIM4_IRQHandler                          0x0800e6c5   Thumb Code    44  usmart.o(i.TIM4_IRQHandler)
    TIM_Base_SetConfig                       0x0800e6f9   Thumb Code   176  stm32f7xx_hal_tim.o(i.TIM_Base_SetConfig)
    TIM_OC1_SetConfig                        0x0800e7bd   Thumb Code   102  stm32f7xx_hal_tim.o(i.TIM_OC1_SetConfig)
    TIM_OC2_SetConfig                        0x0800e823   Thumb Code   108  stm32f7xx_hal_tim.o(i.TIM_OC2_SetConfig)
    TIM_OC3_SetConfig                        0x0800e88f   Thumb Code   108  stm32f7xx_hal_tim.o(i.TIM_OC3_SetConfig)
    TIM_OC4_SetConfig                        0x0800e8fb   Thumb Code    88  stm32f7xx_hal_tim.o(i.TIM_OC4_SetConfig)
    UART_AdvFeatureConfig                    0x0800e953   Thumb Code   218  stm32f7xx_hal_uart.o(i.UART_AdvFeatureConfig)
    UART_CheckIdleState                      0x0800ea2d   Thumb Code    96  stm32f7xx_hal_uart.o(i.UART_CheckIdleState)
    UART_SetConfig                           0x0800eaa1   Thumb Code   682  stm32f7xx_hal_uart.o(i.UART_SetConfig)
    UART_WaitOnFlagUntilTimeout              0x0800ed5d   Thumb Code   118  stm32f7xx_hal_uart.o(i.UART_WaitOnFlagUntilTimeout)
    USART1_IRQHandler                        0x0800edd5   Thumb Code   108  usart.o(i.USART1_IRQHandler)
    UsageFault_Handler                       0x0800ee4d   Thumb Code     2  stm32f7xx_it.o(i.UsageFault_Handler)
    W25QXX_Init                              0x0800ee51   Thumb Code   250  w25qxx.o(i.W25QXX_Init)
    W25QXX_Read                              0x0800ef51   Thumb Code    50  w25qxx.o(i.W25QXX_Read)
    W25QXX_ReadSR                            0x0800ef85   Thumb Code   100  w25qxx.o(i.W25QXX_ReadSR)
    W25QXX_Wait_Busy                         0x0800efed   Thumb Code    80  w25qxx.o(i.W25QXX_Wait_Busy)
    W25QXX_Write                             0x0800f041   Thumb Code   420  w25qxx.o(i.W25QXX_Write)
    W25QXX_Write_Enable                      0x0800f1e9   Thumb Code    60  w25qxx.o(i.W25QXX_Write_Enable)
    __ARM_common_memclr4_10                  0x0800f229   Thumb Code    10  usmart_str.o(i.__ARM_common_memclr4_10)
    _is_digit                                0x0800f233   Thumb Code    14  __printf_wp.o(i._is_digit)
    _sys_exit                                0x0800f241   Thumb Code     2  usart.o(i._sys_exit)
    delay_init                               0x0800f411   Thumb Code    16  delay.o(i.delay_init)
    delay_ms                                 0x0800f425   Thumb Code    68  delay.o(i.delay_ms)
    delay_us                                 0x0800f46d   Thumb Code    50  delay.o(i.delay_us)
    dir_sdi                                  0x08010001   Thumb Code   168  ff.o(i.dir_sdi)
    disk_initialize                          0x080100a9   Thumb Code    40  diskio.o(i.disk_initialize)
    disk_ioctl                               0x080100d1   Thumb Code   178  diskio.o(i.disk_ioctl)
    disk_read                                0x0801018d   Thumb Code   108  diskio.o(i.disk_read)
    disk_status                              0x080101f9   Thumb Code     4  diskio.o(i.disk_status)
    disk_write                               0x080101fd   Thumb Code   108  diskio.o(i.disk_write)
    exfuns_init                              0x08010269   Thumb Code    98  exfuns.o(i.exfuns_init)
    f_mkdir                                  0x080102d5   Thumb Code   696  ff.o(i.f_mkdir)
    f_mount                                  0x0801058d   Thumb Code   120  ff.o(i.f_mount)
    ff_convert                               0x08010609   Thumb Code   130  mycc936.o(i.ff_convert)
    ff_memalloc                              0x08010691   Thumb Code     8  diskio.o(i.ff_memalloc)
    ff_memfree                               0x08010699   Thumb Code     8  diskio.o(i.ff_memfree)
    ff_wtoupper                              0x080106a1   Thumb Code    30  mycc936.o(i.ff_wtoupper)
    font_init                                0x0801105d   Thumb Code    56  fontupd.o(i.font_init)
    fputc                                    0x08011099   Thumb Code    16  usart.o(i.fputc)
    get_fattime                              0x08011213   Thumb Code     4  diskio.o(i.get_fattime)
    main                                     0x08011371   Thumb Code   676  main.o(i.main)
    mt9v034_ReadReg16                        0x080117d1   Thumb Code   100  mt9v034.o(i.mt9v034_ReadReg16)
    mt9v034_WriteReg16                       0x08011835   Thumb Code   112  mt9v034.o(i.mt9v034_WriteReg16)
    mt9v034_context_configuration            0x080118a5   Thumb Code   414  mt9v034.o(i.mt9v034_context_configuration)
    my_mem_init                              0x08011a59   Thumb Code    52  malloc.o(i.my_mem_init)
    my_mem_malloc                            0x08011a95   Thumb Code   190  malloc.o(i.my_mem_malloc)
    my_mem_perused                           0x08011b61   Thumb Code    54  malloc.o(i.my_mem_perused)
    myfree                                   0x08011ba1   Thumb Code   114  malloc.o(i.myfree)
    mymalloc                                 0x08011c21   Thumb Code    30  malloc.o(i.mymalloc)
    raw_data_process                         0x08011d7d   Thumb Code   102  main.o(i.raw_data_process)
    read_addr                                0x08011df9   Thumb Code     4  usmart.o(i.read_addr)
    uart_init                                0x0801212d   Thumb Code    32  usart.o(i.uart_init)
    usmart_cmd_rec                           0x08012155   Thumb Code   172  usmart.o(i.usmart_cmd_rec)
    usmart_exe                               0x08012205   Thumb Code   634  usmart.o(i.usmart_exe)
    usmart_get_aparm                         0x080124e9   Thumb Code   182  usmart_str.o(i.usmart_get_aparm)
    usmart_get_cmdname                       0x080125a1   Thumb Code    74  usmart_str.o(i.usmart_get_cmdname)
    usmart_get_fname                         0x080125ed   Thumb Code   430  usmart_str.o(i.usmart_get_fname)
    usmart_get_fparam                        0x080127a5   Thumb Code   776  usmart_str.o(i.usmart_get_fparam)
    usmart_get_parmpos                       0x08012ab5   Thumb Code    84  usmart_str.o(i.usmart_get_parmpos)
    usmart_init                              0x08012b0d   Thumb Code    92  usmart.o(i.usmart_init)
    usmart_scan                              0x08012b79   Thumb Code   102  usmart.o(i.usmart_scan)
    usmart_str2num                           0x08012c25   Thumb Code   278  usmart_str.o(i.usmart_str2num)
    usmart_strcmp                            0x08012d3b   Thumb Code    26  usmart_str.o(i.usmart_strcmp)
    usmart_sys_cmd_exe                       0x08012d55   Thumb Code  1488  usmart.o(i.usmart_sys_cmd_exe)
    write_addr                               0x080133f1   Thumb Code     4  usmart.o(i.write_addr)
    __aeabi_d2uiz                            0x080133f5   Thumb Code     0  dfixu.o(x$fpl$dfixu)
    _dfixu                                   0x080133f5   Thumb Code    90  dfixu.o(x$fpl$dfixu)
    __fpl_dnaninf                            0x0801344f   Thumb Code   156  dnaninf.o(x$fpl$dnaninf)
    _fp_init                                 0x080134eb   Thumb Code    10  fpinit.o(x$fpl$fpinit)
    __fplib_config_fpu_vfp                   0x080134f3   Thumb Code     0  fpinit.o(x$fpl$fpinit)
    __fplib_config_pureend_doubles           0x080134f3   Thumb Code     0  fpinit.o(x$fpl$fpinit)
    AHBPrescTable                            0x080134f4   Data          16  system_stm32f7xx.o(.constdata)
    __I$use$fp                               0x080134f4   Number         0  usenofp.o(x$fpl$usenofp)
    APBPrescTable                            0x08013504   Data           8  system_stm32f7xx.o(.constdata)
    asc2_1206                                0x08013514   Data        1140  lcd.o(.constdata)
    asc2_1608                                0x08013988   Data        1520  lcd.o(.constdata)
    asc2_2412                                0x08013f78   Data        3420  lcd.o(.constdata)
    asc2_3216                                0x08014cd4   Data       12160  lcd.o(.constdata)
    OV5640_jpeg_reg_tbl                      0x08017c54   Data         164  ov5640.o(.constdata)
    ov5640_rgb565_reg_tbl                    0x08017cf8   Data         180  ov5640.o(.constdata)
    ov5640_uxga_init_reg_tbl                 0x08017dac   Data         828  ov5640.o(.constdata)
    OV5640_AF_Config                         0x080180e8   Data        4077  ov5640.o(.constdata)
    memtblsize                               0x08019138   Data          12  malloc.o(.constdata)
    memblksize                               0x08019144   Data          12  malloc.o(.constdata)
    memsize                                  0x08019150   Data          12  malloc.o(.constdata)
    Region$$Table$$Base                      0x080198c0   Number         0  anon$$obj.o(Region$$Table)
    Region$$Table$$Limit                     0x080198e0   Number         0  anon$$obj.o(Region$$Table)
    mem3base                                 0x20000000   Data       61440  malloc.o(.ARM.__AT_0x20000000)
    mem3mapbase                              0x2000f000   Data        3840  malloc.o(.ARM.__AT_0x2000F000)
    startX                                   0x20020000   Data           4  main.o(.data)
    startY                                   0x20020004   Data           4  main.o(.data)
    endX                                     0x20020008   Data           4  main.o(.data)
    endY                                     0x2002000c   Data           4  main.o(.data)
    jpeg_data_buf                            0x20020010   Data           4  main.o(.data)
    display_i                                0x20020014   Data           4  main.o(.data)
    dcmi_line_buf                            0x20020018   Data           8  main.o(.data)
    SystemCoreClock                          0x20020020   Data           4  system_stm32f7xx.o(.data)
    uwTick                                   0x20020024   Data           4  stm32f7xx_hal.o(.data)
    USART_RX_STA                             0x2002002c   Data           2  usart.o(.data)
    __stdout                                 0x20020030   Data           4  usart.o(.data)
    POINT_COLOR                              0x20020034   Data           4  lcd.o(.data)
    BACK_COLOR                               0x20020038   Data           4  lcd.o(.data)
    ltdc_framebuf                            0x2002003c   Data           8  ltdc.o(.data)
    W25QXX_QPI_MODE                          0x20020048   Data           1  w25qxx.o(.data)
    W25QXX_TYPE                              0x2002004a   Data           2  w25qxx.o(.data)
    ov_frame                                 0x2002004c   Data           1  dcmi.o(.data)
    Frame_Flag                               0x2002004d   Data           1  dcmi.o(.data)
    version                                  0x20020050   Data           2  mt9v034.o(.data)
    width                                    0x20020052   Data           2  mt9v034.o(.data)
    height                                   0x20020054   Data           2  mt9v034.o(.data)
    temp_w                                   0x20020056   Data           2  mt9v034.o(.data)
    temp_h                                   0x20020058   Data           2  mt9v034.o(.data)
    temp_col_s                               0x2002005a   Data           2  mt9v034.o(.data)
    temp_row_s                               0x2002005c   Data           2  mt9v034.o(.data)
    temp_chip                                0x2002005e   Data           2  mt9v034.o(.data)
    temp_read                                0x20020060   Data           2  mt9v034.o(.data)
    temp_gain                                0x20020062   Data           2  mt9v034.o(.data)
    temp_operation_mode                      0x20020064   Data           2  mt9v034.o(.data)
    tclk                                     0x20020068   Data           4  mt9v034.o(.data)
    period                                   0x2002006c   Data           4  mt9v034.o(.data)
    MT9V034_Width                            0x20020070   Data           4  mt9v034.o(.data)
    MT9V034_height                           0x20020074   Data           4  mt9v034.o(.data)
    sys_cmd_tab                              0x20020078   Data          28  usmart.o(.data)
    usmart_nametab                           0x20020094   Data         160  usmart_config.o(.data)
    usmart_dev                               0x20020134   Data         244  usmart_config.o(.data)
    mallco_dev                               0x20020228   Data          36  malloc.o(.data)
    file                                     0x20020250   Data           4  exfuns.o(.data)
    ftemp                                    0x20020254   Data           4  exfuns.o(.data)
    fatbuf                                   0x20020258   Data           4  exfuns.o(.data)
    USART_RX_BUF                             0x2002025c   Data         200  usart.o(.bss)
    UART1_Handler                            0x20020324   Data         112  usart.o(.bss)
    SDRAM_Handler                            0x20020394   Data          52  sdram.o(.bss)
    SRAM_Handler                             0x200203c8   Data          76  lcd.o(.bss)
    lcddev                                   0x20020414   Data          14  lcd.o(.bss)
    LTDC_Handler                             0x20020424   Data         168  ltdc.o(.bss)
    lcdltdc                                  0x200204cc   Data          32  ltdc.o(.bss)
    NAND_Handler                             0x200204ec   Data          56  nand.o(.bss)
    nand_dev                                 0x20020524   Data          92  nand.o(.bss)
    SDCARD_Handler                           0x20020580   Data          96  sdmmc_sdcard.o(.bss)
    SDCardInfo                               0x200205e0   Data          88  sdmmc_sdcard.o(.bss)
    SDIO_DATA_BUFFER                         0x20020638   Data         512  sdmmc_sdcard.o(.bss)
    W25QXX_BUFFER                            0x20020838   Data        4096  w25qxx.o(.bss)
    QSPI_Handler                             0x20021838   Data          68  qspi.o(.bss)
    DCMI_Handler                             0x2002187c   Data          80  dcmi.o(.bss)
    DMADMCI_Handler                          0x200218cc   Data          96  dcmi.o(.bss)
    TIM3_Handler                             0x2002192c   Data          60  timer.o(.bss)
    TIM4_Handler                             0x20021968   Data          60  usmart.o(.bss)
    mem1base                                 0x200219c0   Data       307200  malloc.o(.bss)
    mem1mapbase                              0x2006c9c0   Data       19200  malloc.o(.bss)
    fs                                       0x200714cc   Data          12  exfuns.o(.bss)
    ftinfo                                   0x200714d8   Data          41  fontupd.o(.bss)
    __libspace_start                         0x20071504   Data          96  libspace.o(.bss)
    __temporary_stack_top$libspace           0x20071564   Data           0  libspace.o(.bss)
    ltdc_lcd_framebuf                        0xc0000000   Data       2048000  ltdc.o(.ARM.__AT_0xC0000000)
    mem2base                                 0xc01f4000   Data       29605888  malloc.o(.ARM.__AT_0xC01F4000)
    mem2mapbase                              0xc1e30000   Data       1850368  malloc.o(.ARM.__AT_0xC1E30000)



==============================================================================

Memory Map of the image

  Image Entry point : 0x080001f9

  Load Region LR_IROM1 (Base: 0x08000000, Size: 0x00019b3c, Max: 0x00100000, ABSOLUTE, COMPRESSED[0x000199c8])

    Execution Region ER_IROM1 (Exec base: 0x08000000, Load base: 0x08000000, Size: 0x000198e0, Max: 0x00100000, ABSOLUTE)

    Exec Addr    Load Addr    Size         Type   Attr      Idx    E Section Name        Object

    0x08000000   0x08000000   0x000001f8   Data   RO          637    RESET               startup_stm32f767xx.o
    0x080001f8   0x080001f8   0x00000008   Code   RO         8144  * !!!main             c_w.l(__main.o)
    0x08000200   0x08000200   0x00000034   Code   RO         8346    !!!scatter          c_w.l(__scatter.o)
    0x08000234   0x08000234   0x0000005a   Code   RO         8344    !!dczerorl2         c_w.l(__dczerorl2.o)
    0x0800028e   0x0800028e   0x00000002   PAD
    0x08000290   0x08000290   0x0000001c   Code   RO         8348    !!handler_zi        c_w.l(__scatter_zi.o)
    0x080002ac   0x080002ac   0x00000000   Code   RO         8124    .ARM.Collect$$_printf_percent$$00000000  c_w.l(_printf_percent.o)
    0x080002ac   0x080002ac   0x00000006   Code   RO         8122    .ARM.Collect$$_printf_percent$$00000009  c_w.l(_printf_d.o)
    0x080002b2   0x080002b2   0x00000006   Code   RO         8123    .ARM.Collect$$_printf_percent$$0000000A  c_w.l(_printf_u.o)
    0x080002b8   0x080002b8   0x00000006   Code   RO         8121    .ARM.Collect$$_printf_percent$$0000000C  c_w.l(_printf_x.o)
    0x080002be   0x080002be   0x00000006   Code   RO         8119    .ARM.Collect$$_printf_percent$$00000013  c_w.l(_printf_c.o)
    0x080002c4   0x080002c4   0x00000006   Code   RO         8120    .ARM.Collect$$_printf_percent$$00000014  c_w.l(_printf_s.o)
    0x080002ca   0x080002ca   0x00000004   Code   RO         8173    .ARM.Collect$$_printf_percent$$00000017  c_w.l(_printf_percent_end.o)
    0x080002ce   0x080002ce   0x00000002   Code   RO         8218    .ARM.Collect$$libinit$$00000000  c_w.l(libinit.o)
    0x080002d0   0x080002d0   0x00000004   Code   RO         8230    .ARM.Collect$$libinit$$00000001  c_w.l(libinit2.o)
    0x080002d4   0x080002d4   0x00000000   Code   RO         8233    .ARM.Collect$$libinit$$00000004  c_w.l(libinit2.o)
    0x080002d4   0x080002d4   0x00000000   Code   RO         8236    .ARM.Collect$$libinit$$0000000A  c_w.l(libinit2.o)
    0x080002d4   0x080002d4   0x00000000   Code   RO         8238    .ARM.Collect$$libinit$$0000000C  c_w.l(libinit2.o)
    0x080002d4   0x080002d4   0x00000000   Code   RO         8240    .ARM.Collect$$libinit$$0000000E  c_w.l(libinit2.o)
    0x080002d4   0x080002d4   0x00000000   Code   RO         8243    .ARM.Collect$$libinit$$00000011  c_w.l(libinit2.o)
    0x080002d4   0x080002d4   0x00000000   Code   RO         8245    .ARM.Collect$$libinit$$00000013  c_w.l(libinit2.o)
    0x080002d4   0x080002d4   0x00000000   Code   RO         8247    .ARM.Collect$$libinit$$00000015  c_w.l(libinit2.o)
    0x080002d4   0x080002d4   0x00000000   Code   RO         8249    .ARM.Collect$$libinit$$00000017  c_w.l(libinit2.o)
    0x080002d4   0x080002d4   0x00000000   Code   RO         8251    .ARM.Collect$$libinit$$00000019  c_w.l(libinit2.o)
    0x080002d4   0x080002d4   0x00000000   Code   RO         8253    .ARM.Collect$$libinit$$0000001B  c_w.l(libinit2.o)
    0x080002d4   0x080002d4   0x00000000   Code   RO         8255    .ARM.Collect$$libinit$$0000001D  c_w.l(libinit2.o)
    0x080002d4   0x080002d4   0x00000000   Code   RO         8257    .ARM.Collect$$libinit$$0000001F  c_w.l(libinit2.o)
    0x080002d4   0x080002d4   0x00000000   Code   RO         8259    .ARM.Collect$$libinit$$00000021  c_w.l(libinit2.o)
    0x080002d4   0x080002d4   0x00000000   Code   RO         8261    .ARM.Collect$$libinit$$00000023  c_w.l(libinit2.o)
    0x080002d4   0x080002d4   0x00000000   Code   RO         8263    .ARM.Collect$$libinit$$00000025  c_w.l(libinit2.o)
    0x080002d4   0x080002d4   0x00000000   Code   RO         8267    .ARM.Collect$$libinit$$0000002C  c_w.l(libinit2.o)
    0x080002d4   0x080002d4   0x00000000   Code   RO         8269    .ARM.Collect$$libinit$$0000002E  c_w.l(libinit2.o)
    0x080002d4   0x080002d4   0x00000000   Code   RO         8271    .ARM.Collect$$libinit$$00000030  c_w.l(libinit2.o)
    0x080002d4   0x080002d4   0x00000000   Code   RO         8273    .ARM.Collect$$libinit$$00000032  c_w.l(libinit2.o)
    0x080002d4   0x080002d4   0x00000002   Code   RO         8274    .ARM.Collect$$libinit$$00000033  c_w.l(libinit2.o)
    0x080002d6   0x080002d6   0x00000002   Code   RO         8300    .ARM.Collect$$libshutdown$$00000000  c_w.l(libshutdown.o)
    0x080002d8   0x080002d8   0x00000000   Code   RO         8327    .ARM.Collect$$libshutdown$$00000002  c_w.l(libshutdown2.o)
    0x080002d8   0x080002d8   0x00000000   Code   RO         8329    .ARM.Collect$$libshutdown$$00000004  c_w.l(libshutdown2.o)
    0x080002d8   0x080002d8   0x00000000   Code   RO         8332    .ARM.Collect$$libshutdown$$00000007  c_w.l(libshutdown2.o)
    0x080002d8   0x080002d8   0x00000000   Code   RO         8335    .ARM.Collect$$libshutdown$$0000000A  c_w.l(libshutdown2.o)
    0x080002d8   0x080002d8   0x00000000   Code   RO         8337    .ARM.Collect$$libshutdown$$0000000C  c_w.l(libshutdown2.o)
    0x080002d8   0x080002d8   0x00000000   Code   RO         8340    .ARM.Collect$$libshutdown$$0000000F  c_w.l(libshutdown2.o)
    0x080002d8   0x080002d8   0x00000002   Code   RO         8341    .ARM.Collect$$libshutdown$$00000010  c_w.l(libshutdown2.o)
    0x080002da   0x080002da   0x00000000   Code   RO         8160    .ARM.Collect$$rtentry$$00000000  c_w.l(__rtentry.o)
    0x080002da   0x080002da   0x00000000   Code   RO         8181    .ARM.Collect$$rtentry$$00000002  c_w.l(__rtentry2.o)
    0x080002da   0x080002da   0x00000006   Code   RO         8193    .ARM.Collect$$rtentry$$00000004  c_w.l(__rtentry4.o)
    0x080002e0   0x080002e0   0x00000000   Code   RO         8183    .ARM.Collect$$rtentry$$00000009  c_w.l(__rtentry2.o)
    0x080002e0   0x080002e0   0x00000004   Code   RO         8184    .ARM.Collect$$rtentry$$0000000A  c_w.l(__rtentry2.o)
    0x080002e4   0x080002e4   0x00000000   Code   RO         8186    .ARM.Collect$$rtentry$$0000000C  c_w.l(__rtentry2.o)
    0x080002e4   0x080002e4   0x00000008   Code   RO         8187    .ARM.Collect$$rtentry$$0000000D  c_w.l(__rtentry2.o)
    0x080002ec   0x080002ec   0x00000002   Code   RO         8222    .ARM.Collect$$rtexit$$00000000  c_w.l(rtexit.o)
    0x080002ee   0x080002ee   0x00000000   Code   RO         8276    .ARM.Collect$$rtexit$$00000002  c_w.l(rtexit2.o)
    0x080002ee   0x080002ee   0x00000004   Code   RO         8277    .ARM.Collect$$rtexit$$00000003  c_w.l(rtexit2.o)
    0x080002f2   0x080002f2   0x00000006   Code   RO         8278    .ARM.Collect$$rtexit$$00000004  c_w.l(rtexit2.o)
    0x080002f8   0x080002f8   0x00000010   Code   RO         5011    .emb_text           sys.o
    0x08000308   0x08000308   0x00000040   Code   RO          638    .text               startup_stm32f767xx.o
    0x08000348   0x08000348   0x00000002   Code   RO         8060    .text               c_w.l(use_no_semi_2.o)
    0x0800034a   0x0800034a   0x00000002   PAD
    0x0800034c   0x0800034c   0x00000018   Code   RO         8066    .text               c_w.l(noretval__2printf.o)
    0x08000364   0x08000364   0x0000004e   Code   RO         8070    .text               c_w.l(_printf_pad.o)
    0x080003b2   0x080003b2   0x00000052   Code   RO         8072    .text               c_w.l(_printf_str.o)
    0x08000404   0x08000404   0x00000078   Code   RO         8074    .text               c_w.l(_printf_dec.o)
    0x0800047c   0x0800047c   0x00000058   Code   RO         8081    .text               c_w.l(_printf_hex_int.o)
    0x080004d4   0x080004d4   0x00000188   Code   RO         8116    .text               c_w.l(__printf_flags_ss_wp.o)
    0x0800065c   0x0800065c   0x0000008a   Code   RO         8132    .text               c_w.l(rt_memcpy_v6.o)
    0x080006e6   0x080006e6   0x00000064   Code   RO         8134    .text               c_w.l(rt_memcpy_w.o)
    0x0800074a   0x0800074a   0x00000044   Code   RO         8136    .text               c_w.l(rt_memclr.o)
    0x0800078e   0x0800078e   0x0000004e   Code   RO         8138    .text               c_w.l(rt_memclr_w.o)
    0x080007dc   0x080007dc   0x00000006   Code   RO         8142    .text               c_w.l(heapauxi.o)
    0x080007e2   0x080007e2   0x00000002   Code   RO         8158    .text               c_w.l(use_no_semi.o)
    0x080007e4   0x080007e4   0x000000b2   Code   RO         8167    .text               c_w.l(_printf_intcommon.o)
    0x08000896   0x08000896   0x0000002c   Code   RO         8169    .text               c_w.l(_printf_char.o)
    0x080008c2   0x080008c2   0x00000002   PAD
    0x080008c4   0x080008c4   0x00000024   Code   RO         8171    .text               c_w.l(_printf_char_file.o)
    0x080008e8   0x080008e8   0x00000030   Code   RO         8197    .text               c_w.l(_printf_char_common.o)
    0x08000918   0x08000918   0x00000008   Code   RO         8199    .text               c_w.l(ferror.o)
    0x08000920   0x08000920   0x0000004a   Code   RO         8203    .text               c_w.l(sys_stackheap_outer.o)
    0x0800096a   0x0800096a   0x00000012   Code   RO         8207    .text               c_w.l(exit.o)
    0x0800097c   0x0800097c   0x00000008   Code   RO         8219    .text               c_w.l(libspace.o)
    0x08000984   0x08000984   0x00000002   Code   RO          407    i.BusFault_Handler  stm32f7xx_it.o
    0x08000986   0x08000986   0x00000002   PAD
    0x08000988   0x08000988   0x0000008c   Code   RO         5012    i.Cache_Enable      sys.o
    0x08000a14   0x08000a14   0x00000044   Code   RO         6097    i.DCMI_CR_Set       dcmi.o
    0x08000a58   0x08000a58   0x00000020   Code   RO         4431    i.DCMI_DMAError     stm32f7xx_hal_dcmi.o
    0x08000a78   0x08000a78   0x00000098   Code   RO         4432    i.DCMI_DMAXferCplt  stm32f7xx_hal_dcmi.o
    0x08000b10   0x08000b10   0x000000ac   Code   RO         6098    i.DCMI_DMA_Init     dcmi.o
    0x08000bbc   0x08000bbc   0x0000000c   Code   RO         6099    i.DCMI_IRQHandler   dcmi.o
    0x08000bc8   0x08000bc8   0x00000050   Code   RO         6100    i.DCMI_Init         dcmi.o
    0x08000c18   0x08000c18   0x00000080   Code   RO         6101    i.DCMI_Set_Window   dcmi.o
    0x08000c98   0x08000c98   0x00000030   Code   RO         6102    i.DCMI_Start        dcmi.o
    0x08000cc8   0x08000cc8   0x00000028   Code   RO         6103    i.DCMI_Stop         dcmi.o
    0x08000cf0   0x08000cf0   0x000000cc   Code   RO         6104    i.DMA2_Stream1_IRQHandler  dcmi.o
    0x08000dbc   0x08000dbc   0x00000002   Code   RO          408    i.DebugMon_Handler  stm32f7xx_it.o
    0x08000dbe   0x08000dbe   0x00000024   Code   RO         3022    i.FMC_NAND_AttributeSpace_Timing_Init  stm32f7xx_ll_fmc.o
    0x08000de2   0x08000de2   0x00000024   Code   RO         3023    i.FMC_NAND_CommonSpace_Timing_Init  stm32f7xx_ll_fmc.o
    0x08000e06   0x08000e06   0x00000002   PAD
    0x08000e08   0x08000e08   0x0000003c   Code   RO         3028    i.FMC_NAND_Init     stm32f7xx_ll_fmc.o
    0x08000e44   0x08000e44   0x00000048   Code   RO         3030    i.FMC_NORSRAM_Extended_Timing_Init  stm32f7xx_ll_fmc.o
    0x08000e8c   0x08000e8c   0x000000a0   Code   RO         3031    i.FMC_NORSRAM_Init  stm32f7xx_ll_fmc.o
    0x08000f2c   0x08000f2c   0x00000070   Code   RO         3032    i.FMC_NORSRAM_Timing_Init  stm32f7xx_ll_fmc.o
    0x08000f9c   0x08000f9c   0x00000064   Code   RO         3037    i.FMC_SDRAM_Init    stm32f7xx_ll_fmc.o
    0x08001000   0x08001000   0x0000000c   Code   RO         3038    i.FMC_SDRAM_ProgramRefreshRate  stm32f7xx_ll_fmc.o
    0x0800100c   0x0800100c   0x00000052   Code   RO         3039    i.FMC_SDRAM_SendCommand  stm32f7xx_ll_fmc.o
    0x0800105e   0x0800105e   0x00000090   Code   RO         3041    i.FMC_SDRAM_Timing_Init  stm32f7xx_ll_fmc.o
    0x080010ee   0x080010ee   0x00000002   PAD
    0x080010f0   0x080010f0   0x000000f0   Code   RO         5567    i.FTL_BlockCompare  ftl.o
    0x080011e0   0x080011e0   0x0000010c   Code   RO         5569    i.FTL_CopyAndWriteToBlock  ftl.o
    0x080012ec   0x080012ec   0x000000e8   Code   RO         5570    i.FTL_CreateLUT     ftl.o
    0x080013d4   0x080013d4   0x000000c0   Code   RO         5571    i.FTL_FindSamePlaneUnusedBlock  ftl.o
    0x08001494   0x08001494   0x00000158   Code   RO         5573    i.FTL_Format        ftl.o
    0x080015ec   0x080015ec   0x000000e4   Code   RO         5574    i.FTL_Init          ftl.o
    0x080016d0   0x080016d0   0x00000164   Code   RO         5576    i.FTL_ReadSectors   ftl.o
    0x08001834   0x08001834   0x00000154   Code   RO         5579    i.FTL_WriteSectors  ftl.o
    0x08001988   0x08001988   0x000000dc   Code   RO         7651    i.Get_HzMat         text.o
    0x08001a64   0x08001a64   0x00000016   Code   RO         4434    i.HAL_DCMI_DeInit   stm32f7xx_hal_dcmi.o
    0x08001a7a   0x08001a7a   0x00000002   Code   RO         4437    i.HAL_DCMI_ErrorCallback  stm32f7xx_hal_dcmi.o
    0x08001a7c   0x08001a7c   0x00000034   Code   RO         6105    i.HAL_DCMI_FrameEventCallback  dcmi.o
    0x08001ab0   0x08001ab0   0x000000ac   Code   RO         4441    i.HAL_DCMI_IRQHandler  stm32f7xx_hal_dcmi.o
    0x08001b5c   0x08001b5c   0x000000c8   Code   RO         4442    i.HAL_DCMI_Init     stm32f7xx_hal_dcmi.o
    0x08001c24   0x08001c24   0x00000002   Code   RO         4443    i.HAL_DCMI_LineEventCallback  stm32f7xx_hal_dcmi.o
    0x08001c26   0x08001c26   0x00000002   Code   RO         4444    i.HAL_DCMI_MspDeInit  stm32f7xx_hal_dcmi.o
    0x08001c28   0x08001c28   0x000000ec   Code   RO         6106    i.HAL_DCMI_MspInit  dcmi.o
    0x08001d14   0x08001d14   0x000000e4   Code   RO         4447    i.HAL_DCMI_Start_DMA  stm32f7xx_hal_dcmi.o
    0x08001df8   0x08001df8   0x00000030   Code   RO         6107    i.HAL_DCMI_VsyncEventCallback  dcmi.o
    0x08001e28   0x08001e28   0x0000000e   Code   RO         1025    i.HAL_DMAEx_ChangeMemory  stm32f7xx_hal_dma_ex.o
    0x08001e36   0x08001e36   0x00000002   PAD
    0x08001e38   0x08001e38   0x000007e4   Code   RO         1027    i.HAL_DMAEx_MultiBufferStart_IT  stm32f7xx_hal_dma_ex.o
    0x0800261c   0x0800261c   0x00000024   Code   RO          935    i.HAL_DMA_Abort_IT  stm32f7xx_hal_dma.o
    0x08002640   0x08002640   0x00000088   Code   RO          936    i.HAL_DMA_DeInit    stm32f7xx_hal_dma.o
    0x080026c8   0x080026c8   0x00000184   Code   RO          940    i.HAL_DMA_Init      stm32f7xx_hal_dma.o
    0x0800284c   0x0800284c   0x0000009c   Code   RO          944    i.HAL_DMA_Start_IT  stm32f7xx_hal_dma.o
    0x080028e8   0x080028e8   0x00000016   Code   RO          652    i.HAL_Delay         stm32f7xx_hal.o
    0x080028fe   0x080028fe   0x00000002   PAD
    0x08002900   0x08002900   0x00000258   Code   RO         1260    i.HAL_GPIO_Init     stm32f7xx_hal_gpio.o
    0x08002b58   0x08002b58   0x0000000a   Code   RO         1262    i.HAL_GPIO_ReadPin  stm32f7xx_hal_gpio.o
    0x08002b62   0x08002b62   0x00000008   Code   RO         1263    i.HAL_GPIO_TogglePin  stm32f7xx_hal_gpio.o
    0x08002b6a   0x08002b6a   0x0000000a   Code   RO         1264    i.HAL_GPIO_WritePin  stm32f7xx_hal_gpio.o
    0x08002b74   0x08002b74   0x0000000c   Code   RO          662    i.HAL_GetTick       stm32f7xx_hal.o
    0x08002b80   0x08002b80   0x00000010   Code   RO          663    i.HAL_IncTick       stm32f7xx_hal.o
    0x08002b90   0x08002b90   0x00000024   Code   RO          664    i.HAL_Init          stm32f7xx_hal.o
    0x08002bb4   0x08002bb4   0x00000028   Code   RO          665    i.HAL_InitTick      stm32f7xx_hal.o
    0x08002bdc   0x08002bdc   0x00000058   Code   RO         3451    i.HAL_LTDC_ConfigLayer  stm32f7xx_hal_ltdc.o
    0x08002c34   0x08002c34   0x00000120   Code   RO         3468    i.HAL_LTDC_Init     stm32f7xx_hal_ltdc.o
    0x08002d54   0x08002d54   0x000000f0   Code   RO         5456    i.HAL_LTDC_MspInit  ltdc.o
    0x08002e44   0x08002e44   0x00000056   Code   RO         3483    i.HAL_LTDC_SetWindowPosition  stm32f7xx_hal_ltdc.o
    0x08002e9a   0x08002e9a   0x00000054   Code   RO         3485    i.HAL_LTDC_SetWindowSize  stm32f7xx_hal_ltdc.o
    0x08002eee   0x08002eee   0x00000002   PAD
    0x08002ef0   0x08002ef0   0x00000060   Code   RO          816    i.HAL_MPU_ConfigRegion  stm32f7xx_hal_cortex.o
    0x08002f50   0x08002f50   0x00000002   Code   RO          667    i.HAL_MspInit       stm32f7xx_hal.o
    0x08002f52   0x08002f52   0x00000052   Code   RO         4029    i.HAL_NAND_Init     stm32f7xx_hal_nand.o
    0x08002fa4   0x08002fa4   0x000000ac   Code   RO         5667    i.HAL_NAND_MspInit  nand.o
    0x08003050   0x08003050   0x00000018   Code   RO          819    i.HAL_NVIC_EnableIRQ  stm32f7xx_hal_cortex.o
    0x08003068   0x08003068   0x00000060   Code   RO          825    i.HAL_NVIC_SetPriority  stm32f7xx_hal_cortex.o
    0x080030c8   0x080030c8   0x00000024   Code   RO          826    i.HAL_NVIC_SetPriorityGrouping  stm32f7xx_hal_cortex.o
    0x080030ec   0x080030ec   0x0000007c   Code   RO         1453    i.HAL_PWREx_EnableOverDrive  stm32f7xx_hal_pwr_ex.o
    0x08003168   0x08003168   0x00000092   Code   RO         4182    i.HAL_QSPI_Command  stm32f7xx_hal_qspi.o
    0x080031fa   0x080031fa   0x00000002   PAD
    0x080031fc   0x080031fc   0x000000cc   Code   RO         4191    i.HAL_QSPI_Init     stm32f7xx_hal_qspi.o
    0x080032c8   0x080032c8   0x00000098   Code   RO         6043    i.HAL_QSPI_MspInit  qspi.o
    0x08003360   0x08003360   0x000000c6   Code   RO         4195    i.HAL_QSPI_Receive  stm32f7xx_hal_qspi.o
    0x08003426   0x08003426   0x00000002   PAD
    0x08003428   0x08003428   0x000000be   Code   RO         4204    i.HAL_QSPI_Transmit  stm32f7xx_hal_qspi.o
    0x080034e6   0x080034e6   0x00000002   PAD
    0x080034e8   0x080034e8   0x00000794   Code   RO         1642    i.HAL_RCCEx_PeriphCLKConfig  stm32f7xx_hal_rcc_ex.o
    0x08003c7c   0x08003c7c   0x0000020c   Code   RO         1540    i.HAL_RCC_ClockConfig  stm32f7xx_hal_rcc.o
    0x08003e88   0x08003e88   0x00000030   Code   RO         1547    i.HAL_RCC_GetPCLK1Freq  stm32f7xx_hal_rcc.o
    0x08003eb8   0x08003eb8   0x00000030   Code   RO         1548    i.HAL_RCC_GetPCLK2Freq  stm32f7xx_hal_rcc.o
    0x08003ee8   0x08003ee8   0x00000098   Code   RO         1549    i.HAL_RCC_GetSysClockFreq  stm32f7xx_hal_rcc.o
    0x08003f80   0x08003f80   0x000003f8   Code   RO         1643    i.HAL_RCC_OscConfig  stm32f7xx_hal_rcc_ex.o
    0x08004378   0x08004378   0x00000042   Code   RO         3298    i.HAL_SDRAM_Init    stm32f7xx_hal_sdram.o
    0x080043ba   0x080043ba   0x00000002   PAD
    0x080043bc   0x080043bc   0x000000dc   Code   RO         5179    i.HAL_SDRAM_MspInit  sdram.o
    0x08004498   0x08004498   0x00000024   Code   RO         3301    i.HAL_SDRAM_ProgramRefreshRate  stm32f7xx_hal_sdram.o
    0x080044bc   0x080044bc   0x0000002e   Code   RO         3307    i.HAL_SDRAM_SendCommand  stm32f7xx_hal_sdram.o
    0x080044ea   0x080044ea   0x00000002   PAD
    0x080044ec   0x080044ec   0x000002d4   Code   RO         3829    i.HAL_SD_Get_CardInfo  stm32f7xx_hal_sd.o
    0x080047c0   0x080047c0   0x000003f8   Code   RO         3832    i.HAL_SD_Init       stm32f7xx_hal_sd.o
    0x08004bb8   0x08004bb8   0x00000088   Code   RO         5877    i.HAL_SD_MspInit    sdmmc_sdcard.o
    0x08004c40   0x08004c40   0x000001d0   Code   RO         3835    i.HAL_SD_ReadBlocks  stm32f7xx_hal_sd.o
    0x08004e10   0x08004e10   0x0000013c   Code   RO         3839    i.HAL_SD_WideBusOperation_Config  stm32f7xx_hal_sd.o
    0x08004f4c   0x08004f4c   0x00000240   Code   RO         3840    i.HAL_SD_WriteBlocks  stm32f7xx_hal_sd.o
    0x0800518c   0x0800518c   0x00000056   Code   RO         3176    i.HAL_SRAM_Init     stm32f7xx_hal_sram.o
    0x080051e2   0x080051e2   0x00000002   PAD
    0x080051e4   0x080051e4   0x00000078   Code   RO         5236    i.HAL_SRAM_MspInit  lcd.o
    0x0800525c   0x0800525c   0x00000016   Code   RO          828    i.HAL_SYSTICK_CLKSourceConfig  stm32f7xx_hal_cortex.o
    0x08005272   0x08005272   0x00000002   PAD
    0x08005274   0x08005274   0x00000028   Code   RO          830    i.HAL_SYSTICK_Config  stm32f7xx_hal_cortex.o
    0x0800529c   0x0800529c   0x00000002   Code   RO         2758    i.HAL_TIMEx_BreakCallback  stm32f7xx_hal_tim_ex.o
    0x0800529e   0x0800529e   0x00000002   Code   RO         2759    i.HAL_TIMEx_CommutationCallback  stm32f7xx_hal_tim_ex.o
    0x080052a0   0x080052a0   0x00000032   Code   RO         2156    i.HAL_TIM_Base_Init  stm32f7xx_hal_tim.o
    0x080052d2   0x080052d2   0x00000002   PAD
    0x080052d4   0x080052d4   0x0000002c   Code   RO         6507    i.HAL_TIM_Base_MspInit  timer.o
    0x08005300   0x08005300   0x00000018   Code   RO         2161    i.HAL_TIM_Base_Start_IT  stm32f7xx_hal_tim.o
    0x08005318   0x08005318   0x00000002   Code   RO         2185    i.HAL_TIM_IC_CaptureCallback  stm32f7xx_hal_tim.o
    0x0800531a   0x0800531a   0x00000184   Code   RO         2198    i.HAL_TIM_IRQHandler  stm32f7xx_hal_tim.o
    0x0800549e   0x0800549e   0x00000002   Code   RO         2201    i.HAL_TIM_OC_DelayElapsedCallback  stm32f7xx_hal_tim.o
    0x080054a0   0x080054a0   0x000001d0   Code   RO         2797    i.HAL_TIM_PWM_ConfigChannel  stm32f7xx_hal_tim_ex.o
    0x08005670   0x08005670   0x00000036   Code   RO         2225    i.HAL_TIM_PWM_Init  stm32f7xx_hal_tim.o
    0x080056a6   0x080056a6   0x00000002   Code   RO         6596    i.HAL_TIM_PWM_MspInit  mt9v034.o
    0x080056a8   0x080056a8   0x00000002   Code   RO         2228    i.HAL_TIM_PWM_PulseFinishedCallback  stm32f7xx_hal_tim.o
    0x080056aa   0x080056aa   0x00000040   Code   RO         2229    i.HAL_TIM_PWM_Start  stm32f7xx_hal_tim.o
    0x080056ea   0x080056ea   0x00000002   PAD
    0x080056ec   0x080056ec   0x00000030   Code   RO         6508    i.HAL_TIM_PeriodElapsedCallback  timer.o
    0x0800571c   0x0800571c   0x00000002   Code   RO         2239    i.HAL_TIM_TriggerCallback  stm32f7xx_hal_tim.o
    0x0800571e   0x0800571e   0x00000002   Code   RO         1697    i.HAL_UART_ErrorCallback  stm32f7xx_hal_uart.o
    0x08005720   0x08005720   0x000002a8   Code   RO         1700    i.HAL_UART_IRQHandler  stm32f7xx_hal_uart.o
    0x080059c8   0x080059c8   0x0000006e   Code   RO         1701    i.HAL_UART_Init     stm32f7xx_hal_uart.o
    0x08005a36   0x08005a36   0x00000002   PAD
    0x08005a38   0x08005a38   0x0000008c   Code   RO         5061    i.HAL_UART_MspInit  usart.o
    0x08005ac4   0x08005ac4   0x0000014a   Code   RO         1704    i.HAL_UART_Receive  stm32f7xx_hal_uart.o
    0x08005c0e   0x08005c0e   0x00000002   Code   RO         1707    i.HAL_UART_RxCpltCallback  stm32f7xx_hal_uart.o
    0x08005c10   0x08005c10   0x00000002   Code   RO         1712    i.HAL_UART_TxCpltCallback  stm32f7xx_hal_uart.o
    0x08005c12   0x08005c12   0x00000002   Code   RO          409    i.HardFault_Handler  stm32f7xx_it.o
    0x08005c14   0x08005c14   0x00000050   Code   RO         6198    i.IIC_Init          myiic.o
    0x08005c64   0x08005c64   0x000000e8   Code   RO         6200    i.IIC_Read_Byte     myiic.o
    0x08005d4c   0x08005d4c   0x00000078   Code   RO         6201    i.IIC_Send_Byte     myiic.o
    0x08005dc4   0x08005dc4   0x00000050   Code   RO         6202    i.IIC_Start         myiic.o
    0x08005e14   0x08005e14   0x00000050   Code   RO         6203    i.IIC_Stop          myiic.o
    0x08005e64   0x08005e64   0x000000ac   Code   RO         6204    i.IIC_Wait_Ack      myiic.o
    0x08005f10   0x08005f10   0x00000080   Code   RO         5146    i.KEY_Init          key.o
    0x08005f90   0x08005f90   0x00000064   Code   RO         5238    i.LCD_Clear         lcd.o
    0x08005ff4   0x08005ff4   0x00000104   Code   RO         5242    i.LCD_Display_Dir   lcd.o
    0x080060f8   0x080060f8   0x00000260   Code   RO         5247    i.LCD_Fast_DrawPoint  lcd.o
    0x08006358   0x08006358   0x00000088   Code   RO         5248    i.LCD_Fill          lcd.o
    0x080063e0   0x080063e0   0x00004bf0   Code   RO         5249    i.LCD_Init          lcd.o
    0x0800afd0   0x0800afd0   0x00000320   Code   RO         5256    i.LCD_Scan_Dir      lcd.o
    0x0800b2f0   0x0800b2f0   0x000002bc   Code   RO         5257    i.LCD_SetCursor     lcd.o
    0x0800b5ac   0x0800b5ac   0x00000388   Code   RO         5258    i.LCD_Set_Window    lcd.o
    0x0800b934   0x0800b934   0x00000130   Code   RO         5259    i.LCD_ShowChar      lcd.o
    0x0800ba64   0x0800ba64   0x00000062   Code   RO         5261    i.LCD_ShowString    lcd.o
    0x0800bac6   0x0800bac6   0x00000002   PAD
    0x0800bac8   0x0800bac8   0x000000cc   Code   RO         5262    i.LCD_ShowxNum      lcd.o
    0x0800bb94   0x0800bb94   0x00000014   Code   RO         5266    i.LCD_WriteRAM_Prepare  lcd.o
    0x0800bba8   0x0800bba8   0x0000004c   Code   RO         5122    i.LED_Init          led.o
    0x0800bbf4   0x0800bbf4   0x00000020   Code   RO         5457    i.LTDC_Clear        ltdc.o
    0x0800bc14   0x0800bc14   0x00000028   Code   RO         5460    i.LTDC_Display_Dir  ltdc.o
    0x0800bc3c   0x0800bc3c   0x00000044   Code   RO         5461    i.LTDC_Draw_Point   ltdc.o
    0x0800bc80   0x0800bc80   0x000000c4   Code   RO         5462    i.LTDC_Fill         ltdc.o
    0x0800bd44   0x0800bd44   0x00000294   Code   RO         5463    i.LTDC_Init         ltdc.o
    0x0800bfd8   0x0800bfd8   0x000000b8   Code   RO         5467    i.LTDC_PanelID_Read  ltdc.o
    0x0800c090   0x0800c090   0x000001de   Code   RO         3487    i.LTDC_SetConfig    stm32f7xx_hal_ltdc.o
    0x0800c26e   0x0800c26e   0x00000036   Code   RO         6556    i.MPU_Memory_Protection  mpu.o
    0x0800c2a4   0x0800c2a4   0x0000006c   Code   RO         6557    i.MPU_Set_Protection  mpu.o
    0x0800c310   0x0800c310   0x00000078   Code   RO         6558    i.MemManage_Handler  mpu.o
    0x0800c388   0x0800c388   0x000001dc   Code   RO         5668    i.NAND_CopyPageWithWrite  nand.o
    0x0800c564   0x0800c564   0x00000080   Code   RO         5669    i.NAND_CopyPageWithoutWrite  nand.o
    0x0800c5e4   0x0800c5e4   0x0000005a   Code   RO         5670    i.NAND_Delay        nand.o
    0x0800c63e   0x0800c63e   0x00000002   PAD
    0x0800c640   0x0800c640   0x00000158   Code   RO         5671    i.NAND_ECC_Correction  nand.o
    0x0800c798   0x0800c798   0x00000054   Code   RO         5673    i.NAND_EraseBlock   nand.o
    0x0800c7ec   0x0800c7ec   0x0000018c   Code   RO         5675    i.NAND_Init         nand.o
    0x0800c978   0x0800c978   0x000003c0   Code   RO         5679    i.NAND_ReadPage     nand.o
    0x0800cd38   0x0800cd38   0x00000080   Code   RO         5680    i.NAND_ReadPageComp  nand.o
    0x0800cdb8   0x0800cdb8   0x00000028   Code   RO         5681    i.NAND_ReadSpare    nand.o
    0x0800cde0   0x0800cde0   0x00000088   Code   RO         5684    i.NAND_WaitForReady  nand.o
    0x0800ce68   0x0800ce68   0x00000050   Code   RO         5685    i.NAND_WaitRB       nand.o
    0x0800ceb8   0x0800ceb8   0x00000174   Code   RO         5686    i.NAND_WritePage    nand.o
    0x0800d02c   0x0800d02c   0x00000060   Code   RO         5687    i.NAND_WritePageConst  nand.o
    0x0800d08c   0x0800d08c   0x0000002c   Code   RO         5688    i.NAND_WriteSpare   nand.o
    0x0800d0b8   0x0800d0b8   0x00000002   Code   RO          410    i.NMI_Handler       stm32f7xx_it.o
    0x0800d0ba   0x0800d0ba   0x00000058   Code   RO         6321    i.OV5640_Brightness  ov5640.o
    0x0800d112   0x0800d112   0x00000002   PAD
    0x0800d114   0x0800d114   0x0000007c   Code   RO         6322    i.OV5640_Color_Saturation  ov5640.o
    0x0800d190   0x0800d190   0x0000006c   Code   RO         6323    i.OV5640_Contrast   ov5640.o
    0x0800d1fc   0x0800d1fc   0x00000036   Code   RO         6324    i.OV5640_Flash_Ctrl  ov5640.o
    0x0800d232   0x0800d232   0x00000002   PAD
    0x0800d234   0x0800d234   0x000000c2   Code   RO         6325    i.OV5640_Focus_Constant  ov5640.o
    0x0800d2f6   0x0800d2f6   0x00000002   PAD
    0x0800d2f8   0x0800d2f8   0x000000e4   Code   RO         6326    i.OV5640_Focus_Init  ov5640.o
    0x0800d3dc   0x0800d3dc   0x0000005c   Code   RO         6327    i.OV5640_Focus_Single  ov5640.o
    0x0800d438   0x0800d438   0x0000008c   Code   RO         6328    i.OV5640_ImageWin_Set  ov5640.o
    0x0800d4c4   0x0800d4c4   0x00000048   Code   RO         6331    i.OV5640_Light_Mode  ov5640.o
    0x0800d50c   0x0800d50c   0x00000080   Code   RO         6332    i.OV5640_OutSize_Set  ov5640.o
    0x0800d58c   0x0800d58c   0x00000008   Code   RO         6333    i.OV5640_PWDN_Set   ov5640.o
    0x0800d594   0x0800d594   0x0000003a   Code   RO         6334    i.OV5640_RD_Reg     ov5640.o
    0x0800d5ce   0x0800d5ce   0x0000007e   Code   RO         6336    i.OV5640_Sharpness  ov5640.o
    0x0800d64c   0x0800d64c   0x0000005c   Code   RO         6337    i.OV5640_Special_Effects  ov5640.o
    0x0800d6a8   0x0800d6a8   0x0000002a   Code   RO         6338    i.OV5640_Test_Pattern  ov5640.o
    0x0800d6d2   0x0800d6d2   0x00000044   Code   RO         6339    i.OV5640_WR_Reg     ov5640.o
    0x0800d716   0x0800d716   0x00000002   PAD
    0x0800d718   0x0800d718   0x00000078   Code   RO         6460    i.PCF8574_Init      pcf8574.o
    0x0800d790   0x0800d790   0x00000056   Code   RO         6463    i.PCF8574_WriteBit  pcf8574.o
    0x0800d7e6   0x0800d7e6   0x00000002   Code   RO          411    i.PendSV_Handler    stm32f7xx_it.o
    0x0800d7e8   0x0800d7e8   0x00000250   Code   RO         4209    i.QSPI_Config       stm32f7xx_hal_qspi.o
    0x0800da38   0x0800da38   0x00000044   Code   RO         6044    i.QSPI_Init         qspi.o
    0x0800da7c   0x0800da7c   0x00000024   Code   RO         6045    i.QSPI_Receive      qspi.o
    0x0800daa0   0x0800daa0   0x00000040   Code   RO         6046    i.QSPI_Send_CMD     qspi.o
    0x0800dae0   0x0800dae0   0x00000024   Code   RO         6047    i.QSPI_Transmit     qspi.o
    0x0800db04   0x0800db04   0x00000058   Code   RO         4216    i.QSPI_WaitFlagStateUntilTimeout  stm32f7xx_hal_qspi.o
    0x0800db5c   0x0800db5c   0x0000003c   Code   RO         6262    i.SCCB_Init         sccb.o
    0x0800db98   0x0800db98   0x0000004c   Code   RO         6263    i.SCCB_No_Ack       sccb.o
    0x0800dbe4   0x0800dbe4   0x00000068   Code   RO         6264    i.SCCB_RD_Byte      sccb.o
    0x0800dc4c   0x0800dc4c   0x00000040   Code   RO         6265    i.SCCB_Start        sccb.o
    0x0800dc8c   0x0800dc8c   0x0000003c   Code   RO         6266    i.SCCB_Stop         sccb.o
    0x0800dcc8   0x0800dcc8   0x000000a4   Code   RO         6267    i.SCCB_WR_Byte      sccb.o
    0x0800dd6c   0x0800dd6c   0x0000002e   Code   RO         3723    i.SDMMC_DataConfig  stm32f7xx_ll_sdmmc.o
    0x0800dd9a   0x0800dd9a   0x00000006   Code   RO         3724    i.SDMMC_GetCommandResponse  stm32f7xx_ll_sdmmc.o
    0x0800dda0   0x0800dda0   0x00000008   Code   RO         3727    i.SDMMC_GetPowerState  stm32f7xx_ll_sdmmc.o
    0x0800dda8   0x0800dda8   0x0000000e   Code   RO         3728    i.SDMMC_GetResponse  stm32f7xx_ll_sdmmc.o
    0x0800ddb6   0x0800ddb6   0x0000002a   Code   RO         3729    i.SDMMC_Init        stm32f7xx_ll_sdmmc.o
    0x0800dde0   0x0800dde0   0x00000008   Code   RO         3731    i.SDMMC_PowerState_ON  stm32f7xx_ll_sdmmc.o
    0x0800dde8   0x0800dde8   0x00000006   Code   RO         3732    i.SDMMC_ReadFIFO    stm32f7xx_ll_sdmmc.o
    0x0800ddee   0x0800ddee   0x0000002a   Code   RO         3733    i.SDMMC_SendCommand  stm32f7xx_ll_sdmmc.o
    0x0800de18   0x0800de18   0x0000000a   Code   RO         3735    i.SDMMC_WriteFIFO   stm32f7xx_ll_sdmmc.o
    0x0800de22   0x0800de22   0x00000002   PAD
    0x0800de24   0x0800de24   0x00000064   Code   RO         5180    i.SDRAM_Init        sdram.o
    0x0800de88   0x0800de88   0x0000008c   Code   RO         5181    i.SDRAM_Initialization_Sequence  sdram.o
    0x0800df14   0x0800df14   0x00000118   Code   RO         3844    i.SD_CmdResp1Error  stm32f7xx_hal_sd.o
    0x0800e02c   0x0800e02c   0x0000012c   Code   RO         3849    i.SD_FindSCR        stm32f7xx_hal_sd.o
    0x0800e158   0x0800e158   0x00000040   Code   RO         5879    i.SD_Init           sdmmc_sdcard.o
    0x0800e198   0x0800e198   0x00000170   Code   RO         3850    i.SD_IsCardProgramming  stm32f7xx_hal_sd.o
    0x0800e308   0x0800e308   0x00000088   Code   RO         5880    i.SD_ReadDisk       sdmmc_sdcard.o
    0x0800e390   0x0800e390   0x00000088   Code   RO         5881    i.SD_WriteDisk      sdmmc_sdcard.o
    0x0800e418   0x0800e418   0x00000002   Code   RO          412    i.SVC_Handler       stm32f7xx_it.o
    0x0800e41a   0x0800e41a   0x00000002   PAD
    0x0800e41c   0x0800e41c   0x000001a0   Code   RO         7653    i.Show_Str          text.o
    0x0800e5bc   0x0800e5bc   0x00000098   Code   RO         5015    i.Stm32_Clock_Init  sys.o
    0x0800e654   0x0800e654   0x00000004   Code   RO          413    i.SysTick_Handler   stm32f7xx_it.o
    0x0800e658   0x0800e658   0x00000060   Code   RO          480    i.SystemInit        system_stm32f7xx.o
    0x0800e6b8   0x0800e6b8   0x0000000c   Code   RO         6509    i.TIM3_IRQHandler   timer.o
    0x0800e6c4   0x0800e6c4   0x00000034   Code   RO         6772    i.TIM4_IRQHandler   usmart.o
    0x0800e6f8   0x0800e6f8   0x000000c4   Code   RO         2240    i.TIM_Base_SetConfig  stm32f7xx_hal_tim.o
    0x0800e7bc   0x0800e7bc   0x00000066   Code   RO         2248    i.TIM_OC1_SetConfig  stm32f7xx_hal_tim.o
    0x0800e822   0x0800e822   0x0000006c   Code   RO         2249    i.TIM_OC2_SetConfig  stm32f7xx_hal_tim.o
    0x0800e88e   0x0800e88e   0x0000006c   Code   RO         2250    i.TIM_OC3_SetConfig  stm32f7xx_hal_tim.o
    0x0800e8fa   0x0800e8fa   0x00000058   Code   RO         2251    i.TIM_OC4_SetConfig  stm32f7xx_hal_tim.o
    0x0800e952   0x0800e952   0x000000da   Code   RO         1714    i.UART_AdvFeatureConfig  stm32f7xx_hal_uart.o
    0x0800ea2c   0x0800ea2c   0x00000060   Code   RO         1715    i.UART_CheckIdleState  stm32f7xx_hal_uart.o
    0x0800ea8c   0x0800ea8c   0x00000014   Code   RO         1716    i.UART_DMAAbortOnError  stm32f7xx_hal_uart.o
    0x0800eaa0   0x0800eaa0   0x000002bc   Code   RO         1722    i.UART_SetConfig    stm32f7xx_hal_uart.o
    0x0800ed5c   0x0800ed5c   0x00000076   Code   RO         1723    i.UART_WaitOnFlagUntilTimeout  stm32f7xx_hal_uart.o
    0x0800edd2   0x0800edd2   0x00000002   PAD
    0x0800edd4   0x0800edd4   0x00000078   Code   RO         5062    i.USART1_IRQHandler  usart.o
    0x0800ee4c   0x0800ee4c   0x00000002   Code   RO          414    i.UsageFault_Handler  stm32f7xx_it.o
    0x0800ee4e   0x0800ee4e   0x00000002   PAD
    0x0800ee50   0x0800ee50   0x00000100   Code   RO         5935    i.W25QXX_Init       w25qxx.o
    0x0800ef50   0x0800ef50   0x00000032   Code   RO         5938    i.W25QXX_Read       w25qxx.o
    0x0800ef82   0x0800ef82   0x00000002   PAD
    0x0800ef84   0x0800ef84   0x00000068   Code   RO         5940    i.W25QXX_ReadSR     w25qxx.o
    0x0800efec   0x0800efec   0x00000054   Code   RO         5941    i.W25QXX_Wait_Busy  w25qxx.o
    0x0800f040   0x0800f040   0x000001a8   Code   RO         5942    i.W25QXX_Write      w25qxx.o
    0x0800f1e8   0x0800f1e8   0x00000040   Code   RO         5944    i.W25QXX_Write_Enable  w25qxx.o
    0x0800f228   0x0800f228   0x0000000a   Code   RO         6929    i.__ARM_common_memclr4_10  usmart_str.o
    0x0800f232   0x0800f232   0x0000000e   Code   RO         8109    i._is_digit         c_w.l(__printf_wp.o)
    0x0800f240   0x0800f240   0x00000002   Code   RO         5063    i._sys_exit         usart.o
    0x0800f242   0x0800f242   0x00000002   PAD
    0x0800f244   0x0800f244   0x000001cc   Code   RO         7042    i.create_chain      ff.o
    0x0800f410   0x0800f410   0x00000014   Code   RO         4973    i.delay_init        delay.o
    0x0800f424   0x0800f424   0x00000048   Code   RO         4974    i.delay_ms          delay.o
    0x0800f46c   0x0800f46c   0x00000038   Code   RO         4975    i.delay_us          delay.o
    0x0800f4a4   0x0800f4a4   0x00000278   Code   RO         7043    i.dir_find          ff.o
    0x0800f71c   0x0800f71c   0x00000188   Code   RO         7044    i.dir_next          ff.o
    0x0800f8a4   0x0800f8a4   0x00000264   Code   RO         7045    i.dir_read          ff.o
    0x0800fb08   0x0800fb08   0x000004f8   Code   RO         7046    i.dir_register      ff.o
    0x08010000   0x08010000   0x000000a8   Code   RO         7047    i.dir_sdi           ff.o
    0x080100a8   0x080100a8   0x00000028   Code   RO         7318    i.disk_initialize   diskio.o
    0x080100d0   0x080100d0   0x000000bc   Code   RO         7319    i.disk_ioctl        diskio.o
    0x0801018c   0x0801018c   0x0000006c   Code   RO         7320    i.disk_read         diskio.o
    0x080101f8   0x080101f8   0x00000004   Code   RO         7321    i.disk_status       diskio.o
    0x080101fc   0x080101fc   0x0000006c   Code   RO         7322    i.disk_write        diskio.o
    0x08010268   0x08010268   0x0000006c   Code   RO         7390    i.exfuns_init       exfuns.o
    0x080102d4   0x080102d4   0x000002b8   Code   RO         7054    i.f_mkdir           ff.o
    0x0801058c   0x0801058c   0x0000007c   Code   RO         7056    i.f_mount           ff.o
    0x08010608   0x08010608   0x00000088   Code   RO         7620    i.ff_convert        mycc936.o
    0x08010690   0x08010690   0x00000008   Code   RO         7323    i.ff_memalloc       diskio.o
    0x08010698   0x08010698   0x00000008   Code   RO         7324    i.ff_memfree        diskio.o
    0x080106a0   0x080106a0   0x00000028   Code   RO         7621    i.ff_wtoupper       mycc936.o
    0x080106c8   0x080106c8   0x00000630   Code   RO         7071    i.find_volume       ff.o
    0x08010cf8   0x08010cf8   0x00000364   Code   RO         7072    i.follow_path       ff.o
    0x0801105c   0x0801105c   0x0000003c   Code   RO         7692    i.font_init         fontupd.o
    0x08011098   0x08011098   0x00000014   Code   RO         5064    i.fputc             usart.o
    0x080110ac   0x080110ac   0x00000166   Code   RO         7073    i.get_fat           ff.o
    0x08011212   0x08011212   0x00000004   Code   RO         7325    i.get_fattime       diskio.o
    0x08011216   0x08011216   0x00000068   Code   RO         7075    i.ld_qword          ff.o
    0x0801127e   0x0801127e   0x000000f2   Code   RO         7076    i.load_xdir         ff.o
    0x08011370   0x08011370   0x0000039c   Code   RO            4    i.main              main.o
    0x0801170c   0x0801170c   0x00000056   Code   RO         7077    i.mem_cpy           ff.o
    0x08011762   0x08011762   0x00000038   Code   RO         7078    i.mem_set           ff.o
    0x0801179a   0x0801179a   0x00000036   Code   RO         7079    i.move_window       ff.o
    0x080117d0   0x080117d0   0x00000064   Code   RO         6599    i.mt9v034_ReadReg16  mt9v034.o
    0x08011834   0x08011834   0x00000070   Code   RO         6601    i.mt9v034_WriteReg16  mt9v034.o
    0x080118a4   0x080118a4   0x000001b4   Code   RO         6602    i.mt9v034_context_configuration  mt9v034.o
    0x08011a58   0x08011a58   0x0000003c   Code   RO         6965    i.my_mem_init       malloc.o
    0x08011a94   0x08011a94   0x000000cc   Code   RO         6966    i.my_mem_malloc     malloc.o
    0x08011b60   0x08011b60   0x00000040   Code   RO         6967    i.my_mem_perused    malloc.o
    0x08011ba0   0x08011ba0   0x00000080   Code   RO         6968    i.myfree            malloc.o
    0x08011c20   0x08011c20   0x00000024   Code   RO         6969    i.mymalloc          malloc.o
    0x08011c44   0x08011c44   0x00000138   Code   RO         7080    i.put_fat           ff.o
    0x08011d7c   0x08011d7c   0x0000007c   Code   RO            5    i.raw_data_process  main.o
    0x08011df8   0x08011df8   0x00000004   Code   RO         6774    i.read_addr         usmart.o
    0x08011dfc   0x08011dfc   0x00000152   Code   RO         7082    i.remove_chain      ff.o
    0x08011f4e   0x08011f4e   0x00000038   Code   RO         7083    i.st_qword          ff.o
    0x08011f86   0x08011f86   0x0000009a   Code   RO         7084    i.store_xdir        ff.o
    0x08012020   0x08012020   0x000000b6   Code   RO         7085    i.sync_fs           ff.o
    0x080120d6   0x080120d6   0x00000054   Code   RO         7086    i.sync_window       ff.o
    0x0801212a   0x0801212a   0x00000002   PAD
    0x0801212c   0x0801212c   0x00000028   Code   RO         5065    i.uart_init         usart.o
    0x08012154   0x08012154   0x000000b0   Code   RO         6775    i.usmart_cmd_rec    usmart.o
    0x08012204   0x08012204   0x000002e4   Code   RO         6776    i.usmart_exe        usmart.o
    0x080124e8   0x080124e8   0x000000b6   Code   RO         6859    i.usmart_get_aparm  usmart_str.o
    0x0801259e   0x0801259e   0x00000002   PAD
    0x080125a0   0x080125a0   0x0000004a   Code   RO         6860    i.usmart_get_cmdname  usmart_str.o
    0x080125ea   0x080125ea   0x00000002   PAD
    0x080125ec   0x080125ec   0x000001b8   Code   RO         6861    i.usmart_get_fname  usmart_str.o
    0x080127a4   0x080127a4   0x00000310   Code   RO         6862    i.usmart_get_fparam  usmart_str.o
    0x08012ab4   0x08012ab4   0x00000058   Code   RO         6863    i.usmart_get_parmpos  usmart_str.o
    0x08012b0c   0x08012b0c   0x0000006c   Code   RO         6778    i.usmart_init       usmart.o
    0x08012b78   0x08012b78   0x000000ac   Code   RO         6780    i.usmart_scan       usmart.o
    0x08012c24   0x08012c24   0x00000116   Code   RO         6866    i.usmart_str2num    usmart_str.o
    0x08012d3a   0x08012d3a   0x0000001a   Code   RO         6867    i.usmart_strcmp     usmart_str.o
    0x08012d54   0x08012d54   0x0000069c   Code   RO         6781    i.usmart_sys_cmd_exe  usmart.o
    0x080133f0   0x080133f0   0x00000004   Code   RO         6782    i.write_addr        usmart.o
    0x080133f4   0x080133f4   0x0000005a   Code   RO         8146    x$fpl$dfixu         fz_wm.l(dfixu.o)
    0x0801344e   0x0801344e   0x0000009c   Code   RO         8175    x$fpl$dnaninf       fz_wm.l(dnaninf.o)
    0x080134ea   0x080134ea   0x0000000a   Code   RO         8288    x$fpl$fpinit        fz_wm.l(fpinit.o)
    0x080134f4   0x080134f4   0x00000000   Code   RO         8179    x$fpl$usenofp       fz_wm.l(usenofp.o)
    0x080134f4   0x080134f4   0x00000010   Data   RO          481    .constdata          system_stm32f7xx.o
    0x08013504   0x08013504   0x00000008   Data   RO          482    .constdata          system_stm32f7xx.o
    0x0801350c   0x0801350c   0x00000008   Data   RO          946    .constdata          stm32f7xx_hal_dma.o
    0x08013514   0x08013514   0x00004740   Data   RO         5270    .constdata          lcd.o
    0x08017c54   0x08017c54   0x000014e3   Data   RO         6340    .constdata          ov5640.o
    0x08019137   0x08019137   0x00000001   PAD
    0x08019138   0x08019138   0x00000024   Data   RO         6979    .constdata          malloc.o
    0x0801915c   0x0801915c   0x0000004a   Data   RO         7089    .constdata          ff.o
    0x080191a6   0x080191a6   0x000003c0   Data   RO         7622    .constdata          mycc936.o
    0x08019566   0x08019566   0x00000028   Data   RO         8082    .constdata          c_w.l(_printf_hex_int.o)
    0x0801958e   0x0801958e   0x00000011   Data   RO         8117    .constdata          c_w.l(__printf_flags_ss_wp.o)
    0x0801959f   0x0801959f   0x00000001   PAD
    0x080195a0   0x080195a0   0x00000028   Data   RO         6784    .conststring        usmart.o
    0x080195c8   0x080195c8   0x000002f6   Data   RO         6938    .conststring        usmart_config.o
    0x080198be   0x080198be   0x00000002   PAD
    0x080198c0   0x080198c0   0x00000020   Data   RO         8342    Region$$Table       anon$$obj.o


    Execution Region RW_IRAM1 (Exec base: 0x20020000, Load base: 0x080198e0, Size: 0x00051b68, Max: 0x00060000, ABSOLUTE, COMPRESSED[0x000000e8])

    Exec Addr    Load Addr    Size         Type   Attr      Idx    E Section Name        Object

    0x20020000   COMPRESSED   0x00000020   Data   RW            7    .data               main.o
    0x20020020   COMPRESSED   0x00000004   Data   RW          483    .data               system_stm32f7xx.o
    0x20020024   COMPRESSED   0x00000004   Data   RW          670    .data               stm32f7xx_hal.o
    0x20020028   COMPRESSED   0x00000004   Data   RW         4976    .data               delay.o
    0x2002002c   COMPRESSED   0x00000002   Data   RW         5067    .data               usart.o
    0x2002002e   COMPRESSED   0x00000002   PAD
    0x20020030   COMPRESSED   0x00000004   Data   RW         5068    .data               usart.o
    0x20020034   COMPRESSED   0x00000008   Data   RW         5271    .data               lcd.o
    0x2002003c   COMPRESSED   0x00000008   Data   RW         5474    .data               ltdc.o
    0x20020044   COMPRESSED   0x00000004   Data   RW         5580    .data               ftl.o
    0x20020048   COMPRESSED   0x00000004   Data   RW         5949    .data               w25qxx.o
    0x2002004c   COMPRESSED   0x00000002   Data   RW         6109    .data               dcmi.o
    0x2002004e   COMPRESSED   0x00000002   PAD
    0x20020050   COMPRESSED   0x00000028   Data   RW         6605    .data               mt9v034.o
    0x20020078   COMPRESSED   0x0000001c   Data   RW         6785    .data               usmart.o
    0x20020094   COMPRESSED   0x000000a0   Data   RW         6939    .data               usmart_config.o
    0x20020134   COMPRESSED   0x000000f4   Data   RW         6940    .data               usmart_config.o
    0x20020228   COMPRESSED   0x00000024   Data   RW         6980    .data               malloc.o
    0x2002024c   COMPRESSED   0x00000002   Data   RW         7090    .data               ff.o
    0x2002024e   COMPRESSED   0x00000002   PAD
    0x20020250   COMPRESSED   0x0000000c   Data   RW         7397    .data               exfuns.o
    0x2002025c        -       0x00000138   Zero   RW         5066    .bss                usart.o
    0x20020394        -       0x00000034   Zero   RW         5183    .bss                sdram.o
    0x200203c8        -       0x0000005a   Zero   RW         5269    .bss                lcd.o
    0x20020422   COMPRESSED   0x00000002   PAD
    0x20020424        -       0x000000c8   Zero   RW         5472    .bss                ltdc.o
    0x200204ec        -       0x00000094   Zero   RW         5689    .bss                nand.o
    0x20020580        -       0x000002b8   Zero   RW         5882    .bss                sdmmc_sdcard.o
    0x20020838        -       0x00001000   Zero   RW         5948    .bss                w25qxx.o
    0x20021838        -       0x00000044   Zero   RW         6048    .bss                qspi.o
    0x2002187c        -       0x000000b0   Zero   RW         6108    .bss                dcmi.o
    0x2002192c        -       0x0000003c   Zero   RW         6511    .bss                timer.o
    0x20021968        -       0x0000003c   Zero   RW         6783    .bss                usmart.o
    0x200219a4   COMPRESSED   0x0000001c   PAD
    0x200219c0        -       0x0004b000   Zero   RW         6977    .bss                malloc.o
    0x2006c9c0        -       0x00004b00   Zero   RW         6978    .bss                malloc.o
    0x200714c0        -       0x0000000c   Zero   RW         7088    .bss                ff.o
    0x200714cc        -       0x0000000c   Zero   RW         7392    .bss                exfuns.o
    0x200714d8        -       0x00000029   Zero   RW         7696    .bss                fontupd.o
    0x20071501   COMPRESSED   0x00000003   PAD
    0x20071504        -       0x00000060   Zero   RW         8220    .bss                c_w.l(libspace.o)
    0x20071564   COMPRESSED   0x00000004   PAD
    0x20071568        -       0x00000200   Zero   RW          636    HEAP                startup_stm32f767xx.o
    0x20071768        -       0x00000400   Zero   RW          635    STACK               startup_stm32f767xx.o



  Load Region LR$$.ARM.__AT_0x20000000 (Base: 0x20000000, Size: 0x00000000, Max: 0x0000f000, ABSOLUTE)

    Execution Region ER$$.ARM.__AT_0x20000000 (Exec base: 0x20000000, Load base: 0x20000000, Size: 0x0000f000, Max: 0x0000f000, ABSOLUTE, UNINIT)

    Exec Addr    Load Addr    Size         Type   Attr      Idx    E Section Name        Object

    0x20000000        -       0x0000f000   Zero   RW         6973    .ARM.__AT_0x20000000  malloc.o



  Load Region LR$$.ARM.__AT_0x2000F000 (Base: 0x2000f000, Size: 0x00000000, Max: 0x00000f00, ABSOLUTE)

    Execution Region ER$$.ARM.__AT_0x2000F000 (Exec base: 0x2000f000, Load base: 0x2000f000, Size: 0x00000f00, Max: 0x00000f00, ABSOLUTE, UNINIT)

    Exec Addr    Load Addr    Size         Type   Attr      Idx    E Section Name        Object

    0x2000f000        -       0x00000f00   Zero   RW         6974    .ARM.__AT_0x2000F000  malloc.o



  Load Region LR$$.ARM.__AT_0xC0000000 (Base: 0xc0000000, Size: 0x00000000, Max: 0x001f4000, ABSOLUTE)

    Execution Region ER$$.ARM.__AT_0xC0000000 (Exec base: 0xc0000000, Load base: 0xc0000000, Size: 0x001f4000, Max: 0x001f4000, ABSOLUTE, UNINIT)

    Exec Addr    Load Addr    Size         Type   Attr      Idx    E Section Name        Object

    0xc0000000        -       0x001f4000   Zero   RW         5471    .ARM.__AT_0xC0000000  ltdc.o



  Load Region LR$$.ARM.__AT_0xC01F4000 (Base: 0xc01f4000, Size: 0x00000000, Max: 0x01c3c000, ABSOLUTE)

    Execution Region ER$$.ARM.__AT_0xC01F4000 (Exec base: 0xc01f4000, Load base: 0xc01f4000, Size: 0x01c3c000, Max: 0x01c3c000, ABSOLUTE, UNINIT)

    Exec Addr    Load Addr    Size         Type   Attr      Idx    E Section Name        Object

    0xc01f4000        -       0x01c3c000   Zero   RW         6975    .ARM.__AT_0xC01F4000  malloc.o



  Load Region LR$$.ARM.__AT_0xC1E30000 (Base: 0xc1e30000, Size: 0x00000000, Max: 0x001c3c00, ABSOLUTE)

    Execution Region ER$$.ARM.__AT_0xC1E30000 (Exec base: 0xc1e30000, Load base: 0xc1e30000, Size: 0x001c3c00, Max: 0x001c3c00, ABSOLUTE, UNINIT)

    Exec Addr    Load Addr    Size         Type   Attr      Idx    E Section Name        Object

    0xc1e30000        -       0x001c3c00   Zero   RW         6976    .ARM.__AT_0xC1E30000  malloc.o


==============================================================================

Image component sizes


      Code (inc. data)   RO Data    RW Data    ZI Data      Debug   Object Name

      1088        168          0          2        176      39836   dcmi.o
       148         14          0          4          0       2603   delay.o
       468         10          0          0          0       5815   diskio.o
       108         10          0         12         12       2249   exfuns.o
      8834         78         74          2         12      51544   ff.o
        60          4          0          0         41       2191   fontupd.o
      2200        270          0          4          0      10347   ftl.o
       128         16          0          0          0        971   key.o
     23694        216      18240          8         90     103945   lcd.o
        76          8          0          0          0        863   led.o
      1420        114          0          8    2048200       8524   ltdc.o
      1048        270          0         32          0     503788   main.o
       492         52         36         36   31847936       6117   malloc.o
       282         64          0          0          0      34012   mpu.o
       650         22          0         40          0       5144   mt9v034.o
       176         16        960          0          0       1975   mycc936.o
       764         30          0          0          0       4246   myiic.o
      3546        310          0          0        148      19283   nand.o
      1622         30       5347          0          0      12795   ov5640.o
       206         10          0          0          0       2065   pcf8574.o
       356         46          0          0         68       3741   qspi.o
       528         28          0          0          0       4254   sccb.o
       472         44          0          0        696       4031   sdmmc_sdcard.o
       460         40          0          0         52       3168   sdram.o
        64         26        504          0       1536        832   startup_stm32f767xx.o
       128         22          0          4          0       4313   stm32f7xx_hal.o
       314         18          0          0          0      36536   stm32f7xx_hal_cortex.o
       812         20          0          0          0       6904   stm32f7xx_hal_dcmi.o
       716         22          8          0          0       4782   stm32f7xx_hal_dma.o
      2034        108          0          0          0       2433   stm32f7xx_hal_dma_ex.o
       628         20          0          0          0       3784   stm32f7xx_hal_gpio.o
      1024          6          0          0          0       4761   stm32f7xx_hal_ltdc.o
        82          0          0          0          0       1379   stm32f7xx_hal_nand.o
       124          8          0          0          0       1260   stm32f7xx_hal_pwr_ex.o
      1418          4          0          0          0       7666   stm32f7xx_hal_qspi.o
       772         76          0          0          0       4054   stm32f7xx_hal_rcc.o
      2956         66          0          0          0       3748   stm32f7xx_hal_rcc_ex.o
      4044         10          0          0          0      18541   stm32f7xx_hal_sd.o
       148          0          0          0          0       2776   stm32f7xx_hal_sdram.o
        86          0          0          0          0       1232   stm32f7xx_hal_sram.o
      1190         20          0          0          0      11646   stm32f7xx_hal_tim.o
       468         10          0          0          0       3226   stm32f7xx_hal_tim_ex.o
      2278         42          0          0          0      10899   stm32f7xx_hal_uart.o
        18          0          0          0          0       3558   stm32f7xx_it.o
       814         20          0          0          0       8321   stm32f7xx_ll_fmc.o
       182          0          0          0          0       6278   stm32f7xx_ll_sdmmc.o
       308         30          0          0          0      34025   sys.o
        96         20         24          4          0       1167   system_stm32f7xx.o
       636         12          0          0          0       3929   text.o
       104         32          0          0         60       2219   timer.o
       322         36          0          6        312       4787   usart.o
      2948       1342         40         28         60       7195   usmart.o
         0          0        758        404          0       1556   usmart_config.o
      1882         22          0          0          0      11015   usmart_str.o
       982         22          0          4       4096       7006   w25qxx.o

    ----------------------------------------------------------------------
     76466       3884      26026        604   33903528    1055335   Object Totals
         0          0         32          0          0          0   (incl. Generated)
        62          0          3          6         33          0   (incl. Padding)

    ----------------------------------------------------------------------

      Code (inc. data)   RO Data    RW Data    ZI Data      Debug   Library Member Name

        90          0          0          0          0          0   __dczerorl2.o
         8          0          0          0          0         68   __main.o
       392          4         17          0          0         92   __printf_flags_ss_wp.o
        14          0          0          0          0         68   __printf_wp.o
         0          0          0          0          0          0   __rtentry.o
        12          0          0          0          0          0   __rtentry2.o
         6          0          0          0          0          0   __rtentry4.o
        52          8          0          0          0          0   __scatter.o
        28          0          0          0          0          0   __scatter_zi.o
         6          0          0          0          0          0   _printf_c.o
        44          0          0          0          0        108   _printf_char.o
        48          6          0          0          0         96   _printf_char_common.o
        36          4          0          0          0         80   _printf_char_file.o
         6          0          0          0          0          0   _printf_d.o
       120         16          0          0          0         92   _printf_dec.o
        88          4         40          0          0         88   _printf_hex_int.o
       178          0          0          0          0         88   _printf_intcommon.o
        78          0          0          0          0        108   _printf_pad.o
         0          0          0          0          0          0   _printf_percent.o
         4          0          0          0          0          0   _printf_percent_end.o
         6          0          0          0          0          0   _printf_s.o
        82          0          0          0          0         80   _printf_str.o
         6          0          0          0          0          0   _printf_u.o
         6          0          0          0          0          0   _printf_x.o
        18          0          0          0          0         80   exit.o
         8          0          0          0          0         68   ferror.o
         6          0          0          0          0        152   heapauxi.o
         2          0          0          0          0          0   libinit.o
         6          0          0          0          0          0   libinit2.o
         2          0          0          0          0          0   libshutdown.o
         2          0          0          0          0          0   libshutdown2.o
         8          4          0          0         96         68   libspace.o
        24          4          0          0          0         84   noretval__2printf.o
        68          0          0          0          0         68   rt_memclr.o
        78          0          0          0          0         80   rt_memclr_w.o
       138          0          0          0          0         68   rt_memcpy_v6.o
       100          0          0          0          0         80   rt_memcpy_w.o
         2          0          0          0          0          0   rtexit.o
        10          0          0          0          0          0   rtexit2.o
        74          0          0          0          0         80   sys_stackheap_outer.o
         2          0          0          0          0         68   use_no_semi.o
         2          0          0          0          0         68   use_no_semi_2.o
        90          4          0          0          0        140   dfixu.o
       156          4          0          0          0        140   dnaninf.o
        10          0          0          0          0        116   fpinit.o
         0          0          0          0          0          0   usenofp.o

    ----------------------------------------------------------------------
      2122         58         58          0        100       2328   Library Totals
         6          0          1          0          4          0   (incl. Padding)

    ----------------------------------------------------------------------

      Code (inc. data)   RO Data    RW Data    ZI Data      Debug   Library Name

      1860         50         57          0         96       1932   c_w.l
       256          8          0          0          0        396   fz_wm.l

    ----------------------------------------------------------------------
      2122         58         58          0        100       2328   Library Totals

    ----------------------------------------------------------------------

==============================================================================


      Code (inc. data)   RO Data    RW Data    ZI Data      Debug   

     78588       3942      26084        604   33903628    1026975   Grand Totals
     78588       3942      26084        232   33903628    1026975   ELF Image Totals (compressed)
     78588       3942      26084        232          0          0   ROM Totals

==============================================================================

    Total RO  Size (Code + RO Data)               104672 ( 102.22kB)
    Total RW  Size (RW Data + ZI Data)          33904232 (33109.60kB)
    Total ROM Size (Code + RO Data + RW Data)     104904 ( 102.45kB)

==============================================================================

