<html>
<body>
<pre>
<h1>µVision Build Log</h1>
<h2>Tool Versions:</h2>
IDE-Version: ¦ÌVision V5.24.2.0
Copyright (C) 2017 ARM Ltd and ARM Germany GmbH. All rights reserved.
License Information: harry Windows, HP Inc., LIC=WHYHL-0ND1J-DY6V3-AN8TA-T25WZ-PSLWG
 
Tool Versions:
Toolchain:       MDK-ARM Plus  Version: 5.24.1
Toolchain Path:  d:\Keil_v5\ARM\ARMCC\Bin
C Compiler:      Armcc.exe V5.06 update 5 (build 528)
Assembler:       Armasm.exe V5.06 update 5 (build 528)
Linker/Locator:  ArmLink.exe V5.06 update 5 (build 528)
Library Manager: ArmAr.exe V5.06 update 5 (build 528)
Hex Converter:   FromElf.exe V5.06 update 5 (build 528)
CPU DLL:         SARMCM3.DLL V5.24.1
Dialog DLL:      DCM.DLL V1.16.0.0
Target DLL:      STLink\ST-LINKIII-KEIL_SWO.dll V3.0.1.0
Dialog DLL:      TCM.DLL V1.32.0.0
 
<h2>Project:</h2>
D:\MrWu\OpenMR\Code\ApolloOpen_OMV\ApolloOpen\USER\CAMERA.uvprojx
Project File Date:  04/27/2018

<h2>Output:</h2>
*** Using Compiler 'V5.06 update 5 (build 528)', folder: 'd:\Keil_v5\ARM\ARMCC\Bin'
Build target 'CAMERA'
compiling image.c...
..\HARDWARE\MT9V034\image.h(50): warning:  #1-D: last line of file ends without a newline
  #endif /* MT9V34_H_ */
..\HARDWARE\MT9V034\image.c(85): warning:  #223-D: function "abs" declared implicitly
  				hg 	= bayer[abs(x   + (y-1)*width)] 	- bayer[abs(x   + (y+1)*width)];
..\HARDWARE\MT9V034\image.c(116): warning:  #223-D: function "abs" declared implicitly
  				hg 	= bayer[abs(x   + (y-1)*width)] 	- bayer[abs(x   + (y+1)*width)];
..\HARDWARE\MT9V034\image.c(144): warning:  #223-D: function "abs" declared implicitly
  				blue 	= (bayer[abs(x-1 +  y *width)] + bayer[x+1 +  y*width])/2;
..\HARDWARE\MT9V034\image.c(190): warning:  #223-D: function "abs" declared implicitly
  				green = (bayer[x + (y-1)*width] + bayer[x + (y+1)*width]+bayer[abs(x-1 +  y*width)]	+ bayer[x+1 + 	y*width]) /4 ;
..\HARDWARE\MT9V034\image.c(201): warning:  #1-D: last line of file ends without a newline
  }
..\HARDWARE\MT9V034\image.c: 6 warnings, 0 errors
linking...
Program Size: Code=53644 RO-data=25052 RW-data=616 ZI-data=33898672  
FromELF: creating hex file...
"..\OBJ\CAMERA.axf" - 0 Error(s), 6 Warning(s).

<h2>Software Packages used:</h2>

Package Vendor: Keil
                http://www.keil.com/pack/Keil.STM32F7xx_DFP.2.9.0.pack
                Keil.STM32F7xx_DFP.2.9.0
                STMicroelectronics STM32F7 Series Device Support, Drivers and Examples

<h2>Collection of Component include folders:</h2>
  .\RTE\_CAMERA
  d:\Keil_v5\ARM\PACK\Keil\STM32F7xx_DFP\2.9.0\Drivers\CMSIS\Device\ST\STM32F7xx\Include

<h2>Collection of Component Files used:</h2>
Build Time Elapsed:  00:00:02
</pre>
</body>
</html>
