Component: ARM Compiler 5.06 update 5 (build 528) Tool: armlink [4d35e2]

==============================================================================

Section Cross References

    main.o(i.main) refers to sys.o(i.Cache_Enable) for Cache_Enable
    main.o(i.main) refers to mpu.o(i.MPU_Memory_Protection) for MPU_Memory_Protection
    main.o(i.main) refers to stm32f7xx_hal.o(i.HAL_Init) for HAL_Init
    main.o(i.main) refers to sys.o(i.Stm32_Clock_Init) for Stm32_Clock_Init
    main.o(i.main) refers to delay.o(i.delay_init) for delay_init
    main.o(i.main) refers to usart.o(i.uart_init) for uart_init
    main.o(i.main) refers to led.o(i.LED_Init) for LED_Init
    main.o(i.main) refers to sdram.o(i.SDRAM_Init) for SDRAM_Init
    main.o(i.main) refers to lcd.o(i.LCD_Init) for LCD_Init
    main.o(i.main) refers to pcf8574.o(i.PCF8574_Init) for PCF8574_Init
    main.o(i.main) refers to ov5640.o(i.OV5640_WR_Reg) for OV5640_WR_Reg
    main.o(i.main) refers to stm32f7xx_hal_gpio.o(i.HAL_GPIO_Init) for HAL_GPIO_Init
    main.o(i.main) refers to lcd.o(i.LCD_Display_Dir) for LCD_Display_Dir
    main.o(i.main) refers to lcd.o(i.LCD_Set_Window) for LCD_Set_Window
    main.o(i.main) refers to malloc.o(i.my_mem_init) for my_mem_init
    main.o(i.main) refers to exfuns.o(i.exfuns_init) for exfuns_init
    main.o(i.main) refers to malloc.o(i.mymalloc) for mymalloc
    main.o(i.main) refers to text.o(i.Show_Str) for Show_Str
    main.o(i.main) refers to dcmi.o(i.DCMI_Init) for DCMI_Init
    main.o(i.main) refers to mt9v034.o(i.mt9v034_context_configuration) for mt9v034_context_configuration
    main.o(i.main) refers to lcd.o(i.LCD_ShowxNum) for LCD_ShowxNum
    main.o(i.main) refers to dcmi.o(i.DCMI_DMA_Init) for DCMI_DMA_Init
    main.o(i.main) refers to dcmi.o(i.DCMI_Start) for DCMI_Start
    main.o(i.main) refers to delay.o(i.delay_ms) for delay_ms
    main.o(i.main) refers to stm32f7xx_hal_gpio.o(i.HAL_GPIO_TogglePin) for HAL_GPIO_TogglePin
    main.o(i.main) refers to usmart_config.o(.data) for usmart_dev
    main.o(i.main) refers to lcd.o(.data) for POINT_COLOR
    main.o(i.main) refers to main.o(.data) for .data
    main.o(i.main) refers to mt9v034.o(.data) for version
    main.o(i.raw_data_process) refers to dcmi.o(i.DCMI_Stop) for DCMI_Stop
    main.o(i.raw_data_process) refers to image.o(i.bayer2rgb) for bayer2rgb
    main.o(i.raw_data_process) refers to lcd.o(i.LCD_SetCursor) for LCD_SetCursor
    main.o(i.raw_data_process) refers to lcd.o(i.LCD_WriteRAM_Prepare) for LCD_WriteRAM_Prepare
    main.o(i.raw_data_process) refers to dcmi.o(i.DCMI_Start) for DCMI_Start
    main.o(i.raw_data_process) refers to main.o(.data) for .data
    main.o(i.raw_data_process) refers to mt9v034.o(.data) for MT9V034_Width
    main.o(i.raw_data_process) refers to dcmi.o(.data) for Frame_Flag
    main.o(i.sw_ov5640_mode) refers to ov5640.o(i.OV5640_WR_Reg) for OV5640_WR_Reg
    main.o(i.sw_ov5640_mode) refers to stm32f7xx_hal_gpio.o(i.HAL_GPIO_Init) for HAL_GPIO_Init
    stm32f7xx_it.o(i.SysTick_Handler) refers to stm32f7xx_hal.o(i.HAL_IncTick) for HAL_IncTick
    system_stm32f7xx.o(i.SystemCoreClockUpdate) refers to system_stm32f7xx.o(.data) for .data
    system_stm32f7xx.o(i.SystemCoreClockUpdate) refers to system_stm32f7xx.o(.constdata) for .constdata
    startup_stm32f767xx.o(STACK) refers (Special) to heapauxi.o(.text) for __use_two_region_memory
    startup_stm32f767xx.o(HEAP) refers (Special) to heapauxi.o(.text) for __use_two_region_memory
    startup_stm32f767xx.o(RESET) refers (Special) to heapauxi.o(.text) for __use_two_region_memory
    startup_stm32f767xx.o(RESET) refers to startup_stm32f767xx.o(STACK) for __initial_sp
    startup_stm32f767xx.o(RESET) refers to startup_stm32f767xx.o(.text) for Reset_Handler
    startup_stm32f767xx.o(RESET) refers to stm32f7xx_it.o(i.NMI_Handler) for NMI_Handler
    startup_stm32f767xx.o(RESET) refers to stm32f7xx_it.o(i.HardFault_Handler) for HardFault_Handler
    startup_stm32f767xx.o(RESET) refers to mpu.o(i.MemManage_Handler) for MemManage_Handler
    startup_stm32f767xx.o(RESET) refers to stm32f7xx_it.o(i.BusFault_Handler) for BusFault_Handler
    startup_stm32f767xx.o(RESET) refers to stm32f7xx_it.o(i.UsageFault_Handler) for UsageFault_Handler
    startup_stm32f767xx.o(RESET) refers to stm32f7xx_it.o(i.SVC_Handler) for SVC_Handler
    startup_stm32f767xx.o(RESET) refers to stm32f7xx_it.o(i.DebugMon_Handler) for DebugMon_Handler
    startup_stm32f767xx.o(RESET) refers to stm32f7xx_it.o(i.PendSV_Handler) for PendSV_Handler
    startup_stm32f767xx.o(RESET) refers to stm32f7xx_it.o(i.SysTick_Handler) for SysTick_Handler
    startup_stm32f767xx.o(RESET) refers to timer.o(i.TIM3_IRQHandler) for TIM3_IRQHandler
    startup_stm32f767xx.o(RESET) refers to usmart.o(i.TIM4_IRQHandler) for TIM4_IRQHandler
    startup_stm32f767xx.o(RESET) refers to usart.o(i.USART1_IRQHandler) for USART1_IRQHandler
[...]
    __rt_lib_init_user_alloc_1               0x080002d5   Thumb Code     0  libinit2.o(.ARM.Collect$$libinit$$0000000C)
    __rt_lib_shutdown                        0x080002d7   Thumb Code     0  libshutdown.o(.ARM.Collect$$libshutdown$$00000000)
    __rt_lib_shutdown_cpp_1                  0x080002d9   Thumb Code     0  libshutdown2.o(.ARM.Collect$$libshutdown$$00000002)
    __rt_lib_shutdown_fp_trap_1              0x080002d9   Thumb Code     0  libshutdown2.o(.ARM.Collect$$libshutdown$$00000007)
    __rt_lib_shutdown_heap_1                 0x080002d9   Thumb Code     0  libshutdown2.o(.ARM.Collect$$libshutdown$$0000000F)
    __rt_lib_shutdown_return                 0x080002d9   Thumb Code     0  libshutdown2.o(.ARM.Collect$$libshutdown$$00000010)
    __rt_lib_shutdown_signal_1               0x080002d9   Thumb Code     0  libshutdown2.o(.ARM.Collect$$libshutdown$$0000000A)
    __rt_lib_shutdown_stdio_1                0x080002d9   Thumb Code     0  libshutdown2.o(.ARM.Collect$$libshutdown$$00000004)
    __rt_lib_shutdown_user_alloc_1           0x080002d9   Thumb Code     0  libshutdown2.o(.ARM.Collect$$libshutdown$$0000000C)
    __rt_entry                               0x080002db   Thumb Code     0  __rtentry.o(.ARM.Collect$$rtentry$$00000000)
    __rt_entry_presh_1                       0x080002db   Thumb Code     0  __rtentry2.o(.ARM.Collect$$rtentry$$00000002)
    __rt_entry_sh                            0x080002db   Thumb Code     0  __rtentry4.o(.ARM.Collect$$rtentry$$00000004)
    __rt_entry_li                            0x080002e1   Thumb Code     0  __rtentry2.o(.ARM.Collect$$rtentry$$0000000A)
    __rt_entry_postsh_1                      0x080002e1   Thumb Code     0  __rtentry2.o(.ARM.Collect$$rtentry$$00000009)
    __rt_entry_main                          0x080002e5   Thumb Code     0  __rtentry2.o(.ARM.Collect$$rtentry$$0000000D)
    __rt_entry_postli_1                      0x080002e5   Thumb Code     0  __rtentry2.o(.ARM.Collect$$rtentry$$0000000C)
    __rt_exit                                0x080002ed   Thumb Code     0  rtexit.o(.ARM.Collect$$rtexit$$00000000)
    __rt_exit_ls                             0x080002ef   Thumb Code     0  rtexit2.o(.ARM.Collect$$rtexit$$00000003)
    __rt_exit_prels_1                        0x080002ef   Thumb Code     0  rtexit2.o(.ARM.Collect$$rtexit$$00000002)
    __rt_exit_exit                           0x080002f3   Thumb Code     0  rtexit2.o(.ARM.Collect$$rtexit$$00000004)
    Reset_Handler                            0x080002f9   Thumb Code     8  startup_stm32f767xx.o(.text)
    ADC_IRQHandler                           0x08000313   Thumb Code     0  startup_stm32f767xx.o(.text)
    CAN1_RX0_IRQHandler                      0x08000313   Thumb Code     0  startup_stm32f767xx.o(.text)
    CAN1_RX1_IRQHandler                      0x08000313   Thumb Code     0  startup_stm32f767xx.o(.text)
    CAN1_SCE_IRQHandler                      0x08000313   Thumb Code     0  startup_stm32f767xx.o(.text)
    CAN1_TX_IRQHandler                       0x08000313   Thumb Code     0  startup_stm32f767xx.o(.text)
    CAN2_RX0_IRQHandler                      0x08000313   Thumb Code     0  startup_stm32f767xx.o(.text)
    CAN2_RX1_IRQHandler                      0x08000313   Thumb Code     0  startup_stm32f767xx.o(.text)
    CAN2_SCE_IRQHandler                      0x08000313   Thumb Code     0  startup_stm32f767xx.o(.text)
    CAN2_TX_IRQHandler                       0x08000313   Thumb Code     0  startup_stm32f767xx.o(.text)
    CAN3_RX0_IRQHandler                      0x08000313   Thumb Code     0  startup_stm32f767xx.o(.text)
    CAN3_RX1_IRQHandler                      0x08000313   Thumb Code     0  startup_stm32f767xx.o(.text)
    CAN3_SCE_IRQHandler                      0x08000313   Thumb Code     0  startup_stm32f767xx.o(.text)
    CAN3_TX_IRQHandler                       0x08000313   Thumb Code     0  startup_stm32f767xx.o(.text)
    CEC_IRQHandler                           0x08000313   Thumb Code     0  startup_stm32f767xx.o(.text)
    DFSDM1_FLT0_IRQHandler                   0x08000313   Thumb Code     0  startup_stm32f767xx.o(.text)
    DFSDM1_FLT1_IRQHandler                   0x08000313   Thumb Code     0  startup_stm32f767xx.o(.text)
    DFSDM1_FLT2_IRQHandler                   0x08000313   Thumb Code     0  startup_stm32f767xx.o(.text)
    DFSDM1_FLT3_IRQHandler                   0x08000313   Thumb Code     0  startup_stm32f767xx.o(.text)
    DMA1_Stream0_IRQHandler                  0x08000313   Thumb Code     0  startup_stm32f767xx.o(.text)
    DMA1_Stream1_IRQHandler                  0x08000313   Thumb Code     0  startup_stm32f767xx.o(.text)
    DMA1_Stream2_IRQHandler                  0x08000313   Thumb Code     0  startup_stm32f767xx.o(.text)
    DMA1_Stream3_IRQHandler                  0x08000313   Thumb Code     0  startup_stm32f767xx.o(.text)
    DMA1_Stream4_IRQHandler                  0x08000313   Thumb Code     0  startup_stm32f767xx.o(.text)
    DMA1_Stream5_IRQHandler                  0x08000313   Thumb Code     0  startup_stm32f767xx.o(.text)
    DMA1_Stream6_IRQHandler                  0x08000313   Thumb Code     0  startup_stm32f767xx.o(.text)
    DMA1_Stream7_IRQHandler                  0x08000313   Thumb Code     0  startup_stm32f767xx.o(.text)
    DMA2D_IRQHandler                         0x08000313   Thumb Code     0  startup_stm32f767xx.o(.text)
    DMA2_Stream0_IRQHandler                  0x08000313   Thumb Code     0  startup_stm32f767xx.o(.text)
    DMA2_Stream2_IRQHandler                  0x08000313   Thumb Code     0  startup_stm32f767xx.o(.text)
    DMA2_Stream3_IRQHandler                  0x08000313   Thumb Code     0  startup_stm32f767xx.o(.text)
    DMA2_Stream4_IRQHandler                  0x08000313   Thumb Code     0  startup_stm32f767xx.o(.text)
    DMA2_Stream5_IRQHandler                  0x08000313   Thumb Code     0  startup_stm32f767xx.o(.text)
    DMA2_Stream6_IRQHandler                  0x08000313   Thumb Code     0  startup_stm32f767xx.o(.text)
    DMA2_Stream7_IRQHandler                  0x08000313   Thumb Code     0  startup_stm32f767xx.o(.text)
    ETH_IRQHandler                           0x08000313   Thumb Code     0  startup_stm32f767xx.o(.text)
    ETH_WKUP_IRQHandler                      0x08000313   Thumb Code     0  startup_stm32f767xx.o(.text)
    EXTI0_IRQHandler                         0x08000313   Thumb Code     0  startup_stm32f767xx.o(.text)
    EXTI15_10_IRQHandler                     0x08000313   Thumb Code     0  startup_stm32f767xx.o(.text)
    EXTI1_IRQHandler                         0x08000313   Thumb Code     0  startup_stm32f767xx.o(.text)
    EXTI2_IRQHandler                         0x08000313   Thumb Code     0  startup_stm32f767xx.o(.text)
    EXTI3_IRQHandler                         0x08000313   Thumb Code     0  startup_stm32f767xx.o(.text)
    EXTI4_IRQHandler                         0x08000313   Thumb Code     0  startup_stm32f767xx.o(.text)
    EXTI9_5_IRQHandler                       0x08000313   Thumb Code     0  startup_stm32f767xx.o(.text)
    FLASH_IRQHandler                         0x08000313   Thumb Code     0  startup_stm32f767xx.o(.text)
    FMC_IRQHandler                           0x08000313   Thumb Code     0  startup_stm32f767xx.o(.text)
    FPU_IRQHandler                           0x08000313   Thumb Code     0  startup_stm32f767xx.o(.text)
    I2C1_ER_IRQHandler                       0x08000313   Thumb Code     0  startup_stm32f767xx.o(.text)
    I2C1_EV_IRQHandler                       0x08000313   Thumb Code     0  startup_stm32f767xx.o(.text)
    I2C2_ER_IRQHandler                       0x08000313   Thumb Code     0  startup_stm32f767xx.o(.text)
    I2C2_EV_IRQHandler                       0x08000313   Thumb Code     0  startup_stm32f767xx.o(.text)
    I2C3_ER_IRQHandler                       0x08000313   Thumb Code     0  startup_stm32f767xx.o(.text)
    I2C3_EV_IRQHandler                       0x08000313   Thumb Code     0  startup_stm32f767xx.o(.text)
    I2C4_ER_IRQHandler                       0x08000313   Thumb Code     0  startup_stm32f767xx.o(.text)
    I2C4_EV_IRQHandler                       0x08000313   Thumb Code     0  startup_stm32f767xx.o(.text)
    JPEG_IRQHandler                          0x08000313   Thumb Code     0  startup_stm32f767xx.o(.text)
    LPTIM1_IRQHandler                        0x08000313   Thumb Code     0  startup_stm32f767xx.o(.text)
    LTDC_ER_IRQHandler                       0x08000313   Thumb Code     0  startup_stm32f767xx.o(.text)
    LTDC_IRQHandler                          0x08000313   Thumb Code     0  startup_stm32f767xx.o(.text)
    MDIOS_IRQHandler                         0x08000313   Thumb Code     0  startup_stm32f767xx.o(.text)
    OTG_FS_IRQHandler                        0x08000313   Thumb Code     0  startup_stm32f767xx.o(.text)
    OTG_FS_WKUP_IRQHandler                   0x08000313   Thumb Code     0  startup_stm32f767xx.o(.text)
    OTG_HS_EP1_IN_IRQHandler                 0x08000313   Thumb Code     0  startup_stm32f767xx.o(.text)
    OTG_HS_EP1_OUT_IRQHandler                0x08000313   Thumb Code     0  startup_stm32f767xx.o(.text)
    OTG_HS_IRQHandler                        0x08000313   Thumb Code     0  startup_stm32f767xx.o(.text)
    OTG_HS_WKUP_IRQHandler                   0x08000313   Thumb Code     0  startup_stm32f767xx.o(.text)
    PVD_IRQHandler                           0x08000313   Thumb Code     0  startup_stm32f767xx.o(.text)
    QUADSPI_IRQHandler                       0x08000313   Thumb Code     0  startup_stm32f767xx.o(.text)
    RCC_IRQHandler                           0x08000313   Thumb Code     0  startup_stm32f767xx.o(.text)
    RNG_IRQHandler                           0x08000313   Thumb Code     0  startup_stm32f767xx.o(.text)
    RTC_Alarm_IRQHandler                     0x08000313   Thumb Code     0  startup_stm32f767xx.o(.text)
    RTC_WKUP_IRQHandler                      0x08000313   Thumb Code     0  startup_stm32f767xx.o(.text)
    SAI1_IRQHandler                          0x08000313   Thumb Code     0  startup_stm32f767xx.o(.text)
    SAI2_IRQHandler                          0x08000313   Thumb Code     0  startup_stm32f767xx.o(.text)
    SDMMC1_IRQHandler                        0x08000313   Thumb Code     0  startup_stm32f767xx.o(.text)
    SDMMC2_IRQHandler                        0x08000313   Thumb Code     0  startup_stm32f767xx.o(.text)
    SPDIF_RX_IRQHandler                      0x08000313   Thumb Code     0  startup_stm32f767xx.o(.text)
    SPI1_IRQHandler                          0x08000313   Thumb Code     0  startup_stm32f767xx.o(.text)
    SPI2_IRQHandler                          0x08000313   Thumb Code     0  startup_stm32f767xx.o(.text)
    SPI3_IRQHandler                          0x08000313   Thumb Code     0  startup_stm32f767xx.o(.text)
    SPI4_IRQHandler                          0x08000313   Thumb Code     0  startup_stm32f767xx.o(.text)
    SPI5_IRQHandler                          0x08000313   Thumb Code     0  startup_stm32f767xx.o(.text)
    SPI6_IRQHandler                          0x08000313   Thumb Code     0  startup_stm32f767xx.o(.text)
    TAMP_STAMP_IRQHandler                    0x08000313   Thumb Code     0  startup_stm32f767xx.o(.text)
    TIM1_BRK_TIM9_IRQHandler                 0x08000313   Thumb Code     0  startup_stm32f767xx.o(.text)
    TIM1_CC_IRQHandler                       0x08000313   Thumb Code     0  startup_stm32f767xx.o(.text)
    TIM1_TRG_COM_TIM11_IRQHandler            0x08000313   Thumb Code     0  startup_stm32f767xx.o(.text)
    TIM1_UP_TIM10_IRQHandler                 0x08000313   Thumb Code     0  startup_stm32f767xx.o(.text)
    TIM2_IRQHandler                          0x08000313   Thumb Code     0  startup_stm32f767xx.o(.text)
    TIM5_IRQHandler                          0x08000313   Thumb Code     0  startup_stm32f767xx.o(.text)
    TIM6_DAC_IRQHandler                      0x08000313   Thumb Code     0  startup_stm32f767xx.o(.text)
    TIM7_IRQHandler                          0x08000313   Thumb Code     0  startup_stm32f767xx.o(.text)
    TIM8_BRK_TIM12_IRQHandler                0x08000313   Thumb Code     0  startup_stm32f767xx.o(.text)
    TIM8_CC_IRQHandler                       0x08000313   Thumb Code     0  startup_stm32f767xx.o(.text)
    TIM8_TRG_COM_TIM14_IRQHandler            0x08000313   Thumb Code     0  startup_stm32f767xx.o(.text)
    TIM8_UP_TIM13_IRQHandler                 0x08000313   Thumb Code     0  startup_stm32f767xx.o(.text)
    UART4_IRQHandler                         0x08000313   Thumb Code     0  startup_stm32f767xx.o(.text)
    UART5_IRQHandler                         0x08000313   Thumb Code     0  startup_stm32f767xx.o(.text)
    UART7_IRQHandler                         0x08000313   Thumb Code     0  startup_stm32f767xx.o(.text)
    UART8_IRQHandler                         0x08000313   Thumb Code     0  startup_stm32f767xx.o(.text)
    USART2_IRQHandler                        0x08000313   Thumb Code     0  startup_stm32f767xx.o(.text)
    USART3_IRQHandler                        0x08000313   Thumb Code     0  startup_stm32f767xx.o(.text)
    USART6_IRQHandler                        0x08000313   Thumb Code     0  startup_stm32f767xx.o(.text)
    WWDG_IRQHandler                          0x08000313   Thumb Code     0  startup_stm32f767xx.o(.text)
    __user_initial_stackheap                 0x08000315   Thumb Code     0  startup_stm32f767xx.o(.text)
    __use_no_semihosting                     0x08000339   Thumb Code     2  use_no_semi_2.o(.text)
    __2printf                                0x0800033d   Thumb Code    20  noretval__2printf.o(.text)
    _printf_pre_padding                      0x08000355   Thumb Code    44  _printf_pad.o(.text)
    _printf_post_padding                     0x08000381   Thumb Code    34  _printf_pad.o(.text)
    _printf_str                              0x080003a3   Thumb Code    82  _printf_str.o(.text)
    _printf_int_dec                          0x080003f5   Thumb Code   104  _printf_dec.o(.text)
    _printf_int_hex                          0x0800046d   Thumb Code    84  _printf_hex_int.o(.text)
    _printf_longlong_hex                     0x0800046d   Thumb Code     0  _printf_hex_int.o(.text)
    __printf                                 0x080004c5   Thumb Code   388  __printf_flags_ss_wp.o(.text)
    __use_two_region_memory                  0x0800064d   Thumb Code     2  heapauxi.o(.text)
    __rt_heap_escrow$2region                 0x0800064f   Thumb Code     2  heapauxi.o(.text)
    __rt_heap_expand$2region                 0x08000651   Thumb Code     2  heapauxi.o(.text)
    __I$use$semihosting                      0x08000653   Thumb Code     0  use_no_semi.o(.text)
    __use_no_semihosting_swi                 0x08000653   Thumb Code     2  use_no_semi.o(.text)
    _printf_int_common                       0x08000655   Thumb Code   178  _printf_intcommon.o(.text)
    _printf_cs_common                        0x08000707   Thumb Code    20  _printf_char.o(.text)
    _printf_char                             0x0800071b   Thumb Code    16  _printf_char.o(.text)
    _printf_string                           0x0800072b   Thumb Code     8  _printf_char.o(.text)
    _printf_char_file                        0x08000735   Thumb Code    32  _printf_char_file.o(.text)
    _printf_char_common                      0x08000763   Thumb Code    32  _printf_char_common.o(.text)
    ferror                                   0x08000789   Thumb Code     8  ferror.o(.text)
    __user_setup_stackheap                   0x08000791   Thumb Code    74  sys_stackheap_outer.o(.text)
    exit                                     0x080007db   Thumb Code    18  exit.o(.text)
    __user_libspace                          0x080007ed   Thumb Code     8  libspace.o(.text)
    __user_perproc_libspace                  0x080007ed   Thumb Code     0  libspace.o(.text)
    __user_perthread_libspace                0x080007ed   Thumb Code     0  libspace.o(.text)
    BusFault_Handler                         0x080007f5   Thumb Code     2  stm32f7xx_it.o(i.BusFault_Handler)
    Cache_Enable                             0x080007f9   Thumb Code   118  sys.o(i.Cache_Enable)
    DCMI_CR_Set                              0x08000885   Thumb Code    58  dcmi.o(i.DCMI_CR_Set)
    DCMI_DMA_Init                            0x080008e9   Thumb Code   156  dcmi.o(i.DCMI_DMA_Init)
    DCMI_IRQHandler                          0x08000995   Thumb Code     6  dcmi.o(i.DCMI_IRQHandler)
    DCMI_Init                                0x080009a1   Thumb Code    70  dcmi.o(i.DCMI_Init)
    DCMI_Set_Window                          0x080009f1   Thumb Code   118  dcmi.o(i.DCMI_Set_Window)
    DCMI_Start                               0x08000a71   Thumb Code    38  dcmi.o(i.DCMI_Start)
    DCMI_Stop                                0x08000aa1   Thumb Code    32  dcmi.o(i.DCMI_Stop)
    DMA2_Stream1_IRQHandler                  0x08000ac9   Thumb Code   160  dcmi.o(i.DMA2_Stream1_IRQHandler)
    DebugMon_Handler                         0x08000b95   Thumb Code     2  stm32f7xx_it.o(i.DebugMon_Handler)
    FMC_NORSRAM_Extended_Timing_Init         0x08000b99   Thumb Code    66  stm32f7xx_ll_fmc.o(i.FMC_NORSRAM_Extended_Timing_Init)
    FMC_NORSRAM_Init                         0x08000be1   Thumb Code   156  stm32f7xx_ll_fmc.o(i.FMC_NORSRAM_Init)
    FMC_NORSRAM_Timing_Init                  0x08000c81   Thumb Code   106  stm32f7xx_ll_fmc.o(i.FMC_NORSRAM_Timing_Init)
    FMC_SDRAM_Init                           0x08000cf1   Thumb Code   100  stm32f7xx_ll_fmc.o(i.FMC_SDRAM_Init)
    FMC_SDRAM_ProgramRefreshRate             0x08000d55   Thumb Code    12  stm32f7xx_ll_fmc.o(i.FMC_SDRAM_ProgramRefreshRate)
    FMC_SDRAM_SendCommand                    0x08000d61   Thumb Code    82  stm32f7xx_ll_fmc.o(i.FMC_SDRAM_SendCommand)
    FMC_SDRAM_Timing_Init                    0x08000db3   Thumb Code   144  stm32f7xx_ll_fmc.o(i.FMC_SDRAM_Timing_Init)
    Get_HzMat                                0x08000e45   Thumb Code   216  text.o(i.Get_HzMat)
    HAL_DCMI_DeInit                          0x08000f21   Thumb Code    22  stm32f7xx_hal_dcmi.o(i.HAL_DCMI_DeInit)
    HAL_DCMI_ErrorCallback                   0x08000f37   Thumb Code     2  stm32f7xx_hal_dcmi.o(i.HAL_DCMI_ErrorCallback)
    HAL_DCMI_FrameEventCallback              0x08000f39   Thumb Code    40  dcmi.o(i.HAL_DCMI_FrameEventCallback)
    HAL_DCMI_IRQHandler                      0x08000f6d   Thumb Code   168  stm32f7xx_hal_dcmi.o(i.HAL_DCMI_IRQHandler)
    HAL_DCMI_Init                            0x08001019   Thumb Code   194  stm32f7xx_hal_dcmi.o(i.HAL_DCMI_Init)
    HAL_DCMI_LineEventCallback               0x080010e1   Thumb Code     2  stm32f7xx_hal_dcmi.o(i.HAL_DCMI_LineEventCallback)
    HAL_DCMI_MspDeInit                       0x080010e3   Thumb Code     2  stm32f7xx_hal_dcmi.o(i.HAL_DCMI_MspDeInit)
    HAL_DCMI_MspInit                         0x080010e5   Thumb Code   206  dcmi.o(i.HAL_DCMI_MspInit)
    HAL_DCMI_VsyncEventCallback              0x080011d1   Thumb Code    36  dcmi.o(i.HAL_DCMI_VsyncEventCallback)
    HAL_DMA_Abort_IT                         0x08001201   Thumb Code    36  stm32f7xx_hal_dma.o(i.HAL_DMA_Abort_IT)
    HAL_DMA_DeInit                           0x08001225   Thumb Code   126  stm32f7xx_hal_dma.o(i.HAL_DMA_DeInit)
    HAL_DMA_Init                             0x080012ad   Thumb Code   376  stm32f7xx_hal_dma.o(i.HAL_DMA_Init)
    HAL_DMA_Start                            0x08001431   Thumb Code   108  stm32f7xx_hal_dma.o(i.HAL_DMA_Start)
    HAL_GPIO_Init                            0x0800149d   Thumb Code   580  stm32f7xx_hal_gpio.o(i.HAL_GPIO_Init)
    HAL_GPIO_ReadPin                         0x080016f5   Thumb Code    10  stm32f7xx_hal_gpio.o(i.HAL_GPIO_ReadPin)
    HAL_GPIO_TogglePin                       0x080016ff   Thumb Code     8  stm32f7xx_hal_gpio.o(i.HAL_GPIO_TogglePin)
    HAL_GPIO_WritePin                        0x08001707   Thumb Code    10  stm32f7xx_hal_gpio.o(i.HAL_GPIO_WritePin)
    HAL_GetTick                              0x08001711   Thumb Code     6  stm32f7xx_hal.o(i.HAL_GetTick)
    HAL_IncTick                              0x0800171d   Thumb Code    10  stm32f7xx_hal.o(i.HAL_IncTick)
    HAL_Init                                 0x0800172d   Thumb Code    32  stm32f7xx_hal.o(i.HAL_Init)
    HAL_InitTick                             0x08001751   Thumb Code    34  stm32f7xx_hal.o(i.HAL_InitTick)
    HAL_LTDC_ConfigLayer                     0x08001779   Thumb Code    88  stm32f7xx_hal_ltdc.o(i.HAL_LTDC_ConfigLayer)
    HAL_LTDC_Init                            0x080017d1   Thumb Code   282  stm32f7xx_hal_ltdc.o(i.HAL_LTDC_Init)
    HAL_LTDC_MspInit                         0x080018f1   Thumb Code   212  ltdc.o(i.HAL_LTDC_MspInit)
    HAL_LTDC_SetWindowPosition               0x080019e1   Thumb Code    86  stm32f7xx_hal_ltdc.o(i.HAL_LTDC_SetWindowPosition)
    HAL_LTDC_SetWindowSize                   0x08001a37   Thumb Code    84  stm32f7xx_hal_ltdc.o(i.HAL_LTDC_SetWindowSize)
    HAL_MPU_ConfigRegion                     0x08001a8d   Thumb Code    92  stm32f7xx_hal_cortex.o(i.HAL_MPU_ConfigRegion)
    HAL_MspInit                              0x08001aed   Thumb Code     2  stm32f7xx_hal.o(i.HAL_MspInit)
    HAL_NVIC_EnableIRQ                       0x08001aef   Thumb Code    24  stm32f7xx_hal_cortex.o(i.HAL_NVIC_EnableIRQ)
    HAL_NVIC_SetPriority                     0x08001b09   Thumb Code    92  stm32f7xx_hal_cortex.o(i.HAL_NVIC_SetPriority)
    HAL_NVIC_SetPriorityGrouping             0x08001b69   Thumb Code    30  stm32f7xx_hal_cortex.o(i.HAL_NVIC_SetPriorityGrouping)
    HAL_PWREx_EnableOverDrive                0x08001b8d   Thumb Code   116  stm32f7xx_hal_pwr_ex.o(i.HAL_PWREx_EnableOverDrive)
    HAL_QSPI_Command                         0x08001c09   Thumb Code   146  stm32f7xx_hal_qspi.o(i.HAL_QSPI_Command)
    HAL_QSPI_Receive                         0x08001c9b   Thumb Code   198  stm32f7xx_hal_qspi.o(i.HAL_QSPI_Receive)
    HAL_RCCEx_PeriphCLKConfig                0x08001d61   Thumb Code  1928  stm32f7xx_hal_rcc_ex.o(i.HAL_RCCEx_PeriphCLKConfig)
    HAL_RCC_ClockConfig                      0x080024f5   Thumb Code   492  stm32f7xx_hal_rcc.o(i.HAL_RCC_ClockConfig)
    HAL_RCC_GetPCLK1Freq                     0x08002701   Thumb Code    34  stm32f7xx_hal_rcc.o(i.HAL_RCC_GetPCLK1Freq)
    HAL_RCC_GetPCLK2Freq                     0x08002731   Thumb Code    34  stm32f7xx_hal_rcc.o(i.HAL_RCC_GetPCLK2Freq)
    HAL_RCC_GetSysClockFreq                  0x08002761   Thumb Code   136  stm32f7xx_hal_rcc.o(i.HAL_RCC_GetSysClockFreq)
    HAL_RCC_OscConfig                        0x080027f9   Thumb Code   994  stm32f7xx_hal_rcc_ex.o(i.HAL_RCC_OscConfig)
    HAL_SDRAM_Init                           0x08002bf1   Thumb Code    66  stm32f7xx_hal_sdram.o(i.HAL_SDRAM_Init)
    HAL_SDRAM_MspInit                        0x08002c35   Thumb Code   192  sdram.o(i.HAL_SDRAM_MspInit)
    HAL_SDRAM_ProgramRefreshRate             0x08002d11   Thumb Code    36  stm32f7xx_hal_sdram.o(i.HAL_SDRAM_ProgramRefreshRate)
    HAL_SDRAM_SendCommand                    0x08002d35   Thumb Code    46  stm32f7xx_hal_sdram.o(i.HAL_SDRAM_SendCommand)
    HAL_SRAM_Init                            0x08002d63   Thumb Code    86  stm32f7xx_hal_sram.o(i.HAL_SRAM_Init)
    HAL_SRAM_MspInit                         0x08002db9   Thumb Code   104  lcd.o(i.HAL_SRAM_MspInit)
    HAL_SYSTICK_CLKSourceConfig              0x08002e31   Thumb Code    22  stm32f7xx_hal_cortex.o(i.HAL_SYSTICK_CLKSourceConfig)
    HAL_SYSTICK_Config                       0x08002e49   Thumb Code    36  stm32f7xx_hal_cortex.o(i.HAL_SYSTICK_Config)
    HAL_TIMEx_BreakCallback                  0x08002e71   Thumb Code     2  stm32f7xx_hal_tim_ex.o(i.HAL_TIMEx_BreakCallback)
    HAL_TIMEx_CommutationCallback            0x08002e73   Thumb Code     2  stm32f7xx_hal_tim_ex.o(i.HAL_TIMEx_CommutationCallback)
    HAL_TIM_Base_Init                        0x08002e75   Thumb Code    50  stm32f7xx_hal_tim.o(i.HAL_TIM_Base_Init)
    HAL_TIM_Base_MspInit                     0x08002ea9   Thumb Code    40  timer.o(i.HAL_TIM_Base_MspInit)
    HAL_TIM_Base_Start_IT                    0x08002ed5   Thumb Code    24  stm32f7xx_hal_tim.o(i.HAL_TIM_Base_Start_IT)
    HAL_TIM_IC_CaptureCallback               0x08002eed   Thumb Code     2  stm32f7xx_hal_tim.o(i.HAL_TIM_IC_CaptureCallback)
    HAL_TIM_IRQHandler                       0x08002eef   Thumb Code   388  stm32f7xx_hal_tim.o(i.HAL_TIM_IRQHandler)
    HAL_TIM_OC_DelayElapsedCallback          0x08003073   Thumb Code     2  stm32f7xx_hal_tim.o(i.HAL_TIM_OC_DelayElapsedCallback)
    HAL_TIM_PWM_ConfigChannel                0x08003075   Thumb Code   454  stm32f7xx_hal_tim_ex.o(i.HAL_TIM_PWM_ConfigChannel)
    HAL_TIM_PWM_Init                         0x08003245   Thumb Code    54  stm32f7xx_hal_tim.o(i.HAL_TIM_PWM_Init)
    HAL_TIM_PWM_MspInit                      0x0800327b   Thumb Code     2  mt9v034.o(i.HAL_TIM_PWM_MspInit)
    HAL_TIM_PWM_PulseFinishedCallback        0x0800327d   Thumb Code     2  stm32f7xx_hal_tim.o(i.HAL_TIM_PWM_PulseFinishedCallback)
    HAL_TIM_PWM_Start                        0x0800327f   Thumb Code    64  stm32f7xx_hal_tim.o(i.HAL_TIM_PWM_Start)
    HAL_TIM_PeriodElapsedCallback            0x080032c1   Thumb Code    26  timer.o(i.HAL_TIM_PeriodElapsedCallback)
    HAL_TIM_TriggerCallback                  0x080032f1   Thumb Code     2  stm32f7xx_hal_tim.o(i.HAL_TIM_TriggerCallback)
    HAL_UART_ErrorCallback                   0x080032f3   Thumb Code     2  stm32f7xx_hal_uart.o(i.HAL_UART_ErrorCallback)
    HAL_UART_IRQHandler                      0x080032f5   Thumb Code   676  stm32f7xx_hal_uart.o(i.HAL_UART_IRQHandler)
    HAL_UART_Init                            0x0800359d   Thumb Code   110  stm32f7xx_hal_uart.o(i.HAL_UART_Init)
    HAL_UART_MspInit                         0x0800360d   Thumb Code   128  usart.o(i.HAL_UART_MspInit)
    HAL_UART_Receive                         0x08003699   Thumb Code   330  stm32f7xx_hal_uart.o(i.HAL_UART_Receive)
    HAL_UART_RxCpltCallback                  0x080037e3   Thumb Code     2  stm32f7xx_hal_uart.o(i.HAL_UART_RxCpltCallback)
    HAL_UART_TxCpltCallback                  0x080037e5   Thumb Code     2  stm32f7xx_hal_uart.o(i.HAL_UART_TxCpltCallback)
    HardFault_Handler                        0x080037e7   Thumb Code     2  stm32f7xx_it.o(i.HardFault_Handler)
    IIC_Init                                 0x080037e9   Thumb Code    70  myiic.o(i.IIC_Init)
    IIC_Read_Byte                            0x08003839   Thumb Code   228  myiic.o(i.IIC_Read_Byte)
    IIC_Send_Byte                            0x08003921   Thumb Code   116  myiic.o(i.IIC_Send_Byte)
    IIC_Start                                0x08003999   Thumb Code    76  myiic.o(i.IIC_Start)
    IIC_Stop                                 0x080039e9   Thumb Code    76  myiic.o(i.IIC_Stop)
    IIC_Wait_Ack                             0x08003a39   Thumb Code   168  myiic.o(i.IIC_Wait_Ack)
    LCD_Clear                                0x08003ae5   Thumb Code    82  lcd.o(i.LCD_Clear)
    LCD_Display_Dir                          0x08003b49   Thumb Code   252  lcd.o(i.LCD_Display_Dir)
    LCD_Fast_DrawPoint                       0x08003c4d   Thumb Code   594  lcd.o(i.LCD_Fast_DrawPoint)
    LCD_Init                                 0x08003eb1   Thumb Code 19412  lcd.o(i.LCD_Init)
    LCD_Scan_Dir                             0x08008aa1   Thumb Code   790  lcd.o(i.LCD_Scan_Dir)
    LCD_SetCursor                            0x08008dc1   Thumb Code   692  lcd.o(i.LCD_SetCursor)
    LCD_Set_Window                           0x0800907d   Thumb Code   894  lcd.o(i.LCD_Set_Window)
    LCD_ShowChar                             0x08009405   Thumb Code   292  lcd.o(i.LCD_ShowChar)
    LCD_ShowxNum                             0x08009535   Thumb Code   198  lcd.o(i.LCD_ShowxNum)
    LCD_WriteRAM_Prepare                     0x08009601   Thumb Code    10  lcd.o(i.LCD_WriteRAM_Prepare)
    LED_Init                                 0x08009615   Thumb Code    68  led.o(i.LED_Init)
    LTDC_Clear                               0x08009661   Thumb Code    28  ltdc.o(i.LTDC_Clear)
    LTDC_Display_Dir                         0x08009681   Thumb Code    34  ltdc.o(i.LTDC_Display_Dir)
    LTDC_Draw_Point                          0x080096a9   Thumb Code    60  ltdc.o(i.LTDC_Draw_Point)
    LTDC_Fill                                0x080096ed   Thumb Code   180  ltdc.o(i.LTDC_Fill)
    LTDC_Init                                0x080097b1   Thumb Code   620  ltdc.o(i.LTDC_Init)
    LTDC_PanelID_Read                        0x08009a45   Thumb Code   172  ltdc.o(i.LTDC_PanelID_Read)
    MPU_Memory_Protection                    0x08009cdb   Thumb Code    54  mpu.o(i.MPU_Memory_Protection)
    MPU_Set_Protection                       0x08009d11   Thumb Code   100  mpu.o(i.MPU_Set_Protection)
    MemManage_Handler                        0x08009d7d   Thumb Code    64  mpu.o(i.MemManage_Handler)
    NMI_Handler                              0x08009df5   Thumb Code     2  stm32f7xx_it.o(i.NMI_Handler)
    OV5640_Brightness                        0x08009df7   Thumb Code    88  ov5640.o(i.OV5640_Brightness)
    OV5640_Color_Saturation                  0x08009e51   Thumb Code   120  ov5640.o(i.OV5640_Color_Saturation)
    OV5640_Contrast                          0x08009ecd   Thumb Code   108  ov5640.o(i.OV5640_Contrast)
    OV5640_Flash_Ctrl                        0x08009f39   Thumb Code    54  ov5640.o(i.OV5640_Flash_Ctrl)
    OV5640_Focus_Constant                    0x08009f71   Thumb Code   194  ov5640.o(i.OV5640_Focus_Constant)
    OV5640_Focus_Init                        0x0800a035   Thumb Code   222  ov5640.o(i.OV5640_Focus_Init)
    OV5640_Focus_Single                      0x0800a119   Thumb Code    92  ov5640.o(i.OV5640_Focus_Single)
    OV5640_ImageWin_Set                      0x0800a175   Thumb Code   140  ov5640.o(i.OV5640_ImageWin_Set)
    OV5640_Light_Mode                        0x0800a201   Thumb Code    66  ov5640.o(i.OV5640_Light_Mode)
    OV5640_OutSize_Set                       0x0800a249   Thumb Code   128  ov5640.o(i.OV5640_OutSize_Set)
    OV5640_PWDN_Set                          0x0800a2c9   Thumb Code     8  ov5640.o(i.OV5640_PWDN_Set)
    OV5640_RD_Reg                            0x0800a2d1   Thumb Code    58  ov5640.o(i.OV5640_RD_Reg)
    OV5640_Sharpness                         0x0800a30b   Thumb Code   126  ov5640.o(i.OV5640_Sharpness)
    OV5640_Special_Effects                   0x0800a389   Thumb Code    86  ov5640.o(i.OV5640_Special_Effects)
    OV5640_Test_Pattern                      0x0800a3e5   Thumb Code    42  ov5640.o(i.OV5640_Test_Pattern)
    OV5640_WR_Reg                            0x0800a40f   Thumb Code    68  ov5640.o(i.OV5640_WR_Reg)
    PCF8574_Init                             0x0800a455   Thumb Code   110  pcf8574.o(i.PCF8574_Init)
    PCF8574_WriteBit                         0x0800a4cd   Thumb Code    86  pcf8574.o(i.PCF8574_WriteBit)
    PendSV_Handler                           0x0800a523   Thumb Code     2  stm32f7xx_it.o(i.PendSV_Handler)
    QSPI_Receive                             0x0800a775   Thumb Code    30  qspi.o(i.QSPI_Receive)
    QSPI_Send_CMD                            0x0800a799   Thumb Code    58  qspi.o(i.QSPI_Send_CMD)
    SCCB_Init                                0x0800a831   Thumb Code    52  sccb.o(i.SCCB_Init)
    SCCB_No_Ack                              0x0800a86d   Thumb Code    72  sccb.o(i.SCCB_No_Ack)
    SCCB_RD_Byte                             0x0800a8b9   Thumb Code   100  sccb.o(i.SCCB_RD_Byte)
    SCCB_Start                               0x0800a921   Thumb Code    60  sccb.o(i.SCCB_Start)
    SCCB_Stop                                0x0800a961   Thumb Code    56  sccb.o(i.SCCB_Stop)
    SCCB_WR_Byte                             0x0800a99d   Thumb Code   160  sccb.o(i.SCCB_WR_Byte)
    SDRAM_Init                               0x0800aa41   Thumb Code    92  sdram.o(i.SDRAM_Init)
    SDRAM_Initialization_Sequence            0x0800aaa5   Thumb Code   136  sdram.o(i.SDRAM_Initialization_Sequence)
    SVC_Handler                              0x0800ab31   Thumb Code     2  stm32f7xx_it.o(i.SVC_Handler)
    Show_Str                                 0x0800ab35   Thumb Code   408  text.o(i.Show_Str)
    Stm32_Clock_Init                         0x0800acd5   Thumb Code   144  sys.o(i.Stm32_Clock_Init)
    SysTick_Handler                          0x0800ad6d   Thumb Code     4  stm32f7xx_it.o(i.SysTick_Handler)
    SystemInit                               0x0800ad71   Thumb Code    76  system_stm32f7xx.o(i.SystemInit)
    TIM3_IRQHandler                          0x0800add1   Thumb Code     6  timer.o(i.TIM3_IRQHandler)
    TIM4_IRQHandler                          0x0800addd   Thumb Code    44  usmart.o(i.TIM4_IRQHandler)
    TIM_Base_SetConfig                       0x0800ae11   Thumb Code   176  stm32f7xx_hal_tim.o(i.TIM_Base_SetConfig)
    TIM_OC1_SetConfig                        0x0800aed5   Thumb Code   102  stm32f7xx_hal_tim.o(i.TIM_OC1_SetConfig)
    TIM_OC2_SetConfig                        0x0800af3b   Thumb Code   108  stm32f7xx_hal_tim.o(i.TIM_OC2_SetConfig)
    TIM_OC3_SetConfig                        0x0800afa7   Thumb Code   108  stm32f7xx_hal_tim.o(i.TIM_OC3_SetConfig)
    TIM_OC4_SetConfig                        0x0800b013   Thumb Code    88  stm32f7xx_hal_tim.o(i.TIM_OC4_SetConfig)
    UART_AdvFeatureConfig                    0x0800b06b   Thumb Code   218  stm32f7xx_hal_uart.o(i.UART_AdvFeatureConfig)
    UART_CheckIdleState                      0x0800b145   Thumb Code    96  stm32f7xx_hal_uart.o(i.UART_CheckIdleState)
    UART_SetConfig                           0x0800b1b9   Thumb Code   682  stm32f7xx_hal_uart.o(i.UART_SetConfig)
    UART_WaitOnFlagUntilTimeout              0x0800b475   Thumb Code   118  stm32f7xx_hal_uart.o(i.UART_WaitOnFlagUntilTimeout)
    USART1_IRQHandler                        0x0800b4ed   Thumb Code   108  usart.o(i.USART1_IRQHandler)
    UsageFault_Handler                       0x0800b565   Thumb Code     2  stm32f7xx_it.o(i.UsageFault_Handler)
    W25QXX_Read                              0x0800b567   Thumb Code    50  w25qxx.o(i.W25QXX_Read)
    __ARM_common_memclr4_10                  0x0800b599   Thumb Code    10  usmart_str.o(i.__ARM_common_memclr4_10)
    _is_digit                                0x0800b5a3   Thumb Code    14  __printf_wp.o(i._is_digit)
    _sys_exit                                0x0800b5b1   Thumb Code     2  usart.o(i._sys_exit)
    bayer2rgb                                0x0800b5b5   Thumb Code   442  image.o(i.bayer2rgb)
    delay_init                               0x0800b775   Thumb Code    16  delay.o(i.delay_init)
    delay_ms                                 0x0800b789   Thumb Code    68  delay.o(i.delay_ms)
    delay_us                                 0x0800b7d1   Thumb Code    50  delay.o(i.delay_us)
    exfuns_init                              0x0800b809   Thumb Code    98  exfuns.o(i.exfuns_init)
    fputc                                    0x0800b875   Thumb Code    16  usart.o(i.fputc)
    main                                     0x0800b889   Thumb Code   434  main.o(i.main)
    mt9v034_ReadReg16                        0x0800bae5   Thumb Code   100  mt9v034.o(i.mt9v034_ReadReg16)
    mt9v034_WriteReg16                       0x0800bb49   Thumb Code   112  mt9v034.o(i.mt9v034_WriteReg16)
    mt9v034_context_configuration            0x0800bbb9   Thumb Code   494  mt9v034.o(i.mt9v034_context_configuration)
    my_mem_init                              0x0800bdbd   Thumb Code    52  malloc.o(i.my_mem_init)
    my_mem_malloc                            0x0800bdf9   Thumb Code   190  malloc.o(i.my_mem_malloc)
    my_mem_perused                           0x0800bec5   Thumb Code    54  malloc.o(i.my_mem_perused)
    mymalloc                                 0x0800bf05   Thumb Code    30  malloc.o(i.mymalloc)
    raw_data_process                         0x0800bf29   Thumb Code   124  main.o(i.raw_data_process)
    read_addr                                0x0800bfb9   Thumb Code     4  usmart.o(i.read_addr)
    uart_init                                0x0800bfbd   Thumb Code    32  usart.o(i.uart_init)
    usmart_cmd_rec                           0x0800bfe5   Thumb Code   172  usmart.o(i.usmart_cmd_rec)
    usmart_exe                               0x0800c095   Thumb Code   634  usmart.o(i.usmart_exe)
    usmart_get_aparm                         0x0800c379   Thumb Code   182  usmart_str.o(i.usmart_get_aparm)
    usmart_get_cmdname                       0x0800c431   Thumb Code    74  usmart_str.o(i.usmart_get_cmdname)
    usmart_get_fname                         0x0800c47d   Thumb Code   430  usmart_str.o(i.usmart_get_fname)
    usmart_get_fparam                        0x0800c635   Thumb Code   776  usmart_str.o(i.usmart_get_fparam)
    usmart_get_parmpos                       0x0800c945   Thumb Code    84  usmart_str.o(i.usmart_get_parmpos)
    usmart_init                              0x0800c99d   Thumb Code    92  usmart.o(i.usmart_init)
    usmart_scan                              0x0800ca09   Thumb Code   102  usmart.o(i.usmart_scan)
    usmart_str2num                           0x0800cab5   Thumb Code   278  usmart_str.o(i.usmart_str2num)
    usmart_strcmp                            0x0800cbcb   Thumb Code    26  usmart_str.o(i.usmart_strcmp)
    usmart_sys_cmd_exe                       0x0800cbe5   Thumb Code  1488  usmart.o(i.usmart_sys_cmd_exe)
    write_addr                               0x0800d281   Thumb Code     4  usmart.o(i.write_addr)
    __aeabi_d2uiz                            0x0800d285   Thumb Code     0  dfixu.o(x$fpl$dfixu)
    _dfixu                                   0x0800d285   Thumb Code    90  dfixu.o(x$fpl$dfixu)
    __fpl_dnaninf                            0x0800d2df   Thumb Code   156  dnaninf.o(x$fpl$dnaninf)
    _fp_init                                 0x0800d37b   Thumb Code    10  fpinit.o(x$fpl$fpinit)
    __fplib_config_fpu_vfp                   0x0800d383   Thumb Code     0  fpinit.o(x$fpl$fpinit)
    __fplib_config_pureend_doubles           0x0800d383   Thumb Code     0  fpinit.o(x$fpl$fpinit)
    AHBPrescTable                            0x0800d384   Data          16  system_stm32f7xx.o(.constdata)
    __I$use$fp                               0x0800d384   Number         0  usenofp.o(x$fpl$usenofp)
    APBPrescTable                            0x0800d394   Data           8  system_stm32f7xx.o(.constdata)
    asc2_1206                                0x0800d3a4   Data        1140  lcd.o(.constdata)
    asc2_1608                                0x0800d818   Data        1520  lcd.o(.constdata)
    asc2_2412                                0x0800de08   Data        3420  lcd.o(.constdata)
    asc2_3216                                0x0800eb64   Data       12160  lcd.o(.constdata)
    OV5640_jpeg_reg_tbl                      0x08011ae4   Data         164  ov5640.o(.constdata)
    ov5640_rgb565_reg_tbl                    0x08011b88   Data         180  ov5640.o(.constdata)
    ov5640_uxga_init_reg_tbl                 0x08011c3c   Data         828  ov5640.o(.constdata)
    OV5640_AF_Config                         0x08011f78   Data        4077  ov5640.o(.constdata)
    memtblsize                               0x08012fc8   Data          12  malloc.o(.constdata)
    memblksize                               0x08012fd4   Data          12  malloc.o(.constdata)
    memsize                                  0x08012fe0   Data          12  malloc.o(.constdata)
    Region$$Table$$Base                      0x08013348   Number         0  anon$$obj.o(Region$$Table)
    Region$$Table$$Limit                     0x08013368   Number         0  anon$$obj.o(Region$$Table)
    mem3base                                 0x20000000   Data       61440  malloc.o(.ARM.__AT_0x20000000)
    mem3mapbase                              0x2000f000   Data        3840  malloc.o(.ARM.__AT_0x2000F000)
    startX                                   0x20020000   Data           4  main.o(.data)
    startY                                   0x20020004   Data           4  main.o(.data)
    endX                                     0x20020008   Data           4  main.o(.data)
    endY                                     0x2002000c   Data           4  main.o(.data)
    raw_buf                                  0x20020010   Data           4  main.o(.data)
    rgb_buf                                  0x20020014   Data           4  main.o(.data)
    xlength                                  0x20020018   Data           4  main.o(.data)
    j                                        0x2002001c   Data           4  main.o(.data)
    i                                        0x20020020   Data           4  main.o(.data)
    SystemCoreClock                          0x20020024   Data           4  system_stm32f7xx.o(.data)
    uwTick                                   0x20020028   Data           4  stm32f7xx_hal.o(.data)
    USART_RX_STA                             0x20020030   Data           2  usart.o(.data)
    __stdout                                 0x20020034   Data           4  usart.o(.data)
    POINT_COLOR                              0x20020038   Data           4  lcd.o(.data)
    BACK_COLOR                               0x2002003c   Data           4  lcd.o(.data)
    ltdc_framebuf                            0x20020040   Data           8  ltdc.o(.data)
    ov_frame                                 0x20020048   Data           1  dcmi.o(.data)
    Frame_Flag                               0x20020049   Data           1  dcmi.o(.data)
    version                                  0x2002004c   Data           2  mt9v034.o(.data)
    MT9V034_Width                            0x2002004e   Data           2  mt9v034.o(.data)
    MT9V034_height                           0x20020050   Data           2  mt9v034.o(.data)
    width                                    0x20020052   Data           2  mt9v034.o(.data)
    height                                   0x20020054   Data           2  mt9v034.o(.data)
    temp_w                                   0x20020056   Data           2  mt9v034.o(.data)
    temp_h                                   0x20020058   Data           2  mt9v034.o(.data)
    temp_col_s                               0x2002005a   Data           2  mt9v034.o(.data)
    temp_row_s                               0x2002005c   Data           2  mt9v034.o(.data)
    temp_chip                                0x2002005e   Data           2  mt9v034.o(.data)
    temp_read                                0x20020060   Data           2  mt9v034.o(.data)
    temp_gain                                0x20020062   Data           2  mt9v034.o(.data)
    temp_operation_mode                      0x20020064   Data           2  mt9v034.o(.data)
    tclk                                     0x20020068   Data           4  mt9v034.o(.data)
    period                                   0x2002006c   Data           4  mt9v034.o(.data)
    red                                      0x20020070   Data           1  image.o(.data)
    green                                    0x20020071   Data           1  image.o(.data)
    blue                                     0x20020072   Data           1  image.o(.data)
    hg                                       0x20020073   Data           1  image.o(.data)
    vg                                       0x20020074   Data           1  image.o(.data)
    db1                                      0x20020075   Data           1  image.o(.data)
    db2                                      0x20020076   Data           1  image.o(.data)
    y                                        0x20020078   Data           4  image.o(.data)
    x                                        0x2002007c   Data           4  image.o(.data)
    yy                                       0x20020080   Data           4  image.o(.data)
    xx                                       0x20020084   Data           4  image.o(.data)
    sys_cmd_tab                              0x20020088   Data          28  usmart.o(.data)
    usmart_nametab                           0x200200a4   Data         160  usmart_config.o(.data)
    usmart_dev                               0x20020144   Data         244  usmart_config.o(.data)
    mallco_dev                               0x20020238   Data          36  malloc.o(.data)
    file                                     0x2002025c   Data           4  exfuns.o(.data)
    ftemp                                    0x20020260   Data           4  exfuns.o(.data)
    fatbuf                                   0x20020264   Data           4  exfuns.o(.data)
    USART_RX_BUF                             0x20020268   Data         200  usart.o(.bss)
    UART1_Handler                            0x20020330   Data         112  usart.o(.bss)
    SDRAM_Handler                            0x200203a0   Data          52  sdram.o(.bss)
    SRAM_Handler                             0x200203d4   Data          76  lcd.o(.bss)
    lcddev                                   0x20020420   Data          14  lcd.o(.bss)
    LTDC_Handler                             0x20020430   Data         168  ltdc.o(.bss)
    lcdltdc                                  0x200204d8   Data          32  ltdc.o(.bss)
    QSPI_Handler                             0x200204f8   Data          68  qspi.o(.bss)
    DCMI_Handler                             0x2002053c   Data          80  dcmi.o(.bss)
    DMADMCI_Handler                          0x2002058c   Data          96  dcmi.o(.bss)
    TIM3_Handler                             0x200205ec   Data          60  timer.o(.bss)
    TIM4_Handler                             0x20020628   Data          60  usmart.o(.bss)
    mem1base                                 0x20020680   Data       307200  malloc.o(.bss)
    mem1mapbase                              0x2006b680   Data       19200  malloc.o(.bss)
    fs                                       0x20070180   Data          12  exfuns.o(.bss)
    ftinfo                                   0x2007018c   Data          41  fontupd.o(.bss)
    __libspace_start                         0x200701b8   Data          96  libspace.o(.bss)
    __temporary_stack_top$libspace           0x20070218   Data           0  libspace.o(.bss)
    ltdc_lcd_framebuf                        0xc0000000   Data       2048000  ltdc.o(.ARM.__AT_0xC0000000)
    mem2base                                 0xc01f4000   Data       29605888  malloc.o(.ARM.__AT_0xC01F4000)
    mem2mapbase                              0xc1e30000   Data       1850368  malloc.o(.ARM.__AT_0xC1E30000)



==============================================================================

Memory Map of the image

  Image Entry point : 0x080001f9

  Load Region LR_IROM1 (Base: 0x08000000, Size: 0x000135d0, Max: 0x00100000, ABSOLUTE, COMPRESSED[0x00013448])

    Execution Region ER_IROM1 (Exec base: 0x08000000, Load base: 0x08000000, Size: 0x00013368, Max: 0x00100000, ABSOLUTE)

    Exec Addr    Load Addr    Size         Type   Attr      Idx    E Section Name        Object

    0x08000000   0x08000000   0x000001f8   Data   RO          633    RESET               startup_stm32f767xx.o
    0x080001f8   0x080001f8   0x00000008   Code   RO         8141  * !!!main             c_w.l(__main.o)
    0x08000200   0x08000200   0x00000034   Code   RO         8343    !!!scatter          c_w.l(__scatter.o)
    0x08000234   0x08000234   0x0000005a   Code   RO         8341    !!dczerorl2         c_w.l(__dczerorl2.o)
    0x0800028e   0x0800028e   0x00000002   PAD
    0x08000290   0x08000290   0x0000001c   Code   RO         8345    !!handler_zi        c_w.l(__scatter_zi.o)
    0x080002ac   0x080002ac   0x00000000   Code   RO         8121    .ARM.Collect$$_printf_percent$$00000000  c_w.l(_printf_percent.o)
    0x080002ac   0x080002ac   0x00000006   Code   RO         8119    .ARM.Collect$$_printf_percent$$00000009  c_w.l(_printf_d.o)
    0x080002b2   0x080002b2   0x00000006   Code   RO         8120    .ARM.Collect$$_printf_percent$$0000000A  c_w.l(_printf_u.o)
    0x080002b8   0x080002b8   0x00000006   Code   RO         8118    .ARM.Collect$$_printf_percent$$0000000C  c_w.l(_printf_x.o)
    0x080002be   0x080002be   0x00000006   Code   RO         8116    .ARM.Collect$$_printf_percent$$00000013  c_w.l(_printf_c.o)
    0x080002c4   0x080002c4   0x00000006   Code   RO         8117    .ARM.Collect$$_printf_percent$$00000014  c_w.l(_printf_s.o)
    0x080002ca   0x080002ca   0x00000004   Code   RO         8170    .ARM.Collect$$_printf_percent$$00000017  c_w.l(_printf_percent_end.o)
    0x080002ce   0x080002ce   0x00000002   Code   RO         8215    .ARM.Collect$$libinit$$00000000  c_w.l(libinit.o)
    0x080002d0   0x080002d0   0x00000004   Code   RO         8227    .ARM.Collect$$libinit$$00000001  c_w.l(libinit2.o)
    0x080002d4   0x080002d4   0x00000000   Code   RO         8230    .ARM.Collect$$libinit$$00000004  c_w.l(libinit2.o)
    0x080002d4   0x080002d4   0x00000000   Code   RO         8233    .ARM.Collect$$libinit$$0000000A  c_w.l(libinit2.o)
    0x080002d4   0x080002d4   0x00000000   Code   RO         8235    .ARM.Collect$$libinit$$0000000C  c_w.l(libinit2.o)
    0x080002d4   0x080002d4   0x00000000   Code   RO         8237    .ARM.Collect$$libinit$$0000000E  c_w.l(libinit2.o)
    0x080002d4   0x080002d4   0x00000000   Code   RO         8240    .ARM.Collect$$libinit$$00000011  c_w.l(libinit2.o)
    0x080002d4   0x080002d4   0x00000000   Code   RO         8242    .ARM.Collect$$libinit$$00000013  c_w.l(libinit2.o)
    0x080002d4   0x080002d4   0x00000000   Code   RO         8244    .ARM.Collect$$libinit$$00000015  c_w.l(libinit2.o)
    0x080002d4   0x080002d4   0x00000000   Code   RO         8246    .ARM.Collect$$libinit$$00000017  c_w.l(libinit2.o)
    0x080002d4   0x080002d4   0x00000000   Code   RO         8248    .ARM.Collect$$libinit$$00000019  c_w.l(libinit2.o)
    0x080002d4   0x080002d4   0x00000000   Code   RO         8250    .ARM.Collect$$libinit$$0000001B  c_w.l(libinit2.o)
    0x080002d4   0x080002d4   0x00000000   Code   RO         8252    .ARM.Collect$$libinit$$0000001D  c_w.l(libinit2.o)
    0x080002d4   0x080002d4   0x00000000   Code   RO         8254    .ARM.Collect$$libinit$$0000001F  c_w.l(libinit2.o)
    0x080002d4   0x080002d4   0x00000000   Code   RO         8256    .ARM.Collect$$libinit$$00000021  c_w.l(libinit2.o)
    0x080002d4   0x080002d4   0x00000000   Code   RO         8258    .ARM.Collect$$libinit$$00000023  c_w.l(libinit2.o)
    0x080002d4   0x080002d4   0x00000000   Code   RO         8260    .ARM.Collect$$libinit$$00000025  c_w.l(libinit2.o)
    0x080002d4   0x080002d4   0x00000000   Code   RO         8264    .ARM.Collect$$libinit$$0000002C  c_w.l(libinit2.o)
    0x080002d4   0x080002d4   0x00000000   Code   RO         8266    .ARM.Collect$$libinit$$0000002E  c_w.l(libinit2.o)
    0x080002d4   0x080002d4   0x00000000   Code   RO         8268    .ARM.Collect$$libinit$$00000030  c_w.l(libinit2.o)
    0x080002d4   0x080002d4   0x00000000   Code   RO         8270    .ARM.Collect$$libinit$$00000032  c_w.l(libinit2.o)
    0x080002d4   0x080002d4   0x00000002   Code   RO         8271    .ARM.Collect$$libinit$$00000033  c_w.l(libinit2.o)
    0x080002d6   0x080002d6   0x00000002   Code   RO         8297    .ARM.Collect$$libshutdown$$00000000  c_w.l(libshutdown.o)
    0x080002d8   0x080002d8   0x00000000   Code   RO         8324    .ARM.Collect$$libshutdown$$00000002  c_w.l(libshutdown2.o)
    0x080002d8   0x080002d8   0x00000000   Code   RO         8326    .ARM.Collect$$libshutdown$$00000004  c_w.l(libshutdown2.o)
    0x080002d8   0x080002d8   0x00000000   Code   RO         8329    .ARM.Collect$$libshutdown$$00000007  c_w.l(libshutdown2.o)
    0x080002d8   0x080002d8   0x00000000   Code   RO         8332    .ARM.Collect$$libshutdown$$0000000A  c_w.l(libshutdown2.o)
    0x080002d8   0x080002d8   0x00000000   Code   RO         8334    .ARM.Collect$$libshutdown$$0000000C  c_w.l(libshutdown2.o)
    0x080002d8   0x080002d8   0x00000000   Code   RO         8337    .ARM.Collect$$libshutdown$$0000000F  c_w.l(libshutdown2.o)
    0x080002d8   0x080002d8   0x00000002   Code   RO         8338    .ARM.Collect$$libshutdown$$00000010  c_w.l(libshutdown2.o)
    0x080002da   0x080002da   0x00000000   Code   RO         8157    .ARM.Collect$$rtentry$$00000000  c_w.l(__rtentry.o)
    0x080002da   0x080002da   0x00000000   Code   RO         8178    .ARM.Collect$$rtentry$$00000002  c_w.l(__rtentry2.o)
    0x080002da   0x080002da   0x00000006   Code   RO         8190    .ARM.Collect$$rtentry$$00000004  c_w.l(__rtentry4.o)
    0x080002e0   0x080002e0   0x00000000   Code   RO         8180    .ARM.Collect$$rtentry$$00000009  c_w.l(__rtentry2.o)
    0x080002e0   0x080002e0   0x00000004   Code   RO         8181    .ARM.Collect$$rtentry$$0000000A  c_w.l(__rtentry2.o)
    0x080002e4   0x080002e4   0x00000000   Code   RO         8183    .ARM.Collect$$rtentry$$0000000C  c_w.l(__rtentry2.o)
    0x080002e4   0x080002e4   0x00000008   Code   RO         8184    .ARM.Collect$$rtentry$$0000000D  c_w.l(__rtentry2.o)
    0x080002ec   0x080002ec   0x00000002   Code   RO         8219    .ARM.Collect$$rtexit$$00000000  c_w.l(rtexit.o)
    0x080002ee   0x080002ee   0x00000000   Code   RO         8273    .ARM.Collect$$rtexit$$00000002  c_w.l(rtexit2.o)
    0x080002ee   0x080002ee   0x00000004   Code   RO         8274    .ARM.Collect$$rtexit$$00000003  c_w.l(rtexit2.o)
    0x080002f2   0x080002f2   0x00000006   Code   RO         8275    .ARM.Collect$$rtexit$$00000004  c_w.l(rtexit2.o)
    0x080002f8   0x080002f8   0x00000040   Code   RO          634    .text               startup_stm32f767xx.o
    0x08000338   0x08000338   0x00000002   Code   RO         8057    .text               c_w.l(use_no_semi_2.o)
    0x0800033a   0x0800033a   0x00000002   PAD
    0x0800033c   0x0800033c   0x00000018   Code   RO         8063    .text               c_w.l(noretval__2printf.o)
    0x08000354   0x08000354   0x0000004e   Code   RO         8067    .text               c_w.l(_printf_pad.o)
    0x080003a2   0x080003a2   0x00000052   Code   RO         8069    .text               c_w.l(_printf_str.o)
    0x080003f4   0x080003f4   0x00000078   Code   RO         8071    .text               c_w.l(_printf_dec.o)
    0x0800046c   0x0800046c   0x00000058   Code   RO         8078    .text               c_w.l(_printf_hex_int.o)
    0x080004c4   0x080004c4   0x00000188   Code   RO         8113    .text               c_w.l(__printf_flags_ss_wp.o)
    0x0800064c   0x0800064c   0x00000006   Code   RO         8139    .text               c_w.l(heapauxi.o)
    0x08000652   0x08000652   0x00000002   Code   RO         8155    .text               c_w.l(use_no_semi.o)
    0x08000654   0x08000654   0x000000b2   Code   RO         8164    .text               c_w.l(_printf_intcommon.o)
    0x08000706   0x08000706   0x0000002c   Code   RO         8166    .text               c_w.l(_printf_char.o)
    0x08000732   0x08000732   0x00000002   PAD
    0x08000734   0x08000734   0x00000024   Code   RO         8168    .text               c_w.l(_printf_char_file.o)
    0x08000758   0x08000758   0x00000030   Code   RO         8194    .text               c_w.l(_printf_char_common.o)
    0x08000788   0x08000788   0x00000008   Code   RO         8196    .text               c_w.l(ferror.o)
    0x08000790   0x08000790   0x0000004a   Code   RO         8200    .text               c_w.l(sys_stackheap_outer.o)
    0x080007da   0x080007da   0x00000012   Code   RO         8204    .text               c_w.l(exit.o)
    0x080007ec   0x080007ec   0x00000008   Code   RO         8216    .text               c_w.l(libspace.o)
    0x080007f4   0x080007f4   0x00000002   Code   RO          403    i.BusFault_Handler  stm32f7xx_it.o
    0x080007f6   0x080007f6   0x00000002   PAD
    0x080007f8   0x080007f8   0x0000008c   Code   RO         5008    i.Cache_Enable      sys.o
    0x08000884   0x08000884   0x00000044   Code   RO         6093    i.DCMI_CR_Set       dcmi.o
    0x080008c8   0x080008c8   0x00000020   Code   RO         4427    i.DCMI_DMAError     stm32f7xx_hal_dcmi.o
    0x080008e8   0x080008e8   0x000000ac   Code   RO         6094    i.DCMI_DMA_Init     dcmi.o
    0x08000994   0x08000994   0x0000000c   Code   RO         6095    i.DCMI_IRQHandler   dcmi.o
    0x080009a0   0x080009a0   0x00000050   Code   RO         6096    i.DCMI_Init         dcmi.o
    0x080009f0   0x080009f0   0x00000080   Code   RO         6097    i.DCMI_Set_Window   dcmi.o
    0x08000a70   0x08000a70   0x00000030   Code   RO         6098    i.DCMI_Start        dcmi.o
    0x08000aa0   0x08000aa0   0x00000028   Code   RO         6099    i.DCMI_Stop         dcmi.o
    0x08000ac8   0x08000ac8   0x000000cc   Code   RO         6100    i.DMA2_Stream1_IRQHandler  dcmi.o
    0x08000b94   0x08000b94   0x00000002   Code   RO          404    i.DebugMon_Handler  stm32f7xx_it.o
    0x08000b96   0x08000b96   0x00000002   PAD
    0x08000b98   0x08000b98   0x00000048   Code   RO         3026    i.FMC_NORSRAM_Extended_Timing_Init  stm32f7xx_ll_fmc.o
    0x08000be0   0x08000be0   0x000000a0   Code   RO         3027    i.FMC_NORSRAM_Init  stm32f7xx_ll_fmc.o
    0x08000c80   0x08000c80   0x00000070   Code   RO         3028    i.FMC_NORSRAM_Timing_Init  stm32f7xx_ll_fmc.o
    0x08000cf0   0x08000cf0   0x00000064   Code   RO         3033    i.FMC_SDRAM_Init    stm32f7xx_ll_fmc.o
    0x08000d54   0x08000d54   0x0000000c   Code   RO         3034    i.FMC_SDRAM_ProgramRefreshRate  stm32f7xx_ll_fmc.o
    0x08000d60   0x08000d60   0x00000052   Code   RO         3035    i.FMC_SDRAM_SendCommand  stm32f7xx_ll_fmc.o
    0x08000db2   0x08000db2   0x00000090   Code   RO         3037    i.FMC_SDRAM_Timing_Init  stm32f7xx_ll_fmc.o
    0x08000e42   0x08000e42   0x00000002   PAD
    0x08000e44   0x08000e44   0x000000dc   Code   RO         7648    i.Get_HzMat         text.o
    0x08000f20   0x08000f20   0x00000016   Code   RO         4430    i.HAL_DCMI_DeInit   stm32f7xx_hal_dcmi.o
    0x08000f36   0x08000f36   0x00000002   Code   RO         4433    i.HAL_DCMI_ErrorCallback  stm32f7xx_hal_dcmi.o
    0x08000f38   0x08000f38   0x00000034   Code   RO         6101    i.HAL_DCMI_FrameEventCallback  dcmi.o
    0x08000f6c   0x08000f6c   0x000000ac   Code   RO         4437    i.HAL_DCMI_IRQHandler  stm32f7xx_hal_dcmi.o
    0x08001018   0x08001018   0x000000c8   Code   RO         4438    i.HAL_DCMI_Init     stm32f7xx_hal_dcmi.o
    0x080010e0   0x080010e0   0x00000002   Code   RO         4439    i.HAL_DCMI_LineEventCallback  stm32f7xx_hal_dcmi.o
    0x080010e2   0x080010e2   0x00000002   Code   RO         4440    i.HAL_DCMI_MspDeInit  stm32f7xx_hal_dcmi.o
    0x080010e4   0x080010e4   0x000000ec   Code   RO         6102    i.HAL_DCMI_MspInit  dcmi.o
    0x080011d0   0x080011d0   0x00000030   Code   RO         6103    i.HAL_DCMI_VsyncEventCallback  dcmi.o
    0x08001200   0x08001200   0x00000024   Code   RO          931    i.HAL_DMA_Abort_IT  stm32f7xx_hal_dma.o
    0x08001224   0x08001224   0x00000088   Code   RO          932    i.HAL_DMA_DeInit    stm32f7xx_hal_dma.o
    0x080012ac   0x080012ac   0x00000184   Code   RO          936    i.HAL_DMA_Init      stm32f7xx_hal_dma.o
    0x08001430   0x08001430   0x0000006c   Code   RO          939    i.HAL_DMA_Start     stm32f7xx_hal_dma.o
    0x0800149c   0x0800149c   0x00000258   Code   RO         1256    i.HAL_GPIO_Init     stm32f7xx_hal_gpio.o
    0x080016f4   0x080016f4   0x0000000a   Code   RO         1258    i.HAL_GPIO_ReadPin  stm32f7xx_hal_gpio.o
    0x080016fe   0x080016fe   0x00000008   Code   RO         1259    i.HAL_GPIO_TogglePin  stm32f7xx_hal_gpio.o
    0x08001706   0x08001706   0x0000000a   Code   RO         1260    i.HAL_GPIO_WritePin  stm32f7xx_hal_gpio.o
    0x08001710   0x08001710   0x0000000c   Code   RO          658    i.HAL_GetTick       stm32f7xx_hal.o
    0x0800171c   0x0800171c   0x00000010   Code   RO          659    i.HAL_IncTick       stm32f7xx_hal.o
    0x0800172c   0x0800172c   0x00000024   Code   RO          660    i.HAL_Init          stm32f7xx_hal.o
    0x08001750   0x08001750   0x00000028   Code   RO          661    i.HAL_InitTick      stm32f7xx_hal.o
    0x08001778   0x08001778   0x00000058   Code   RO         3447    i.HAL_LTDC_ConfigLayer  stm32f7xx_hal_ltdc.o
    0x080017d0   0x080017d0   0x00000120   Code   RO         3464    i.HAL_LTDC_Init     stm32f7xx_hal_ltdc.o
    0x080018f0   0x080018f0   0x000000f0   Code   RO         5452    i.HAL_LTDC_MspInit  ltdc.o
    0x080019e0   0x080019e0   0x00000056   Code   RO         3479    i.HAL_LTDC_SetWindowPosition  stm32f7xx_hal_ltdc.o
    0x08001a36   0x08001a36   0x00000054   Code   RO         3481    i.HAL_LTDC_SetWindowSize  stm32f7xx_hal_ltdc.o
    0x08001a8a   0x08001a8a   0x00000002   PAD
    0x08001a8c   0x08001a8c   0x00000060   Code   RO          812    i.HAL_MPU_ConfigRegion  stm32f7xx_hal_cortex.o
    0x08001aec   0x08001aec   0x00000002   Code   RO          663    i.HAL_MspInit       stm32f7xx_hal.o
    0x08001aee   0x08001aee   0x00000018   Code   RO          815    i.HAL_NVIC_EnableIRQ  stm32f7xx_hal_cortex.o
    0x08001b06   0x08001b06   0x00000002   PAD
    0x08001b08   0x08001b08   0x00000060   Code   RO          821    i.HAL_NVIC_SetPriority  stm32f7xx_hal_cortex.o
    0x08001b68   0x08001b68   0x00000024   Code   RO          822    i.HAL_NVIC_SetPriorityGrouping  stm32f7xx_hal_cortex.o
    0x08001b8c   0x08001b8c   0x0000007c   Code   RO         1449    i.HAL_PWREx_EnableOverDrive  stm32f7xx_hal_pwr_ex.o
    0x08001c08   0x08001c08   0x00000092   Code   RO         4178    i.HAL_QSPI_Command  stm32f7xx_hal_qspi.o
    0x08001c9a   0x08001c9a   0x000000c6   Code   RO         4191    i.HAL_QSPI_Receive  stm32f7xx_hal_qspi.o
    0x08001d60   0x08001d60   0x00000794   Code   RO         1638    i.HAL_RCCEx_PeriphCLKConfig  stm32f7xx_hal_rcc_ex.o
    0x080024f4   0x080024f4   0x0000020c   Code   RO         1536    i.HAL_RCC_ClockConfig  stm32f7xx_hal_rcc.o
    0x08002700   0x08002700   0x00000030   Code   RO         1543    i.HAL_RCC_GetPCLK1Freq  stm32f7xx_hal_rcc.o
    0x08002730   0x08002730   0x00000030   Code   RO         1544    i.HAL_RCC_GetPCLK2Freq  stm32f7xx_hal_rcc.o
    0x08002760   0x08002760   0x00000098   Code   RO         1545    i.HAL_RCC_GetSysClockFreq  stm32f7xx_hal_rcc.o
    0x080027f8   0x080027f8   0x000003f8   Code   RO         1639    i.HAL_RCC_OscConfig  stm32f7xx_hal_rcc_ex.o
    0x08002bf0   0x08002bf0   0x00000042   Code   RO         3294    i.HAL_SDRAM_Init    stm32f7xx_hal_sdram.o
    0x08002c32   0x08002c32   0x00000002   PAD
    0x08002c34   0x08002c34   0x000000dc   Code   RO         5175    i.HAL_SDRAM_MspInit  sdram.o
    0x08002d10   0x08002d10   0x00000024   Code   RO         3297    i.HAL_SDRAM_ProgramRefreshRate  stm32f7xx_hal_sdram.o
    0x08002d34   0x08002d34   0x0000002e   Code   RO         3303    i.HAL_SDRAM_SendCommand  stm32f7xx_hal_sdram.o
    0x08002d62   0x08002d62   0x00000056   Code   RO         3172    i.HAL_SRAM_Init     stm32f7xx_hal_sram.o
    0x08002db8   0x08002db8   0x00000078   Code   RO         5232    i.HAL_SRAM_MspInit  lcd.o
    0x08002e30   0x08002e30   0x00000016   Code   RO          824    i.HAL_SYSTICK_CLKSourceConfig  stm32f7xx_hal_cortex.o
    0x08002e46   0x08002e46   0x00000002   PAD
    0x08002e48   0x08002e48   0x00000028   Code   RO          826    i.HAL_SYSTICK_Config  stm32f7xx_hal_cortex.o
    0x08002e70   0x08002e70   0x00000002   Code   RO         2754    i.HAL_TIMEx_BreakCallback  stm32f7xx_hal_tim_ex.o
    0x08002e72   0x08002e72   0x00000002   Code   RO         2755    i.HAL_TIMEx_CommutationCallback  stm32f7xx_hal_tim_ex.o
    0x08002e74   0x08002e74   0x00000032   Code   RO         2152    i.HAL_TIM_Base_Init  stm32f7xx_hal_tim.o
    0x08002ea6   0x08002ea6   0x00000002   PAD
    0x08002ea8   0x08002ea8   0x0000002c   Code   RO         6503    i.HAL_TIM_Base_MspInit  timer.o
    0x08002ed4   0x08002ed4   0x00000018   Code   RO         2157    i.HAL_TIM_Base_Start_IT  stm32f7xx_hal_tim.o
    0x08002eec   0x08002eec   0x00000002   Code   RO         2181    i.HAL_TIM_IC_CaptureCallback  stm32f7xx_hal_tim.o
    0x08002eee   0x08002eee   0x00000184   Code   RO         2194    i.HAL_TIM_IRQHandler  stm32f7xx_hal_tim.o
    0x08003072   0x08003072   0x00000002   Code   RO         2197    i.HAL_TIM_OC_DelayElapsedCallback  stm32f7xx_hal_tim.o
    0x08003074   0x08003074   0x000001d0   Code   RO         2793    i.HAL_TIM_PWM_ConfigChannel  stm32f7xx_hal_tim_ex.o
    0x08003244   0x08003244   0x00000036   Code   RO         2221    i.HAL_TIM_PWM_Init  stm32f7xx_hal_tim.o
    0x0800327a   0x0800327a   0x00000002   Code   RO         6592    i.HAL_TIM_PWM_MspInit  mt9v034.o
    0x0800327c   0x0800327c   0x00000002   Code   RO         2224    i.HAL_TIM_PWM_PulseFinishedCallback  stm32f7xx_hal_tim.o
    0x0800327e   0x0800327e   0x00000040   Code   RO         2225    i.HAL_TIM_PWM_Start  stm32f7xx_hal_tim.o
    0x080032be   0x080032be   0x00000002   PAD
    0x080032c0   0x080032c0   0x00000030   Code   RO         6504    i.HAL_TIM_PeriodElapsedCallback  timer.o
    0x080032f0   0x080032f0   0x00000002   Code   RO         2235    i.HAL_TIM_TriggerCallback  stm32f7xx_hal_tim.o
    0x080032f2   0x080032f2   0x00000002   Code   RO         1693    i.HAL_UART_ErrorCallback  stm32f7xx_hal_uart.o
    0x080032f4   0x080032f4   0x000002a8   Code   RO         1696    i.HAL_UART_IRQHandler  stm32f7xx_hal_uart.o
    0x0800359c   0x0800359c   0x0000006e   Code   RO         1697    i.HAL_UART_Init     stm32f7xx_hal_uart.o
    0x0800360a   0x0800360a   0x00000002   PAD
    0x0800360c   0x0800360c   0x0000008c   Code   RO         5057    i.HAL_UART_MspInit  usart.o
    0x08003698   0x08003698   0x0000014a   Code   RO         1700    i.HAL_UART_Receive  stm32f7xx_hal_uart.o
    0x080037e2   0x080037e2   0x00000002   Code   RO         1703    i.HAL_UART_RxCpltCallback  stm32f7xx_hal_uart.o
    0x080037e4   0x080037e4   0x00000002   Code   RO         1708    i.HAL_UART_TxCpltCallback  stm32f7xx_hal_uart.o
    0x080037e6   0x080037e6   0x00000002   Code   RO          405    i.HardFault_Handler  stm32f7xx_it.o
    0x080037e8   0x080037e8   0x00000050   Code   RO         6194    i.IIC_Init          myiic.o
    0x08003838   0x08003838   0x000000e8   Code   RO         6196    i.IIC_Read_Byte     myiic.o
    0x08003920   0x08003920   0x00000078   Code   RO         6197    i.IIC_Send_Byte     myiic.o
    0x08003998   0x08003998   0x00000050   Code   RO         6198    i.IIC_Start         myiic.o
    0x080039e8   0x080039e8   0x00000050   Code   RO         6199    i.IIC_Stop          myiic.o
    0x08003a38   0x08003a38   0x000000ac   Code   RO         6200    i.IIC_Wait_Ack      myiic.o
    0x08003ae4   0x08003ae4   0x00000064   Code   RO         5234    i.LCD_Clear         lcd.o
    0x08003b48   0x08003b48   0x00000104   Code   RO         5238    i.LCD_Display_Dir   lcd.o
    0x08003c4c   0x08003c4c   0x00000260   Code   RO         5243    i.LCD_Fast_DrawPoint  lcd.o
    0x08003eac   0x08003eac   0x00000004   PAD
    0x08003eb0   0x08003eb0   0x00004bf0   Code   RO         5245    i.LCD_Init          lcd.o
    0x08008aa0   0x08008aa0   0x00000320   Code   RO         5252    i.LCD_Scan_Dir      lcd.o
    0x08008dc0   0x08008dc0   0x000002bc   Code   RO         5253    i.LCD_SetCursor     lcd.o
    0x0800907c   0x0800907c   0x00000388   Code   RO         5254    i.LCD_Set_Window    lcd.o
    0x08009404   0x08009404   0x00000130   Code   RO         5255    i.LCD_ShowChar      lcd.o
    0x08009534   0x08009534   0x000000cc   Code   RO         5258    i.LCD_ShowxNum      lcd.o
    0x08009600   0x08009600   0x00000014   Code   RO         5262    i.LCD_WriteRAM_Prepare  lcd.o
    0x08009614   0x08009614   0x0000004c   Code   RO         5118    i.LED_Init          led.o
    0x08009660   0x08009660   0x00000020   Code   RO         5453    i.LTDC_Clear        ltdc.o
    0x08009680   0x08009680   0x00000028   Code   RO         5456    i.LTDC_Display_Dir  ltdc.o
    0x080096a8   0x080096a8   0x00000044   Code   RO         5457    i.LTDC_Draw_Point   ltdc.o
    0x080096ec   0x080096ec   0x000000c4   Code   RO         5458    i.LTDC_Fill         ltdc.o
    0x080097b0   0x080097b0   0x00000294   Code   RO         5459    i.LTDC_Init         ltdc.o
    0x08009a44   0x08009a44   0x000000b8   Code   RO         5463    i.LTDC_PanelID_Read  ltdc.o
    0x08009afc   0x08009afc   0x000001de   Code   RO         3483    i.LTDC_SetConfig    stm32f7xx_hal_ltdc.o
    0x08009cda   0x08009cda   0x00000036   Code   RO         6552    i.MPU_Memory_Protection  mpu.o
    0x08009d10   0x08009d10   0x0000006c   Code   RO         6553    i.MPU_Set_Protection  mpu.o
    0x08009d7c   0x08009d7c   0x00000078   Code   RO         6554    i.MemManage_Handler  mpu.o
    0x08009df4   0x08009df4   0x00000002   Code   RO          406    i.NMI_Handler       stm32f7xx_it.o
    0x08009df6   0x08009df6   0x00000058   Code   RO         6317    i.OV5640_Brightness  ov5640.o
    0x08009e4e   0x08009e4e   0x00000002   PAD
    0x08009e50   0x08009e50   0x0000007c   Code   RO         6318    i.OV5640_Color_Saturation  ov5640.o
    0x08009ecc   0x08009ecc   0x0000006c   Code   RO         6319    i.OV5640_Contrast   ov5640.o
    0x08009f38   0x08009f38   0x00000036   Code   RO         6320    i.OV5640_Flash_Ctrl  ov5640.o
    0x08009f6e   0x08009f6e   0x00000002   PAD
    0x08009f70   0x08009f70   0x000000c2   Code   RO         6321    i.OV5640_Focus_Constant  ov5640.o
    0x0800a032   0x0800a032   0x00000002   PAD
    0x0800a034   0x0800a034   0x000000e4   Code   RO         6322    i.OV5640_Focus_Init  ov5640.o
    0x0800a118   0x0800a118   0x0000005c   Code   RO         6323    i.OV5640_Focus_Single  ov5640.o
    0x0800a174   0x0800a174   0x0000008c   Code   RO         6324    i.OV5640_ImageWin_Set  ov5640.o
    0x0800a200   0x0800a200   0x00000048   Code   RO         6327    i.OV5640_Light_Mode  ov5640.o
    0x0800a248   0x0800a248   0x00000080   Code   RO         6328    i.OV5640_OutSize_Set  ov5640.o
    0x0800a2c8   0x0800a2c8   0x00000008   Code   RO         6329    i.OV5640_PWDN_Set   ov5640.o
    0x0800a2d0   0x0800a2d0   0x0000003a   Code   RO         6330    i.OV5640_RD_Reg     ov5640.o
    0x0800a30a   0x0800a30a   0x0000007e   Code   RO         6332    i.OV5640_Sharpness  ov5640.o
    0x0800a388   0x0800a388   0x0000005c   Code   RO         6333    i.OV5640_Special_Effects  ov5640.o
    0x0800a3e4   0x0800a3e4   0x0000002a   Code   RO         6334    i.OV5640_Test_Pattern  ov5640.o
    0x0800a40e   0x0800a40e   0x00000044   Code   RO         6335    i.OV5640_WR_Reg     ov5640.o
    0x0800a452   0x0800a452   0x00000002   PAD
    0x0800a454   0x0800a454   0x00000078   Code   RO         6456    i.PCF8574_Init      pcf8574.o
    0x0800a4cc   0x0800a4cc   0x00000056   Code   RO         6459    i.PCF8574_WriteBit  pcf8574.o
    0x0800a522   0x0800a522   0x00000002   Code   RO          407    i.PendSV_Handler    stm32f7xx_it.o
    0x0800a524   0x0800a524   0x00000250   Code   RO         4205    i.QSPI_Config       stm32f7xx_hal_qspi.o
    0x0800a774   0x0800a774   0x00000024   Code   RO         6041    i.QSPI_Receive      qspi.o
    0x0800a798   0x0800a798   0x00000040   Code   RO         6042    i.QSPI_Send_CMD     qspi.o
    0x0800a7d8   0x0800a7d8   0x00000058   Code   RO         4212    i.QSPI_WaitFlagStateUntilTimeout  stm32f7xx_hal_qspi.o
    0x0800a830   0x0800a830   0x0000003c   Code   RO         6258    i.SCCB_Init         sccb.o
    0x0800a86c   0x0800a86c   0x0000004c   Code   RO         6259    i.SCCB_No_Ack       sccb.o
    0x0800a8b8   0x0800a8b8   0x00000068   Code   RO         6260    i.SCCB_RD_Byte      sccb.o
    0x0800a920   0x0800a920   0x00000040   Code   RO         6261    i.SCCB_Start        sccb.o
    0x0800a960   0x0800a960   0x0000003c   Code   RO         6262    i.SCCB_Stop         sccb.o
    0x0800a99c   0x0800a99c   0x000000a4   Code   RO         6263    i.SCCB_WR_Byte      sccb.o
    0x0800aa40   0x0800aa40   0x00000064   Code   RO         5176    i.SDRAM_Init        sdram.o
    0x0800aaa4   0x0800aaa4   0x0000008c   Code   RO         5177    i.SDRAM_Initialization_Sequence  sdram.o
    0x0800ab30   0x0800ab30   0x00000002   Code   RO          408    i.SVC_Handler       stm32f7xx_it.o
    0x0800ab32   0x0800ab32   0x00000002   PAD
    0x0800ab34   0x0800ab34   0x000001a0   Code   RO         7650    i.Show_Str          text.o
    0x0800acd4   0x0800acd4   0x00000098   Code   RO         5011    i.Stm32_Clock_Init  sys.o
    0x0800ad6c   0x0800ad6c   0x00000004   Code   RO          409    i.SysTick_Handler   stm32f7xx_it.o
    0x0800ad70   0x0800ad70   0x00000060   Code   RO          476    i.SystemInit        system_stm32f7xx.o
    0x0800add0   0x0800add0   0x0000000c   Code   RO         6505    i.TIM3_IRQHandler   timer.o
    0x0800addc   0x0800addc   0x00000034   Code   RO         6769    i.TIM4_IRQHandler   usmart.o
    0x0800ae10   0x0800ae10   0x000000c4   Code   RO         2236    i.TIM_Base_SetConfig  stm32f7xx_hal_tim.o
    0x0800aed4   0x0800aed4   0x00000066   Code   RO         2244    i.TIM_OC1_SetConfig  stm32f7xx_hal_tim.o
    0x0800af3a   0x0800af3a   0x0000006c   Code   RO         2245    i.TIM_OC2_SetConfig  stm32f7xx_hal_tim.o
    0x0800afa6   0x0800afa6   0x0000006c   Code   RO         2246    i.TIM_OC3_SetConfig  stm32f7xx_hal_tim.o
    0x0800b012   0x0800b012   0x00000058   Code   RO         2247    i.TIM_OC4_SetConfig  stm32f7xx_hal_tim.o
    0x0800b06a   0x0800b06a   0x000000da   Code   RO         1710    i.UART_AdvFeatureConfig  stm32f7xx_hal_uart.o
    0x0800b144   0x0800b144   0x00000060   Code   RO         1711    i.UART_CheckIdleState  stm32f7xx_hal_uart.o
    0x0800b1a4   0x0800b1a4   0x00000014   Code   RO         1712    i.UART_DMAAbortOnError  stm32f7xx_hal_uart.o
    0x0800b1b8   0x0800b1b8   0x000002bc   Code   RO         1718    i.UART_SetConfig    stm32f7xx_hal_uart.o
    0x0800b474   0x0800b474   0x00000076   Code   RO         1719    i.UART_WaitOnFlagUntilTimeout  stm32f7xx_hal_uart.o
    0x0800b4ea   0x0800b4ea   0x00000002   PAD
    0x0800b4ec   0x0800b4ec   0x00000078   Code   RO         5058    i.USART1_IRQHandler  usart.o
    0x0800b564   0x0800b564   0x00000002   Code   RO          410    i.UsageFault_Handler  stm32f7xx_it.o
    0x0800b566   0x0800b566   0x00000032   Code   RO         5934    i.W25QXX_Read       w25qxx.o
    0x0800b598   0x0800b598   0x0000000a   Code   RO         6926    i.__ARM_common_memclr4_10  usmart_str.o
    0x0800b5a2   0x0800b5a2   0x0000000e   Code   RO         8106    i._is_digit         c_w.l(__printf_wp.o)
    0x0800b5b0   0x0800b5b0   0x00000002   Code   RO         5059    i._sys_exit         usart.o
    0x0800b5b2   0x0800b5b2   0x00000002   PAD
    0x0800b5b4   0x0800b5b4   0x000001c0   Code   RO         6699    i.bayer2rgb         image.o
    0x0800b774   0x0800b774   0x00000014   Code   RO         4969    i.delay_init        delay.o
    0x0800b788   0x0800b788   0x00000048   Code   RO         4970    i.delay_ms          delay.o
    0x0800b7d0   0x0800b7d0   0x00000038   Code   RO         4971    i.delay_us          delay.o
    0x0800b808   0x0800b808   0x0000006c   Code   RO         7387    i.exfuns_init       exfuns.o
    0x0800b874   0x0800b874   0x00000014   Code   RO         5060    i.fputc             usart.o
    0x0800b888   0x0800b888   0x0000025c   Code   RO            4    i.main              main.o
    0x0800bae4   0x0800bae4   0x00000064   Code   RO         6595    i.mt9v034_ReadReg16  mt9v034.o
    0x0800bb48   0x0800bb48   0x00000070   Code   RO         6597    i.mt9v034_WriteReg16  mt9v034.o
    0x0800bbb8   0x0800bbb8   0x00000204   Code   RO         6598    i.mt9v034_context_configuration  mt9v034.o
    0x0800bdbc   0x0800bdbc   0x0000003c   Code   RO         6962    i.my_mem_init       malloc.o
    0x0800bdf8   0x0800bdf8   0x000000cc   Code   RO         6963    i.my_mem_malloc     malloc.o
    0x0800bec4   0x0800bec4   0x00000040   Code   RO         6964    i.my_mem_perused    malloc.o
    0x0800bf04   0x0800bf04   0x00000024   Code   RO         6966    i.mymalloc          malloc.o
    0x0800bf28   0x0800bf28   0x00000090   Code   RO            5    i.raw_data_process  main.o
    0x0800bfb8   0x0800bfb8   0x00000004   Code   RO         6771    i.read_addr         usmart.o
    0x0800bfbc   0x0800bfbc   0x00000028   Code   RO         5061    i.uart_init         usart.o
    0x0800bfe4   0x0800bfe4   0x000000b0   Code   RO         6772    i.usmart_cmd_rec    usmart.o
    0x0800c094   0x0800c094   0x000002e4   Code   RO         6773    i.usmart_exe        usmart.o
    0x0800c378   0x0800c378   0x000000b6   Code   RO         6856    i.usmart_get_aparm  usmart_str.o
    0x0800c42e   0x0800c42e   0x00000002   PAD
    0x0800c430   0x0800c430   0x0000004a   Code   RO         6857    i.usmart_get_cmdname  usmart_str.o
    0x0800c47a   0x0800c47a   0x00000002   PAD
    0x0800c47c   0x0800c47c   0x000001b8   Code   RO         6858    i.usmart_get_fname  usmart_str.o
    0x0800c634   0x0800c634   0x00000310   Code   RO         6859    i.usmart_get_fparam  usmart_str.o
    0x0800c944   0x0800c944   0x00000058   Code   RO         6860    i.usmart_get_parmpos  usmart_str.o
    0x0800c99c   0x0800c99c   0x0000006c   Code   RO         6775    i.usmart_init       usmart.o
    0x0800ca08   0x0800ca08   0x000000ac   Code   RO         6777    i.usmart_scan       usmart.o
    0x0800cab4   0x0800cab4   0x00000116   Code   RO         6863    i.usmart_str2num    usmart_str.o
    0x0800cbca   0x0800cbca   0x0000001a   Code   RO         6864    i.usmart_strcmp     usmart_str.o
    0x0800cbe4   0x0800cbe4   0x0000069c   Code   RO         6778    i.usmart_sys_cmd_exe  usmart.o
    0x0800d280   0x0800d280   0x00000004   Code   RO         6779    i.write_addr        usmart.o
    0x0800d284   0x0800d284   0x0000005a   Code   RO         8143    x$fpl$dfixu         fz_wm.l(dfixu.o)
    0x0800d2de   0x0800d2de   0x0000009c   Code   RO         8172    x$fpl$dnaninf       fz_wm.l(dnaninf.o)
    0x0800d37a   0x0800d37a   0x0000000a   Code   RO         8285    x$fpl$fpinit        fz_wm.l(fpinit.o)
    0x0800d384   0x0800d384   0x00000000   Code   RO         8176    x$fpl$usenofp       fz_wm.l(usenofp.o)
    0x0800d384   0x0800d384   0x00000010   Data   RO          477    .constdata          system_stm32f7xx.o
    0x0800d394   0x0800d394   0x00000008   Data   RO          478    .constdata          system_stm32f7xx.o
    0x0800d39c   0x0800d39c   0x00000008   Data   RO          942    .constdata          stm32f7xx_hal_dma.o
    0x0800d3a4   0x0800d3a4   0x00004740   Data   RO         5266    .constdata          lcd.o
    0x08011ae4   0x08011ae4   0x000014e3   Data   RO         6336    .constdata          ov5640.o
    0x08012fc7   0x08012fc7   0x00000001   PAD
    0x08012fc8   0x08012fc8   0x00000024   Data   RO         6976    .constdata          malloc.o
    0x08012fec   0x08012fec   0x00000028   Data   RO         8079    .constdata          c_w.l(_printf_hex_int.o)
    0x08013014   0x08013014   0x00000011   Data   RO         8114    .constdata          c_w.l(__printf_flags_ss_wp.o)
    0x08013025   0x08013025   0x00000003   PAD
    0x08013028   0x08013028   0x00000028   Data   RO         6781    .conststring        usmart.o
    0x08013050   0x08013050   0x000002f6   Data   RO         6935    .conststring        usmart_config.o
    0x08013346   0x08013346   0x00000002   PAD
    0x08013348   0x08013348   0x00000020   Data   RO         8339    Region$$Table       anon$$obj.o


    Execution Region RW_IRAM1 (Exec base: 0x20020000, Load base: 0x08013368, Size: 0x00050818, Max: 0x00060000, ABSOLUTE, COMPRESSED[0x000000e0])

    Exec Addr    Load Addr    Size         Type   Attr      Idx    E Section Name        Object

    0x20020000   COMPRESSED   0x00000024   Data   RW            7    .data               main.o
    0x20020024   COMPRESSED   0x00000004   Data   RW          479    .data               system_stm32f7xx.o
    0x20020028   COMPRESSED   0x00000004   Data   RW          666    .data               stm32f7xx_hal.o
    0x2002002c   COMPRESSED   0x00000004   Data   RW         4972    .data               delay.o
    0x20020030   COMPRESSED   0x00000002   Data   RW         5063    .data               usart.o
    0x20020032   COMPRESSED   0x00000002   PAD
    0x20020034   COMPRESSED   0x00000004   Data   RW         5064    .data               usart.o
    0x20020038   COMPRESSED   0x00000008   Data   RW         5267    .data               lcd.o
    0x20020040   COMPRESSED   0x00000008   Data   RW         5470    .data               ltdc.o
    0x20020048   COMPRESSED   0x00000002   Data   RW         6105    .data               dcmi.o
    0x2002004a   COMPRESSED   0x00000002   PAD
    0x2002004c   COMPRESSED   0x00000024   Data   RW         6601    .data               mt9v034.o
    0x20020070   COMPRESSED   0x00000018   Data   RW         6701    .data               image.o
    0x20020088   COMPRESSED   0x0000001c   Data   RW         6782    .data               usmart.o
    0x200200a4   COMPRESSED   0x000000a0   Data   RW         6936    .data               usmart_config.o
    0x20020144   COMPRESSED   0x000000f4   Data   RW         6937    .data               usmart_config.o
    0x20020238   COMPRESSED   0x00000024   Data   RW         6977    .data               malloc.o
    0x2002025c   COMPRESSED   0x0000000c   Data   RW         7394    .data               exfuns.o
    0x20020268        -       0x00000138   Zero   RW         5062    .bss                usart.o
    0x200203a0        -       0x00000034   Zero   RW         5179    .bss                sdram.o
    0x200203d4        -       0x0000005a   Zero   RW         5265    .bss                lcd.o
    0x2002042e   COMPRESSED   0x00000002   PAD
    0x20020430        -       0x000000c8   Zero   RW         5468    .bss                ltdc.o
    0x200204f8        -       0x00000044   Zero   RW         6044    .bss                qspi.o
    0x2002053c        -       0x000000b0   Zero   RW         6104    .bss                dcmi.o
    0x200205ec        -       0x0000003c   Zero   RW         6507    .bss                timer.o
    0x20020628        -       0x0000003c   Zero   RW         6780    .bss                usmart.o
    0x20020664   COMPRESSED   0x0000001c   PAD
    0x20020680        -       0x0004b000   Zero   RW         6974    .bss                malloc.o
    0x2006b680        -       0x00004b00   Zero   RW         6975    .bss                malloc.o
    0x20070180        -       0x0000000c   Zero   RW         7389    .bss                exfuns.o
    0x2007018c        -       0x00000029   Zero   RW         7693    .bss                fontupd.o
    0x200701b5   COMPRESSED   0x00000003   PAD
    0x200701b8        -       0x00000060   Zero   RW         8217    .bss                c_w.l(libspace.o)
    0x20070218        -       0x00000200   Zero   RW          632    HEAP                startup_stm32f767xx.o
    0x20070418        -       0x00000400   Zero   RW          631    STACK               startup_stm32f767xx.o



  Load Region LR$$.ARM.__AT_0x20000000 (Base: 0x20000000, Size: 0x00000000, Max: 0x0000f000, ABSOLUTE)

    Execution Region ER$$.ARM.__AT_0x20000000 (Exec base: 0x20000000, Load base: 0x20000000, Size: 0x0000f000, Max: 0x0000f000, ABSOLUTE, UNINIT)

    Exec Addr    Load Addr    Size         Type   Attr      Idx    E Section Name        Object

    0x20000000        -       0x0000f000   Zero   RW         6970    .ARM.__AT_0x20000000  malloc.o



  Load Region LR$$.ARM.__AT_0x2000F000 (Base: 0x2000f000, Size: 0x00000000, Max: 0x00000f00, ABSOLUTE)

    Execution Region ER$$.ARM.__AT_0x2000F000 (Exec base: 0x2000f000, Load base: 0x2000f000, Size: 0x00000f00, Max: 0x00000f00, ABSOLUTE, UNINIT)

    Exec Addr    Load Addr    Size         Type   Attr      Idx    E Section Name        Object

    0x2000f000        -       0x00000f00   Zero   RW         6971    .ARM.__AT_0x2000F000  malloc.o



  Load Region LR$$.ARM.__AT_0xC0000000 (Base: 0xc0000000, Size: 0x00000000, Max: 0x001f4000, ABSOLUTE)

    Execution Region ER$$.ARM.__AT_0xC0000000 (Exec base: 0xc0000000, Load base: 0xc0000000, Size: 0x001f4000, Max: 0x001f4000, ABSOLUTE, UNINIT)

    Exec Addr    Load Addr    Size         Type   Attr      Idx    E Section Name        Object

    0xc0000000        -       0x001f4000   Zero   RW         5467    .ARM.__AT_0xC0000000  ltdc.o



  Load Region LR$$.ARM.__AT_0xC01F4000 (Base: 0xc01f4000, Size: 0x00000000, Max: 0x01c3c000, ABSOLUTE)

    Execution Region ER$$.ARM.__AT_0xC01F4000 (Exec base: 0xc01f4000, Load base: 0xc01f4000, Size: 0x01c3c000, Max: 0x01c3c000, ABSOLUTE, UNINIT)

    Exec Addr    Load Addr    Size         Type   Attr      Idx    E Section Name        Object

    0xc01f4000        -       0x01c3c000   Zero   RW         6972    .ARM.__AT_0xC01F4000  malloc.o



  Load Region LR$$.ARM.__AT_0xC1E30000 (Base: 0xc1e30000, Size: 0x00000000, Max: 0x001c3c00, ABSOLUTE)

    Execution Region ER$$.ARM.__AT_0xC1E30000 (Exec base: 0xc1e30000, Load base: 0xc1e30000, Size: 0x001c3c00, Max: 0x001c3c00, ABSOLUTE, UNINIT)

    Exec Addr    Load Addr    Size         Type   Attr      Idx    E Section Name        Object

    0xc1e30000        -       0x001c3c00   Zero   RW         6973    .ARM.__AT_0xC1E30000  malloc.o


==============================================================================

Image component sizes


      Code (inc. data)   RO Data    RW Data    ZI Data      Debug   Object Name

      1088        168          0          2        176      39836   dcmi.o
       148         14          0          4          0       2603   delay.o
       108         10          0         12         12       2249   exfuns.o
         0          0          0          0         41       1575   fontupd.o
       448          6          0         24          0       1737   image.o
     23460        204      18240          8         90     102193   lcd.o
        76          8          0          0          0        863   led.o
      1420        114          0          8    2048200       8524   ltdc.o
       748        190          0         36          0     482967   main.o
       364         38         36         36   31847936       5345   malloc.o
       282         64          0          0          0      34012   mpu.o
       730         22          0         36          0       5186   mt9v034.o
       764         30          0          0          0       4246   myiic.o
      1622         30       5347          0          0      12795   ov5640.o
       206         10          0          0          0       2065   pcf8574.o
       100         12          0          0         68       1854   qspi.o
       528         28          0          0          0       4254   sccb.o
       460         40          0          0         52       3168   sdram.o
        64         26        504          0       1536        832   startup_stm32f767xx.o
       106         22          0          4          0       3733   stm32f7xx_hal.o
       314         18          0          0          0      36536   stm32f7xx_hal_cortex.o
       432         10          0          0          0       5195   stm32f7xx_hal_dcmi.o
       668         22          8          0          0       4687   stm32f7xx_hal_dma.o
       628         20          0          0          0       3784   stm32f7xx_hal_gpio.o
      1024          6          0          0          0       4761   stm32f7xx_hal_ltdc.o
       124          8          0          0          0       1260   stm32f7xx_hal_pwr_ex.o
      1024          0          0          0          0       5598   stm32f7xx_hal_qspi.o
       772         76          0          0          0       4054   stm32f7xx_hal_rcc.o
      2956         66          0          0          0       3748   stm32f7xx_hal_rcc_ex.o
       148          0          0          0          0       2776   stm32f7xx_hal_sdram.o
        86          0          0          0          0       1232   stm32f7xx_hal_sram.o
      1190         20          0          0          0      11646   stm32f7xx_hal_tim.o
       468         10          0          0          0       3226   stm32f7xx_hal_tim_ex.o
      2278         42          0          0          0      10899   stm32f7xx_hal_uart.o
        18          0          0          0          0       3558   stm32f7xx_it.o
       682         16          0          0          0       6100   stm32f7xx_ll_fmc.o
       292         30          0          0          0      33529   sys.o
        96         20         24          4          0       1167   system_stm32f7xx.o
       636         12          0          0          0       3929   text.o
       104         32          0          0         60       2219   timer.o
       322         36          0          6        312       4787   usart.o
      2948       1342         40         28         60       7195   usmart.o
         0          0        758        404          0       1556   usmart_config.o
      1882         22          0          0          0      11015   usmart_str.o
        50          0          0          0          0       1881   w25qxx.o

    ----------------------------------------------------------------------
     51906       2848      24992        616   33898576     896375   Object Totals
         0          0         32          0          0          0   (incl. Generated)
        42          4          3          4         33          0   (incl. Padding)

    ----------------------------------------------------------------------

      Code (inc. data)   RO Data    RW Data    ZI Data      Debug   Library Member Name

        90          0          0          0          0          0   __dczerorl2.o
         8          0          0          0          0         68   __main.o
       392          4         17          0          0         92   __printf_flags_ss_wp.o
        14          0          0          0          0         68   __printf_wp.o
         0          0          0          0          0          0   __rtentry.o
        12          0          0          0          0          0   __rtentry2.o
         6          0          0          0          0          0   __rtentry4.o
        52          8          0          0          0          0   __scatter.o
        28          0          0          0          0          0   __scatter_zi.o
         6          0          0          0          0          0   _printf_c.o
        44          0          0          0          0        108   _printf_char.o
        48          6          0          0          0         96   _printf_char_common.o
        36          4          0          0          0         80   _printf_char_file.o
         6          0          0          0          0          0   _printf_d.o
       120         16          0          0          0         92   _printf_dec.o
        88          4         40          0          0         88   _printf_hex_int.o
       178          0          0          0          0         88   _printf_intcommon.o
        78          0          0          0          0        108   _printf_pad.o
         0          0          0          0          0          0   _printf_percent.o
         4          0          0          0          0          0   _printf_percent_end.o
         6          0          0          0          0          0   _printf_s.o
        82          0          0          0          0         80   _printf_str.o
         6          0          0          0          0          0   _printf_u.o
         6          0          0          0          0          0   _printf_x.o
        18          0          0          0          0         80   exit.o
         8          0          0          0          0         68   ferror.o
         6          0          0          0          0        152   heapauxi.o
         2          0          0          0          0          0   libinit.o
         6          0          0          0          0          0   libinit2.o
         2          0          0          0          0          0   libshutdown.o
         2          0          0          0          0          0   libshutdown2.o
         8          4          0          0         96         68   libspace.o
        24          4          0          0          0         84   noretval__2printf.o
         2          0          0          0          0          0   rtexit.o
        10          0          0          0          0          0   rtexit2.o
        74          0          0          0          0         80   sys_stackheap_outer.o
         2          0          0          0          0         68   use_no_semi.o
         2          0          0          0          0         68   use_no_semi_2.o
        90          4          0          0          0        140   dfixu.o
       156          4          0          0          0        140   dnaninf.o
        10          0          0          0          0        116   fpinit.o
         0          0          0          0          0          0   usenofp.o

    ----------------------------------------------------------------------
      1738         58         60          0         96       2032   Library Totals
         6          0          3          0          0          0   (incl. Padding)

    ----------------------------------------------------------------------

      Code (inc. data)   RO Data    RW Data    ZI Data      Debug   Library Name

      1476         50         57          0         96       1636   c_w.l
       256          8          0          0          0        396   fz_wm.l

    ----------------------------------------------------------------------
      1738         58         60          0         96       2032   Library Totals

    ----------------------------------------------------------------------

==============================================================================


      Code (inc. data)   RO Data    RW Data    ZI Data      Debug   

     53644       2906      25052        616   33898672     877927   Grand Totals
     53644       2906      25052        224   33898672     877927   ELF Image Totals (compressed)
     53644       2906      25052        224          0          0   ROM Totals

==============================================================================

    Total RO  Size (Code + RO Data)                78696 (  76.85kB)
    Total RW  Size (RW Data + ZI Data)          33899288 (33104.77kB)
    Total ROM Size (Code + RO Data + RW Data)      78920 (  77.07kB)

==============================================================================

